Archive member included to satisfy reference by file (symbol)

c:/program files (x86)/arm gnu toolchain arm-none-eabi/11.2 2022.02/bin/../lib/gcc/arm-none-eabi/11.2.1/thumb/v7e-m/nofp\libgcc.a(_arm_mulsf3.o)
                              out/Obj/pwm.o (__aeabi_fmul)
c:/program files (x86)/arm gnu toolchain arm-none-eabi/11.2 2022.02/bin/../lib/gcc/arm-none-eabi/11.2.1/thumb/v7e-m/nofp\libgcc.a(_arm_addsubsf3.o)
                              out/Obj/pwm.o (__aeabi_ui2f)
c:/program files (x86)/arm gnu toolchain arm-none-eabi/11.2 2022.02/bin/../lib/gcc/arm-none-eabi/11.2.1/thumb/v7e-m/nofp\libgcc.a(_arm_muldivsf3.o)
                              out/Obj/pwm.o (__aeabi_fdiv)
c:/program files (x86)/arm gnu toolchain arm-none-eabi/11.2 2022.02/bin/../lib/gcc/arm-none-eabi/11.2.1/thumb/v7e-m/nofp\libgcc.a(_arm_cmpsf2.o)
                              out/Obj/pwm.o (__aeabi_fcmpgt)
c:/program files (x86)/arm gnu toolchain arm-none-eabi/11.2 2022.02/bin/../lib/gcc/arm-none-eabi/11.2.1/thumb/v7e-m/nofp\libgcc.a(_arm_fixunssfsi.o)
                              out/Obj/pwm.o (__aeabi_f2uiz)
c:/program files (x86)/arm gnu toolchain arm-none-eabi/11.2 2022.02/bin/../lib/gcc/arm-none-eabi/11.2.1/thumb/v7e-m/nofp\libc_nano.a(lib_a-errno.o)
                              out/Obj/syscalls.o (__errno)
c:/program files (x86)/arm gnu toolchain arm-none-eabi/11.2 2022.02/bin/../lib/gcc/arm-none-eabi/11.2.1/thumb/v7e-m/nofp\libc_nano.a(lib_a-exit.o)
                              c:/program files (x86)/arm gnu toolchain arm-none-eabi/11.2 2022.02/bin/../lib/gcc/arm-none-eabi/11.2.1/thumb/v7e-m/nofp/crt0.o (exit)
c:/program files (x86)/arm gnu toolchain arm-none-eabi/11.2 2022.02/bin/../lib/gcc/arm-none-eabi/11.2.1/thumb/v7e-m/nofp\libc_nano.a(lib_a-impure.o)
                              c:/program files (x86)/arm gnu toolchain arm-none-eabi/11.2 2022.02/bin/../lib/gcc/arm-none-eabi/11.2.1/thumb/v7e-m/nofp\libc_nano.a(lib_a-exit.o) (_global_impure_ptr)
c:/program files (x86)/arm gnu toolchain arm-none-eabi/11.2 2022.02/bin/../lib/gcc/arm-none-eabi/11.2.1/thumb/v7e-m/nofp\libc_nano.a(lib_a-init.o)
                              c:/program files (x86)/arm gnu toolchain arm-none-eabi/11.2 2022.02/bin/../lib/gcc/arm-none-eabi/11.2.1/thumb/v7e-m/nofp/crt0.o (__libc_init_array)
c:/program files (x86)/arm gnu toolchain arm-none-eabi/11.2 2022.02/bin/../lib/gcc/arm-none-eabi/11.2.1/thumb/v7e-m/nofp\libc_nano.a(lib_a-malloc.o)
                              out/Obj/imu.o (malloc)
c:/program files (x86)/arm gnu toolchain arm-none-eabi/11.2 2022.02/bin/../lib/gcc/arm-none-eabi/11.2.1/thumb/v7e-m/nofp\libc_nano.a(lib_a-memcmp.o)
                              out/Obj/imu.o (memcmp)
c:/program files (x86)/arm gnu toolchain arm-none-eabi/11.2 2022.02/bin/../lib/gcc/arm-none-eabi/11.2.1/thumb/v7e-m/nofp\libc_nano.a(lib_a-memset.o)
                              c:/program files (x86)/arm gnu toolchain arm-none-eabi/11.2 2022.02/bin/../lib/gcc/arm-none-eabi/11.2.1/thumb/v7e-m/nofp/crt0.o (memset)
c:/program files (x86)/arm gnu toolchain arm-none-eabi/11.2 2022.02/bin/../lib/gcc/arm-none-eabi/11.2.1/thumb/v7e-m/nofp\libc_nano.a(lib_a-nano-freer.o)
                              c:/program files (x86)/arm gnu toolchain arm-none-eabi/11.2 2022.02/bin/../lib/gcc/arm-none-eabi/11.2.1/thumb/v7e-m/nofp\libc_nano.a(lib_a-malloc.o) (_free_r)
c:/program files (x86)/arm gnu toolchain arm-none-eabi/11.2 2022.02/bin/../lib/gcc/arm-none-eabi/11.2.1/thumb/v7e-m/nofp\libc_nano.a(lib_a-nano-mallocr.o)
                              c:/program files (x86)/arm gnu toolchain arm-none-eabi/11.2 2022.02/bin/../lib/gcc/arm-none-eabi/11.2.1/thumb/v7e-m/nofp\libc_nano.a(lib_a-malloc.o) (_malloc_r)
c:/program files (x86)/arm gnu toolchain arm-none-eabi/11.2 2022.02/bin/../lib/gcc/arm-none-eabi/11.2.1/thumb/v7e-m/nofp\libc_nano.a(lib_a-puts.o)
                              out/Obj/main.o (puts)
c:/program files (x86)/arm gnu toolchain arm-none-eabi/11.2 2022.02/bin/../lib/gcc/arm-none-eabi/11.2.1/thumb/v7e-m/nofp\libc_nano.a(lib_a-sbrkr.o)
                              c:/program files (x86)/arm gnu toolchain arm-none-eabi/11.2 2022.02/bin/../lib/gcc/arm-none-eabi/11.2.1/thumb/v7e-m/nofp\libc_nano.a(lib_a-nano-mallocr.o) (_sbrk_r)
c:/program files (x86)/arm gnu toolchain arm-none-eabi/11.2 2022.02/bin/../lib/gcc/arm-none-eabi/11.2.1/thumb/v7e-m/nofp\libc_nano.a(lib_a-wbuf.o)
                              c:/program files (x86)/arm gnu toolchain arm-none-eabi/11.2 2022.02/bin/../lib/gcc/arm-none-eabi/11.2.1/thumb/v7e-m/nofp\libc_nano.a(lib_a-puts.o) (__swbuf_r)
c:/program files (x86)/arm gnu toolchain arm-none-eabi/11.2 2022.02/bin/../lib/gcc/arm-none-eabi/11.2.1/thumb/v7e-m/nofp\libc_nano.a(lib_a-wsetup.o)
                              c:/program files (x86)/arm gnu toolchain arm-none-eabi/11.2 2022.02/bin/../lib/gcc/arm-none-eabi/11.2.1/thumb/v7e-m/nofp\libc_nano.a(lib_a-puts.o) (__swsetup_r)
[...]
Memory Configuration

Name             Origin             Length             Attributes
FLASH            0x08000000         0x00040000         xr
SRAM             0x20000000         0x00010000         xrw
*default*        0x00000000         0xffffffff

Linker script and memory map

LOAD c:/program files (x86)/arm gnu toolchain arm-none-eabi/11.2 2022.02/bin/../lib/gcc/arm-none-eabi/11.2.1/thumb/v7e-m/nofp/crti.o
LOAD c:/program files (x86)/arm gnu toolchain arm-none-eabi/11.2 2022.02/bin/../lib/gcc/arm-none-eabi/11.2.1/thumb/v7e-m/nofp/crtbegin.o
LOAD c:/program files (x86)/arm gnu toolchain arm-none-eabi/11.2 2022.02/bin/../lib/gcc/arm-none-eabi/11.2.1/thumb/v7e-m/nofp/crt0.o
LOAD out/Obj/led.o
LOAD out/Obj/syscalls.o
LOAD out/Obj/sw_init.o
LOAD out/Obj/cortex.o
LOAD out/Obj/platform.o
LOAD out/Obj/task_scheduler.o
LOAD out/Obj/imu.o
LOAD out/Obj/i2c.o
LOAD out/Obj/rotary_encoder.o
LOAD out/Obj/pwm.o
LOAD out/Obj/timer.o
LOAD out/Obj/gpio.o
LOAD out/Obj/stm32_startup.o
LOAD out/Obj/main.o
START GROUP
LOAD c:/program files (x86)/arm gnu toolchain arm-none-eabi/11.2 2022.02/bin/../lib/gcc/arm-none-eabi/11.2.1/thumb/v7e-m/nofp\libgcc.a
LOAD c:/program files (x86)/arm gnu toolchain arm-none-eabi/11.2 2022.02/bin/../lib/gcc/arm-none-eabi/11.2.1/thumb/v7e-m/nofp\libc_nano.a
END GROUP
START GROUP
LOAD c:/program files (x86)/arm gnu toolchain arm-none-eabi/11.2 2022.02/bin/../lib/gcc/arm-none-eabi/11.2.1/thumb/v7e-m/nofp\libgcc.a
LOAD c:/program files (x86)/arm gnu toolchain arm-none-eabi/11.2 2022.02/bin/../lib/gcc/arm-none-eabi/11.2.1/thumb/v7e-m/nofp\libc_nano.a
END GROUP
LOAD c:/program files (x86)/arm gnu toolchain arm-none-eabi/11.2 2022.02/bin/../lib/gcc/arm-none-eabi/11.2.1/thumb/v7e-m/nofp/crtend.o
LOAD c:/program files (x86)/arm gnu toolchain arm-none-eabi/11.2 2022.02/bin/../lib/gcc/arm-none-eabi/11.2.1/thumb/v7e-m/nofp/crtn.o

.text           0x08000000     0x9a10
 *(.isr_vector)
 .isr_vector    0x08000000      0x18c out/Obj/stm32_startup.o
                0x08000000                vectors
 *(.imu_dmp_fw)
 .imu_dmp_fw    0x0800018c      0xbf6 out/Obj/led.o
 *fill*         0x08000d82        0x2 
 .imu_dmp_fw    0x08000d84      0xbf6 out/Obj/sw_init.o
 *fill*         0x0800197a        0x2 
 .imu_dmp_fw    0x0800197c      0xbf6 out/Obj/platform.o
 *fill*         0x08002572        0x2 
 .imu_dmp_fw    0x08002574      0xbf6 out/Obj/task_scheduler.o
 *fill*         0x0800316a        0x2 
 .imu_dmp_fw    0x0800316c      0xbf6 out/Obj/imu.o
 *fill*         0x08003d62        0x2 
 .imu_dmp_fw    0x08003d64      0xbf6 out/Obj/gpio.o
 *fill*         0x0800495a        0x2 
 .imu_dmp_fw    0x0800495c      0xbf6 out/Obj/main.o
 *(.text)
 .text          0x08005552        0x0 c:/program files (x86)/arm gnu toolchain arm-none-eabi/11.2 2022.02/bin/../lib/gcc/arm-none-eabi/11.2.1/thumb/v7e-m/nofp/crti.o
 .text          0x08005552        0x0 c:/program files (x86)/arm gnu toolchain arm-none-eabi/11.2 2022.02/bin/../lib/gcc/arm-none-eabi/11.2.1/thumb/v7e-m/nofp/crtbegin.o
 *fill*         0x08005552        0x2 
 .text          0x08005554       0x7c c:/program files (x86)/arm gnu toolchain arm-none-eabi/11.2 2022.02/bin/../lib/gcc/arm-none-eabi/11.2.1/thumb/v7e-m/nofp/crt0.o
                0x08005554                _stack_init
                0x0800555c                _start
                0x0800555c                _mainCRTStartup
 .text          0x080055d0       0x9e out/Obj/led.o
                0x080055d0                led_init
                0x08005614                led_on
                0x08005640                led_off
 *fill*         0x0800566e        0x2 
 .text          0x08005670      0x25c out/Obj/syscalls.o
                0x08005670                initialise_monitor_handles
                0x0800567c                _getpid
                0x0800568a                _kill
                0x080056aa                _exit
                0x080056be                _read
                0x080056f8                _write
                0x08005730                _close
                0x08005746                _fstat
                0x08005764                _isatty
                0x08005778                _lseek
                0x08005790                _open
                0x080057aa                _wait
                0x080057c8                _unlink
                0x080057e6                _times
                0x080057fc                _stat
                0x0800581a                _link
                0x0800583a                _fork
                0x08005850                _execve
                0x08005872                _sbrk
 .text          0x080058cc       0x64 out/Obj/sw_init.o
                0x080058cc                sw_hw_init
 .text          0x08005930       0xa8 out/Obj/cortex.o
                0x08005930                init_systick_timer
                0x080059a8                enable_configurable_sys_faults
 .text          0x080059d8      0x198 out/Obj/platform.o
                0x080059d8                sys_clock_init
                0x08005b34                delay
 .text          0x08005b70      0x4bc out/Obj/task_scheduler.o
                0x08005b70                unblock_tasks
                0x08005c24                init_schedulaer_stack
                0x08005c2e                init_tasks_stack
                0x08005d90                update_global_tick_count
                0x08005dac                schedule
                0x08005dd0                get_psp_value
                0x08005df8                save_psp_value
                0x08005e28                update_next_task
                0x08005eb8                switch_sp_to_psp
                0x08005ed2                lock_task
                0x08005f40                task_delay
                0x08005fcc                taskStackTraceDepth
 .text          0x0800602c     0x13fc out/Obj/imu.o
                0x0800602c                get_raw_measurements
                0x08006060                process_raw_measurements
                0x080060b0                sensorMeanMeasurements
                0x080061cc                calibrateMpu6050
                0x0800650e                readGyroConfig
                0x0800653e                setAccConfig
                0x0800656a                readAccConfig
                0x0800659a                set_mem_bank
                0x08006600                set_mem_start_address
                0x08006632                read_mem_byte
                0x0800665c                checkOTPbankvalidity
                0x08006686                setOTPbankValid
                0x080066c0                setSlaveAddress
                0x08006712                setI2CMasterMode
                0x0800674c                resetI2Cmaster
                0x08006782                resetIMU
                0x080067b8                setIMUtoSleepEnable
                0x080067f2                setIMUclockSrc
                0x08006846                enableDmpInt
                0x0800688a                setDMPConfig1
                0x080068bc                setDMPConfig2
                0x080068e6                setIMUsmplrt
                0x08006914                setDLPF
                0x08006942                readFifoByteCount
                0x08006982                resetFifo
                0x080069c6                enableFifo
                0x08006a0a                configFifoInterrupt
                0x08006a34                configUserControlReg
                0x08006a5e                enableMeasurementsToFifo
                0x08006a88                resetDMP
                0x08006acc                enableDMP
                0x08006b10                getIntStatus
                0x08006b54                readFifoBytes
                0x08006b8c                getDMPpacket
                0x08006c84                fullIMUReset
                0x08006cac                setGyroXoffset
                0x08006cee                setGyroYoffset
                0x08006d30                setGyroZoffset
                0x08006d72                readGyroXoffset
                0x08006da2                readGyroYoffset
                0x08006dd2                readGyroZoffset
                0x08006e02                setAccXoffset
                0x08006e74                setAccYoffset
                0x08006ee6                setAccZoffset
                0x08006f58                readAccXoffset
                0x08006f88                readAccYoffset
                0x08006fb8                readAccZoffset
                0x08006fe8                writeMemBlock
                0x080071a4                writeDMPfw
                0x080071d8                read_mpu_config
                0x080072c4                imu_init
 .text          0x08007428      0x7e4 out/Obj/i2c.o
                0x08007428                i2c_send_start
                0x08007446                i2c_read
                0x080074cc                i2c_write
                0x08007554                i2c_write_bit
                0x080075de                i2c_write_bits
                0x0800764e                i2c_ev_IRQhandler
                0x08007880                I2C1_EV_IRQHandler
                0x0800788c                I2C1_ER_IRQHandler
                0x08007984                i2cInit
 .text          0x08007c0c      0x10e out/Obj/rotary_encoder.o
                0x08007c0c                reEncoderInit
                0x08007c86                checkEncoderStateChange
 *fill*         0x08007d1a        0x2 
 .text          0x08007d1c       0xd8 out/Obj/pwm.o
                0x08007d1c                pwmInit
                0x08007d74                pwmSetDutyCycle
                0x08007de0                pwmSetFreq
 .text          0x08007df4      0x264 out/Obj/timer.o
                0x08007df4                setup_timer_mode
                0x08007e54                setup_timer_oc_mode
                0x08007f2e                setup_timer_freq
                0x08007f4c                timer_enable_counter
                0x08007f6e                timer_enable_oc_channel
                0x08007f9a                timer_set_prescaler
                0x08007fb6                timer_setup
                0x0800801c                enableBustToTimerPeriph
 .text          0x08008058      0x178 out/Obj/gpio.o
                0x08008058                setGpioMode
                0x0800808c                setGpioOutput
                0x080080be                setGpioAlternateFunction
                0x08008136                setGpioPupDR
                0x08008178                enableBusToGpioPort
                0x080081a4                readGpioInput
 .text          0x080081d0       0x90 out/Obj/stm32_startup.o
                0x080081d0                RTC_Alarm_IRQHandler
                0x080081d0                EXTI2_IRQHandler
                0x080081d0                DebugMon_Handler
                0x080081d0                SPI4_IRQHandler
                0x080081d0                TIM1_CC_IRQHandler
                0x080081d0                DMA2_Stream5_IRQHandler
                0x080081d0                DMA1_Stream5_IRQHandler
                0x080081d0                PVD_IRQHandler
                0x080081d0                SDIO_IRQHandler
                0x080081d0                TAMP_STAMP_IRQHandler
                0x080081d0                NMI_Handler
                0x080081d0                EXTI3_IRQHandler
                0x080081d0                TIM1_UP_TIM10_IRQHandler
                0x080081d0                I2C3_ER_IRQHandler
                0x080081d0                EXTI0_IRQHandler
                0x080081d0                I2C2_EV_IRQHandler
                0x080081d0                DMA1_Stream2_IRQHandler
                0x080081d0                FPU_IRQHandler
                0x080081d0                DMA2_Stream2_IRQHandler
                0x080081d0                SPI1_IRQHandler
                0x080081d0                TIM1_BRK_TIM9_IRQHandler
                0x080081d0                DMA2_Stream3_IRQHandler
                0x080081d0                USART6_IRQHandler
                0x080081d0                Flash_IRQHandler
                0x080081d0                DMA2_Stream6_IRQHandler
                0x080081d0                DMA2_Stream0_IRQHandler
                0x080081d0                TIM4_IRQHandler
                0x080081d0                DMA1_Stream6_IRQHandler
                0x080081d0                DMA1_Stream1_IRQHandler
                0x080081d0                TIM3_IRQHandler
                0x080081d0                RCC_IRQHandler
                0x080081d0                Default_Handler
                0x080081d0                EXTI15_10_IRQHandler
                0x080081d0                ADC_IRQHandler
                0x080081d0                DMA1_Stream7_IRQHandler
                0x080081d0                TIM7_IRQHandler
                0x080081d0                TIM5_IRQHandler
                0x080081d0                DMA2_Stream7_IRQHandler
                0x080081d0                I2C3_EV_IRQHandler
                0x080081d0                EXTI9_5_IRQHandler
                0x080081d0                RTC_WKUP_IRQHandler
                0x080081d0                SPI2_IRQHandler
                0x080081d0                DMA1_Stream0_IRQHandler
                0x080081d0                SVC_Handler
                0x080081d0                EXTI4_IRQHandler
                0x080081d0                WWDG_IRQHandler
                0x080081d0                TIM2_IRQHandler
                0x080081d0                OTG_FS_WKUP_IRQHandler
                0x080081d0                TIM1_TRG_COM_TIM11_IRQHandler
                0x080081d0                EXTI1_IRQHandler
                0x080081d0                USART2_IRQHandler
                0x080081d0                I2C2_ER_IRQHandler
                0x080081d0                DMA2_Stream1_IRQHandler
                0x080081d0                DMA2_Stream4_IRQHandler
                0x080081d0                USART1_IRQHandler
                0x080081d0                OTG_FS_IRQHandler
                0x080081d0                SPI3_IRQHandler
                0x080081d0                DMA1_Stream4_IRQHandler
                0x080081d0                DMA1_Stream3_IRQHandler
                0x080081d6                Reset_Handler
 .text          0x08008260      0x35c out/Obj/main.o
                0x08008260                main
                0x080082b4                task1_handler
                0x080082fc                task2_handler
                0x08008328                task3_handler
                0x08008350                task4_handler
                0x08008360                task5_handler
                0x0800839c                task6_handler
                0x080083a4                PendSV_Handler
                0x080083cc                SysTick_Handler
                0x08008470                MemManage_Handler
                0x0800847a                MemManage_Handler_c
                0x080084c8                BusFault_Handler
                0x080084d2                BusFault_Handler_c
                0x08008524                UsageFault_Handler
                0x0800852e                UsageFault_Handler_c
                0x08008574                HardFault_Handler
                0x0800857e                HardFault_Handler_c
 .text          0x080085bc      0x168 c:/program files (x86)/arm gnu toolchain arm-none-eabi/11.2 2022.02/bin/../lib/gcc/arm-none-eabi/11.2.1/thumb/v7e-m/nofp\libgcc.a(_arm_mulsf3.o)
 .text          0x08008724      0x21c c:/program files (x86)/arm gnu toolchain arm-none-eabi/11.2 2022.02/bin/../lib/gcc/arm-none-eabi/11.2.1/thumb/v7e-m/nofp\libgcc.a(_arm_addsubsf3.o)
                0x08008724                __aeabi_frsub
                0x0800872c                __subsf3
                0x0800872c                __aeabi_fsub
                0x08008730                __aeabi_fadd
                0x08008730                __addsf3
                0x08008890                __aeabi_ui2f
                0x08008890                __floatunsisf
                0x08008898                __aeabi_i2f
                0x08008898                __floatsisf
                0x080088b4                __aeabi_ul2f
                0x080088b4                __floatundisf
                0x080088c4                __aeabi_l2f
                0x080088c4                __floatdisf
 .text          0x08008940      0x2a0 c:/program files (x86)/arm gnu toolchain arm-none-eabi/11.2 2022.02/bin/../lib/gcc/arm-none-eabi/11.2.1/thumb/v7e-m/nofp\libgcc.a(_arm_muldivsf3.o)
                0x08008940                __mulsf3
                0x08008940                __aeabi_fmul
                0x08008aa8                __aeabi_fdiv
                0x08008aa8                __divsf3
 .text          0x08008be0       0xec c:/program files (x86)/arm gnu toolchain arm-none-eabi/11.2 2022.02/bin/../lib/gcc/arm-none-eabi/11.2.1/thumb/v7e-m/nofp\libgcc.a(_arm_cmpsf2.o)
                0x08008be0                __gesf2
                0x08008be0                __gtsf2
                0x08008be8                __lesf2
                0x08008be8                __ltsf2
                0x08008bf0                __nesf2
                0x08008bf0                __eqsf2
                0x08008bf0                __cmpsf2
                0x08008c50                __aeabi_cfrcmple
                0x08008c58                __aeabi_cfcmpeq
                0x08008c58                __aeabi_cfcmple
                0x08008c68                __aeabi_fcmpeq
                0x08008c7c                __aeabi_fcmplt
                0x08008c90                __aeabi_fcmple
                0x08008ca4                __aeabi_fcmpge
                0x08008cb8                __aeabi_fcmpgt
 .text          0x08008ccc       0x40 c:/program files (x86)/arm gnu toolchain arm-none-eabi/11.2 2022.02/bin/../lib/gcc/arm-none-eabi/11.2.1/thumb/v7e-m/nofp\libgcc.a(_arm_fixunssfsi.o)
                0x08008ccc                __fixunssfsi
                0x08008ccc                __aeabi_f2uiz
 .text          0x08008d0c        0x0 c:/program files (x86)/arm gnu toolchain arm-none-eabi/11.2 2022.02/bin/../lib/gcc/arm-none-eabi/11.2.1/thumb/v7e-m/nofp\libc_nano.a(lib_a-errno.o)
 .text          0x08008d0c        0x0 c:/program files (x86)/arm gnu toolchain arm-none-eabi/11.2 2022.02/bin/../lib/gcc/arm-none-eabi/11.2.1/thumb/v7e-m/nofp\libc_nano.a(lib_a-exit.o)
 .text          0x08008d0c        0x0 c:/program files (x86)/arm gnu toolchain arm-none-eabi/11.2 2022.02/bin/../lib/gcc/arm-none-eabi/11.2.1/thumb/v7e-m/nofp\libc_nano.a(lib_a-impure.o)
 .text          0x08008d0c        0x0 c:/program files (x86)/arm gnu toolchain arm-none-eabi/11.2 2022.02/bin/../lib/gcc/arm-none-eabi/11.2.1/thumb/v7e-m/nofp\libc_nano.a(lib_a-init.o)
 .text          0x08008d0c        0x0 c:/program files (x86)/arm gnu toolchain arm-none-eabi/11.2 2022.02/bin/../lib/gcc/arm-none-eabi/11.2.1/thumb/v7e-m/nofp\libc_nano.a(lib_a-malloc.o)
 .text          0x08008d0c        0x0 c:/program files (x86)/arm gnu toolchain arm-none-eabi/11.2 2022.02/bin/../lib/gcc/arm-none-eabi/11.2.1/thumb/v7e-m/nofp\libc_nano.a(lib_a-memcmp.o)
 .text          0x08008d0c        0x0 c:/program files (x86)/arm gnu toolchain arm-none-eabi/11.2 2022.02/bin/../lib/gcc/arm-none-eabi/11.2.1/thumb/v7e-m/nofp\libc_nano.a(lib_a-memset.o)
 .text          0x08008d0c        0x0 c:/program files (x86)/arm gnu toolchain arm-none-eabi/11.2 2022.02/bin/../lib/gcc/arm-none-eabi/11.2.1/thumb/v7e-m/nofp\libc_nano.a(lib_a-nano-freer.o)
 .text          0x08008d0c        0x0 c:/program files (x86)/arm gnu toolchain arm-none-eabi/11.2 2022.02/bin/../lib/gcc/arm-none-eabi/11.2.1/thumb/v7e-m/nofp\libc_nano.a(lib_a-nano-mallocr.o)
 .text          0x08008d0c        0x0 c:/program files (x86)/arm gnu toolchain arm-none-eabi/11.2 2022.02/bin/../lib/gcc/arm-none-eabi/11.2.1/thumb/v7e-m/nofp\libc_nano.a(lib_a-puts.o)
 .text          0x08008d0c        0x0 c:/program files (x86)/arm gnu toolchain arm-none-eabi/11.2 2022.02/bin/../lib/gcc/arm-none-eabi/11.2.1/thumb/v7e-m/nofp\libc_nano.a(lib_a-sbrkr.o)
 .text          0x08008d0c        0x0 c:/program files (x86)/arm gnu toolchain arm-none-eabi/11.2 2022.02/bin/../lib/gcc/arm-none-eabi/11.2.1/thumb/v7e-m/nofp\libc_nano.a(lib_a-wbuf.o)
 .text          0x08008d0c        0x0 c:/program files (x86)/arm gnu toolchain arm-none-eabi/11.2 2022.02/bin/../lib/gcc/arm-none-eabi/11.2.1/thumb/v7e-m/nofp\libc_nano.a(lib_a-wsetup.o)
 .text          0x08008d0c        0x0 c:/program files (x86)/arm gnu toolchain arm-none-eabi/11.2 2022.02/bin/../lib/gcc/arm-none-eabi/11.2.1/thumb/v7e-m/nofp\libc_nano.a(lib_a-fflush.o)
 .text          0x08008d0c        0x0 c:/program files (x86)/arm gnu toolchain arm-none-eabi/11.2 2022.02/bin/../lib/gcc/arm-none-eabi/11.2.1/thumb/v7e-m/nofp\libc_nano.a(lib_a-findfp.o)
 .text          0x08008d0c        0x0 c:/program files (x86)/arm gnu toolchain arm-none-eabi/11.2 2022.02/bin/../lib/gcc/arm-none-eabi/11.2.1/thumb/v7e-m/nofp\libc_nano.a(lib_a-fwalk.o)
 .text          0x08008d0c        0x0 c:/program files (x86)/arm gnu toolchain arm-none-eabi/11.2 2022.02/bin/../lib/gcc/arm-none-eabi/11.2.1/thumb/v7e-m/nofp\libc_nano.a(lib_a-makebuf.o)
 .text          0x08008d0c        0x0 c:/program files (x86)/arm gnu toolchain arm-none-eabi/11.2 2022.02/bin/../lib/gcc/arm-none-eabi/11.2.1/thumb/v7e-m/nofp\libc_nano.a(lib_a-mlock.o)
 .text          0x08008d0c        0x0 c:/program files (x86)/arm gnu toolchain arm-none-eabi/11.2 2022.02/bin/../lib/gcc/arm-none-eabi/11.2.1/thumb/v7e-m/nofp\libc_nano.a(lib_a-reent.o)
 .text          0x08008d0c        0x0 c:/program files (x86)/arm gnu toolchain arm-none-eabi/11.2 2022.02/bin/../lib/gcc/arm-none-eabi/11.2.1/thumb/v7e-m/nofp\libc_nano.a(lib_a-stdio.o)
 .text          0x08008d0c        0x0 c:/program files (x86)/arm gnu toolchain arm-none-eabi/11.2 2022.02/bin/../lib/gcc/arm-none-eabi/11.2.1/thumb/v7e-m/nofp\libc_nano.a(lib_a-writer.o)
 .text          0x08008d0c        0x0 c:/program files (x86)/arm gnu toolchain arm-none-eabi/11.2 2022.02/bin/../lib/gcc/arm-none-eabi/11.2.1/thumb/v7e-m/nofp\libc_nano.a(lib_a-closer.o)
 .text          0x08008d0c        0x0 c:/program files (x86)/arm gnu toolchain arm-none-eabi/11.2 2022.02/bin/../lib/gcc/arm-none-eabi/11.2.1/thumb/v7e-m/nofp\libc_nano.a(lib_a-fstatr.o)
 .text          0x08008d0c        0x0 c:/program files (x86)/arm gnu toolchain arm-none-eabi/11.2 2022.02/bin/../lib/gcc/arm-none-eabi/11.2.1/thumb/v7e-m/nofp\libc_nano.a(lib_a-isattyr.o)
 .text          0x08008d0c        0x0 c:/program files (x86)/arm gnu toolchain arm-none-eabi/11.2 2022.02/bin/../lib/gcc/arm-none-eabi/11.2.1/thumb/v7e-m/nofp\libc_nano.a(lib_a-lseekr.o)
 .text          0x08008d0c        0x0 c:/program files (x86)/arm gnu toolchain arm-none-eabi/11.2 2022.02/bin/../lib/gcc/arm-none-eabi/11.2.1/thumb/v7e-m/nofp\libc_nano.a(lib_a-readr.o)
 .text          0x08008d0c        0x0 c:/program files (x86)/arm gnu toolchain arm-none-eabi/11.2 2022.02/bin/../lib/gcc/arm-none-eabi/11.2.1/thumb/v7e-m/nofp/crtend.o
 .text          0x08008d0c        0x0 c:/program files (x86)/arm gnu toolchain arm-none-eabi/11.2 2022.02/bin/../lib/gcc/arm-none-eabi/11.2.1/thumb/v7e-m/nofp/crtn.o
 *(.text.*)
 .text.deregister_tm_clones
                0x08008d0c       0x1c c:/program files (x86)/arm gnu toolchain arm-none-eabi/11.2 2022.02/bin/../lib/gcc/arm-none-eabi/11.2.1/thumb/v7e-m/nofp/crtbegin.o
 .text.register_tm_clones
                0x08008d28       0x24 c:/program files (x86)/arm gnu toolchain arm-none-eabi/11.2 2022.02/bin/../lib/gcc/arm-none-eabi/11.2.1/thumb/v7e-m/nofp/crtbegin.o
 .text.__do_global_dtors_aux
                0x08008d4c       0x28 c:/program files (x86)/arm gnu toolchain arm-none-eabi/11.2 2022.02/bin/../lib/gcc/arm-none-eabi/11.2.1/thumb/v7e-m/nofp/crtbegin.o
 .text.frame_dummy
                0x08008d74       0x24 c:/program files (x86)/arm gnu toolchain arm-none-eabi/11.2 2022.02/bin/../lib/gcc/arm-none-eabi/11.2.1/thumb/v7e-m/nofp/crtbegin.o
 .text.__errno  0x08008d98        0xc c:/program files (x86)/arm gnu toolchain arm-none-eabi/11.2 2022.02/bin/../lib/gcc/arm-none-eabi/11.2.1/thumb/v7e-m/nofp\libc_nano.a(lib_a-errno.o)
                0x08008d98                __errno
 .text.exit     0x08008da4       0x28 c:/program files (x86)/arm gnu toolchain arm-none-eabi/11.2 2022.02/bin/../lib/gcc/arm-none-eabi/11.2.1/thumb/v7e-m/nofp\libc_nano.a(lib_a-exit.o)
                0x08008da4                exit
 .text.__libc_init_array
                0x08008dcc       0x48 c:/program files (x86)/arm gnu toolchain arm-none-eabi/11.2 2022.02/bin/../lib/gcc/arm-none-eabi/11.2.1/thumb/v7e-m/nofp\libc_nano.a(lib_a-init.o)
                0x08008dcc                __libc_init_array
 .text.malloc   0x08008e14       0x10 c:/program files (x86)/arm gnu toolchain arm-none-eabi/11.2 2022.02/bin/../lib/gcc/arm-none-eabi/11.2.1/thumb/v7e-m/nofp\libc_nano.a(lib_a-malloc.o)
                0x08008e14                malloc
 .text.free     0x08008e24       0x10 c:/program files (x86)/arm gnu toolchain arm-none-eabi/11.2 2022.02/bin/../lib/gcc/arm-none-eabi/11.2.1/thumb/v7e-m/nofp\libc_nano.a(lib_a-malloc.o)
                0x08008e24                free
 .text.memcmp   0x08008e34       0x20 c:/program files (x86)/arm gnu toolchain arm-none-eabi/11.2 2022.02/bin/../lib/gcc/arm-none-eabi/11.2.1/thumb/v7e-m/nofp\libc_nano.a(lib_a-memcmp.o)
                0x08008e34                memcmp
 .text.memset   0x08008e54       0x10 c:/program files (x86)/arm gnu toolchain arm-none-eabi/11.2 2022.02/bin/../lib/gcc/arm-none-eabi/11.2.1/thumb/v7e-m/nofp\libc_nano.a(lib_a-memset.o)
                0x08008e54                memset
 .text._free_r  0x08008e64       0x94 c:/program files (x86)/arm gnu toolchain arm-none-eabi/11.2 2022.02/bin/../lib/gcc/arm-none-eabi/11.2.1/thumb/v7e-m/nofp\libc_nano.a(lib_a-nano-freer.o)
                0x08008e64                _free_r
 .text.sbrk_aligned
                0x08008ef8       0x40 c:/program files (x86)/arm gnu toolchain arm-none-eabi/11.2 2022.02/bin/../lib/gcc/arm-none-eabi/11.2.1/thumb/v7e-m/nofp\libc_nano.a(lib_a-nano-mallocr.o)
 .text._malloc_r
                0x08008f38       0xe8 c:/program files (x86)/arm gnu toolchain arm-none-eabi/11.2 2022.02/bin/../lib/gcc/arm-none-eabi/11.2.1/thumb/v7e-m/nofp\libc_nano.a(lib_a-nano-mallocr.o)
                0x08008f38                _malloc_r
 .text._puts_r  0x08009020       0xb8 c:/program files (x86)/arm gnu toolchain arm-none-eabi/11.2 2022.02/bin/../lib/gcc/arm-none-eabi/11.2.1/thumb/v7e-m/nofp\libc_nano.a(lib_a-puts.o)
                0x08009020                _puts_r
 .text.puts     0x080090d8       0x10 c:/program files (x86)/arm gnu toolchain arm-none-eabi/11.2 2022.02/bin/../lib/gcc/arm-none-eabi/11.2.1/thumb/v7e-m/nofp\libc_nano.a(lib_a-puts.o)
                0x080090d8                puts
 .text._sbrk_r  0x080090e8       0x20 c:/program files (x86)/arm gnu toolchain arm-none-eabi/11.2 2022.02/bin/../lib/gcc/arm-none-eabi/11.2.1/thumb/v7e-m/nofp\libc_nano.a(lib_a-sbrkr.o)
                0x080090e8                _sbrk_r
 .text.__swbuf_r
                0x08009108       0xa4 c:/program files (x86)/arm gnu toolchain arm-none-eabi/11.2 2022.02/bin/../lib/gcc/arm-none-eabi/11.2.1/thumb/v7e-m/nofp\libc_nano.a(lib_a-wbuf.o)
                0x08009108                __swbuf_r
 .text.__swbuf  0x080091ac       0x10 c:/program files (x86)/arm gnu toolchain arm-none-eabi/11.2 2022.02/bin/../lib/gcc/arm-none-eabi/11.2.1/thumb/v7e-m/nofp\libc_nano.a(lib_a-wbuf.o)
                0x080091ac                __swbuf
 .text.__swsetup_r
                0x080091bc       0xdc c:/program files (x86)/arm gnu toolchain arm-none-eabi/11.2 2022.02/bin/../lib/gcc/arm-none-eabi/11.2.1/thumb/v7e-m/nofp\libc_nano.a(lib_a-wsetup.o)
                0x080091bc                __swsetup_r
 .text.__sflush_r
                0x08009298      0x104 c:/program files (x86)/arm gnu toolchain arm-none-eabi/11.2 2022.02/bin/../lib/gcc/arm-none-eabi/11.2.1/thumb/v7e-m/nofp\libc_nano.a(lib_a-fflush.o)
                0x08009298                __sflush_r
 .text._fflush_r
                0x0800939c       0x54 c:/program files (x86)/arm gnu toolchain arm-none-eabi/11.2 2022.02/bin/../lib/gcc/arm-none-eabi/11.2.1/thumb/v7e-m/nofp\libc_nano.a(lib_a-fflush.o)
                0x0800939c                _fflush_r
 .text.fflush   0x080093f0       0x24 c:/program files (x86)/arm gnu toolchain arm-none-eabi/11.2 2022.02/bin/../lib/gcc/arm-none-eabi/11.2.1/thumb/v7e-m/nofp\libc_nano.a(lib_a-fflush.o)
                0x080093f0                fflush
 .text.__fp_lock
                0x08009414        0x4 c:/program files (x86)/arm gnu toolchain arm-none-eabi/11.2 2022.02/bin/../lib/gcc/arm-none-eabi/11.2.1/thumb/v7e-m/nofp\libc_nano.a(lib_a-findfp.o)
 .text.std      0x08009418       0x48 c:/program files (x86)/arm gnu toolchain arm-none-eabi/11.2 2022.02/bin/../lib/gcc/arm-none-eabi/11.2.1/thumb/v7e-m/nofp\libc_nano.a(lib_a-findfp.o)
 .text._cleanup_r
                0x08009460        0xc c:/program files (x86)/arm gnu toolchain arm-none-eabi/11.2 2022.02/bin/../lib/gcc/arm-none-eabi/11.2.1/thumb/v7e-m/nofp\libc_nano.a(lib_a-findfp.o)
                0x08009460                _cleanup_r
 .text.__fp_unlock
                0x0800946c        0x4 c:/program files (x86)/arm gnu toolchain arm-none-eabi/11.2 2022.02/bin/../lib/gcc/arm-none-eabi/11.2.1/thumb/v7e-m/nofp\libc_nano.a(lib_a-findfp.o)
 .text.__sfmoreglue
                0x08009470       0x2c c:/program files (x86)/arm gnu toolchain arm-none-eabi/11.2 2022.02/bin/../lib/gcc/arm-none-eabi/11.2.1/thumb/v7e-m/nofp\libc_nano.a(lib_a-findfp.o)
                0x08009470                __sfmoreglue
 .text._cleanup
                0x0800949c        0xc c:/program files (x86)/arm gnu toolchain arm-none-eabi/11.2 2022.02/bin/../lib/gcc/arm-none-eabi/11.2.1/thumb/v7e-m/nofp\libc_nano.a(lib_a-findfp.o)
                0x0800949c                _cleanup
 .text.__sinit  0x080094a8       0x60 c:/program files (x86)/arm gnu toolchain arm-none-eabi/11.2 2022.02/bin/../lib/gcc/arm-none-eabi/11.2.1/thumb/v7e-m/nofp\libc_nano.a(lib_a-findfp.o)
                0x080094a8                __sinit
 .text.__sfp    0x08009508       0x78 c:/program files (x86)/arm gnu toolchain arm-none-eabi/11.2 2022.02/bin/../lib/gcc/arm-none-eabi/11.2.1/thumb/v7e-m/nofp\libc_nano.a(lib_a-findfp.o)
                0x08009508                __sfp
 .text.__sfp_lock_acquire
                0x08009580        0x2 c:/program files (x86)/arm gnu toolchain arm-none-eabi/11.2 2022.02/bin/../lib/gcc/arm-none-eabi/11.2.1/thumb/v7e-m/nofp\libc_nano.a(lib_a-findfp.o)
                0x08009580                __sfp_lock_acquire
 .text.__sfp_lock_release
                0x08009582        0x2 c:/program files (x86)/arm gnu toolchain arm-none-eabi/11.2 2022.02/bin/../lib/gcc/arm-none-eabi/11.2.1/thumb/v7e-m/nofp\libc_nano.a(lib_a-findfp.o)
                0x08009582                __sfp_lock_release
 .text.__sinit_lock_acquire
                0x08009584        0x2 c:/program files (x86)/arm gnu toolchain arm-none-eabi/11.2 2022.02/bin/../lib/gcc/arm-none-eabi/11.2.1/thumb/v7e-m/nofp\libc_nano.a(lib_a-findfp.o)
                0x08009584                __sinit_lock_acquire
 .text.__sinit_lock_release
                0x08009586        0x2 c:/program files (x86)/arm gnu toolchain arm-none-eabi/11.2 2022.02/bin/../lib/gcc/arm-none-eabi/11.2.1/thumb/v7e-m/nofp\libc_nano.a(lib_a-findfp.o)
                0x08009586                __sinit_lock_release
 .text.__fp_lock_all
                0x08009588       0x14 c:/program files (x86)/arm gnu toolchain arm-none-eabi/11.2 2022.02/bin/../lib/gcc/arm-none-eabi/11.2.1/thumb/v7e-m/nofp\libc_nano.a(lib_a-findfp.o)
                0x08009588                __fp_lock_all
 .text.__fp_unlock_all
                0x0800959c       0x14 c:/program files (x86)/arm gnu toolchain arm-none-eabi/11.2 2022.02/bin/../lib/gcc/arm-none-eabi/11.2.1/thumb/v7e-m/nofp\libc_nano.a(lib_a-findfp.o)
                0x0800959c                __fp_unlock_all
 .text._fwalk   0x080095b0       0x3a c:/program files (x86)/arm gnu toolchain arm-none-eabi/11.2 2022.02/bin/../lib/gcc/arm-none-eabi/11.2.1/thumb/v7e-m/nofp\libc_nano.a(lib_a-fwalk.o)
                0x080095b0                _fwalk
 .text._fwalk_reent
                0x080095ea       0x3e c:/program files (x86)/arm gnu toolchain arm-none-eabi/11.2 2022.02/bin/../lib/gcc/arm-none-eabi/11.2.1/thumb/v7e-m/nofp\libc_nano.a(lib_a-fwalk.o)
                0x080095ea                _fwalk_reent
 .text.__swhatbuf_r
                0x08009628       0x4c c:/program files (x86)/arm gnu toolchain arm-none-eabi/11.2 2022.02/bin/../lib/gcc/arm-none-eabi/11.2.1/thumb/v7e-m/nofp\libc_nano.a(lib_a-makebuf.o)
                0x08009628                __swhatbuf_r
 .text.__smakebuf_r
                0x08009674       0x80 c:/program files (x86)/arm gnu toolchain arm-none-eabi/11.2 2022.02/bin/../lib/gcc/arm-none-eabi/11.2.1/thumb/v7e-m/nofp\libc_nano.a(lib_a-makebuf.o)
                0x08009674                __smakebuf_r
 .text.__malloc_lock
                0x080096f4        0x2 c:/program files (x86)/arm gnu toolchain arm-none-eabi/11.2 2022.02/bin/../lib/gcc/arm-none-eabi/11.2.1/thumb/v7e-m/nofp\libc_nano.a(lib_a-mlock.o)
                0x080096f4                __malloc_lock
 .text.__malloc_unlock
                0x080096f6        0x2 c:/program files (x86)/arm gnu toolchain arm-none-eabi/11.2 2022.02/bin/../lib/gcc/arm-none-eabi/11.2.1/thumb/v7e-m/nofp\libc_nano.a(lib_a-mlock.o)
                0x080096f6                __malloc_unlock
 .text.cleanup_glue
                0x080096f8       0x1a c:/program files (x86)/arm gnu toolchain arm-none-eabi/11.2 2022.02/bin/../lib/gcc/arm-none-eabi/11.2.1/thumb/v7e-m/nofp\libc_nano.a(lib_a-reent.o)
                0x080096f8                cleanup_glue
 *fill*         0x08009712        0x2 
 .text._reclaim_reent
                0x08009714       0xb8 c:/program files (x86)/arm gnu toolchain arm-none-eabi/11.2 2022.02/bin/../lib/gcc/arm-none-eabi/11.2.1/thumb/v7e-m/nofp\libc_nano.a(lib_a-reent.o)
                0x08009714                _reclaim_reent
 .text.__sread  0x080097cc       0x22 c:/program files (x86)/arm gnu toolchain arm-none-eabi/11.2 2022.02/bin/../lib/gcc/arm-none-eabi/11.2.1/thumb/v7e-m/nofp\libc_nano.a(lib_a-stdio.o)
                0x080097cc                __sread
 .text.__seofread
                0x080097ee        0x4 c:/program files (x86)/arm gnu toolchain arm-none-eabi/11.2 2022.02/bin/../lib/gcc/arm-none-eabi/11.2.1/thumb/v7e-m/nofp\libc_nano.a(lib_a-stdio.o)
                0x080097ee                __seofread
 .text.__swrite
                0x080097f2       0x38 c:/program files (x86)/arm gnu toolchain arm-none-eabi/11.2 2022.02/bin/../lib/gcc/arm-none-eabi/11.2.1/thumb/v7e-m/nofp\libc_nano.a(lib_a-stdio.o)
                0x080097f2                __swrite
 .text.__sseek  0x0800982a       0x24 c:/program files (x86)/arm gnu toolchain arm-none-eabi/11.2 2022.02/bin/../lib/gcc/arm-none-eabi/11.2.1/thumb/v7e-m/nofp\libc_nano.a(lib_a-stdio.o)
                0x0800982a                __sseek
 .text.__sclose
                0x0800984e        0x8 c:/program files (x86)/arm gnu toolchain arm-none-eabi/11.2 2022.02/bin/../lib/gcc/arm-none-eabi/11.2.1/thumb/v7e-m/nofp\libc_nano.a(lib_a-stdio.o)
                0x0800984e                __sclose
 *fill*         0x08009856        0x2 
 .text._write_r
                0x08009858       0x24 c:/program files (x86)/arm gnu toolchain arm-none-eabi/11.2 2022.02/bin/../lib/gcc/arm-none-eabi/11.2.1/thumb/v7e-m/nofp\libc_nano.a(lib_a-writer.o)
                0x08009858                _write_r
 .text._close_r
                0x0800987c       0x20 c:/program files (x86)/arm gnu toolchain arm-none-eabi/11.2 2022.02/bin/../lib/gcc/arm-none-eabi/11.2.1/thumb/v7e-m/nofp\libc_nano.a(lib_a-closer.o)
                0x0800987c                _close_r
 .text._fstat_r
                0x0800989c       0x24 c:/program files (x86)/arm gnu toolchain arm-none-eabi/11.2 2022.02/bin/../lib/gcc/arm-none-eabi/11.2.1/thumb/v7e-m/nofp\libc_nano.a(lib_a-fstatr.o)
                0x0800989c                _fstat_r
 .text._isatty_r
                0x080098c0       0x20 c:/program files (x86)/arm gnu toolchain arm-none-eabi/11.2 2022.02/bin/../lib/gcc/arm-none-eabi/11.2.1/thumb/v7e-m/nofp\libc_nano.a(lib_a-isattyr.o)
                0x080098c0                _isatty_r
 .text._lseek_r
                0x080098e0       0x24 c:/program files (x86)/arm gnu toolchain arm-none-eabi/11.2 2022.02/bin/../lib/gcc/arm-none-eabi/11.2.1/thumb/v7e-m/nofp\libc_nano.a(lib_a-lseekr.o)
                0x080098e0                _lseek_r
 .text._read_r  0x08009904       0x24 c:/program files (x86)/arm gnu toolchain arm-none-eabi/11.2 2022.02/bin/../lib/gcc/arm-none-eabi/11.2.1/thumb/v7e-m/nofp\libc_nano.a(lib_a-readr.o)
                0x08009904                _read_r
 *(.init)
 .init          0x08009928        0x4 c:/program files (x86)/arm gnu toolchain arm-none-eabi/11.2 2022.02/bin/../lib/gcc/arm-none-eabi/11.2.1/thumb/v7e-m/nofp/crti.o
                0x08009928                _init
 .init          0x0800992c        0x8 c:/program files (x86)/arm gnu toolchain arm-none-eabi/11.2 2022.02/bin/../lib/gcc/arm-none-eabi/11.2.1/thumb/v7e-m/nofp/crtn.o
 *(.fini)
 .fini          0x08009934        0x4 c:/program files (x86)/arm gnu toolchain arm-none-eabi/11.2 2022.02/bin/../lib/gcc/arm-none-eabi/11.2.1/thumb/v7e-m/nofp/crti.o
                0x08009934                _fini
 .fini          0x08009938        0x8 c:/program files (x86)/arm gnu toolchain arm-none-eabi/11.2 2022.02/bin/../lib/gcc/arm-none-eabi/11.2.1/thumb/v7e-m/nofp/crtn.o
 *(.rodata)
 .rodata        0x08009940       0x23 out/Obj/main.o
 *(.rodata.*)
 *fill*         0x08009963        0x1 
 .rodata.all_implied_fbits
                0x08009964       0x24 c:/program files (x86)/arm gnu toolchain arm-none-eabi/11.2 2022.02/bin/../lib/gcc/arm-none-eabi/11.2.1/thumb/v7e-m/nofp/crtbegin.o
 .rodata._global_impure_ptr
                0x08009988        0x4 c:/program files (x86)/arm gnu toolchain arm-none-eabi/11.2 2022.02/bin/../lib/gcc/arm-none-eabi/11.2.1/thumb/v7e-m/nofp\libc_nano.a(lib_a-impure.o)
                0x08009988                _global_impure_ptr
 .rodata.__sf_fake_stderr
                0x0800998c       0x20 c:/program files (x86)/arm gnu toolchain arm-none-eabi/11.2 2022.02/bin/../lib/gcc/arm-none-eabi/11.2.1/thumb/v7e-m/nofp\libc_nano.a(lib_a-findfp.o)
                0x0800998c                __sf_fake_stderr
 .rodata.__sf_fake_stdin
                0x080099ac       0x20 c:/program files (x86)/arm gnu toolchain arm-none-eabi/11.2 2022.02/bin/../lib/gcc/arm-none-eabi/11.2.1/thumb/v7e-m/nofp\libc_nano.a(lib_a-findfp.o)
                0x080099ac                __sf_fake_stdin
 .rodata.__sf_fake_stdout
                0x080099cc       0x20 c:/program files (x86)/arm gnu toolchain arm-none-eabi/11.2 2022.02/bin/../lib/gcc/arm-none-eabi/11.2.1/thumb/v7e-m/nofp\libc_nano.a(lib_a-findfp.o)
                0x080099cc                __sf_fake_stdout
 .rodata.all_implied_fbits
                0x080099ec       0x24 c:/program files (x86)/arm gnu toolchain arm-none-eabi/11.2 2022.02/bin/../lib/gcc/arm-none-eabi/11.2.1/thumb/v7e-m/nofp/crtend.o
                0x08009a10                . = ALIGN (0x4)
                0x08009a10                _etext = .
                0x08009a1c                _la_data = LOADADDR (.data)

.glue_7         0x08009a10        0x0
 .glue_7        0x08009a10        0x0 linker stubs

.glue_7t        0x08009a10        0x0
 .glue_7t       0x08009a10        0x0 linker stubs

.vfp11_veneer   0x08009a10        0x0
 .vfp11_veneer  0x08009a10        0x0 linker stubs

.v4_bx          0x08009a10        0x0
 .v4_bx         0x08009a10        0x0 linker stubs

.iplt           0x08009a10        0x0
 .iplt          0x08009a10        0x0 c:/program files (x86)/arm gnu toolchain arm-none-eabi/11.2 2022.02/bin/../lib/gcc/arm-none-eabi/11.2.1/thumb/v7e-m/nofp/crtbegin.o

.eh_frame       0x08009a10        0x4
 .eh_frame      0x08009a10        0x0 c:/program files (x86)/arm gnu toolchain arm-none-eabi/11.2 2022.02/bin/../lib/gcc/arm-none-eabi/11.2.1/thumb/v7e-m/nofp/crtbegin.o
 .eh_frame      0x08009a10        0x4 c:/program files (x86)/arm gnu toolchain arm-none-eabi/11.2 2022.02/bin/../lib/gcc/arm-none-eabi/11.2.1/thumb/v7e-m/nofp/crtend.o

.ARM.extab      0x08009a14        0x0
 .ARM.extab     0x08009a14        0x0 c:/program files (x86)/arm gnu toolchain arm-none-eabi/11.2 2022.02/bin/../lib/gcc/arm-none-eabi/11.2.1/thumb/v7e-m/nofp/crt0.o

.ARM.exidx      0x08009a14        0x8
 .ARM.exidx     0x08009a14        0x8 c:/program files (x86)/arm gnu toolchain arm-none-eabi/11.2 2022.02/bin/../lib/gcc/arm-none-eabi/11.2.1/thumb/v7e-m/nofp/crt0.o
                                 0x10 (size before relaxing)

.rel.dyn        0x08009a1c        0x0
 .rel.iplt      0x08009a1c        0x0 c:/program files (x86)/arm gnu toolchain arm-none-eabi/11.2 2022.02/bin/../lib/gcc/arm-none-eabi/11.2.1/thumb/v7e-m/nofp/crtbegin.o

.data           0x20000000      0x1c8 load address 0x08009a1c
                0x20000000                _sdata = .
 *(.data)
 .data          0x20000000        0x0 c:/program files (x86)/arm gnu toolchain arm-none-eabi/11.2 2022.02/bin/../lib/gcc/arm-none-eabi/11.2.1/thumb/v7e-m/nofp/crti.o
 .data          0x20000000        0x0 c:/program files (x86)/arm gnu toolchain arm-none-eabi/11.2 2022.02/bin/../lib/gcc/arm-none-eabi/11.2.1/thumb/v7e-m/nofp/crtbegin.o
 .data          0x20000000        0x0 c:/program files (x86)/arm gnu toolchain arm-none-eabi/11.2 2022.02/bin/../lib/gcc/arm-none-eabi/11.2.1/thumb/v7e-m/nofp/crt0.o
 .data          0x20000000       0x48 out/Obj/led.o
                0x20000000                yellow_led
                0x20000018                blue_led
                0x20000030                red_led
 .data          0x20000048        0x4 out/Obj/syscalls.o
                0x20000048                environ
 .data          0x2000004c        0x0 out/Obj/sw_init.o
 .data          0x2000004c       0x38 out/Obj/cortex.o
                0x2000004c                cortexPperiphs
 .data          0x20000084        0x0 out/Obj/platform.o
 .data          0x20000084       0x18 out/Obj/task_scheduler.o
                0x20000084                taskHandlers
 .data          0x2000009c        0xc out/Obj/imu.o
                0x2000009c                mpu6050_offsets
 .data          0x200000a8       0x28 out/Obj/i2c.o
                0x200000a8                i2c1
                0x200000bc                i2c_config
 .data          0x200000d0       0x18 out/Obj/rotary_encoder.o
                0x200000d0                rEncoder
 .data          0x200000e8       0x70 out/Obj/pwm.o
                0x200000e8                pwmA
                0x20000120                pwmB
 .data          0x20000158        0x0 out/Obj/timer.o
 .data          0x20000158        0x0 out/Obj/gpio.o
 .data          0x20000158        0x0 out/Obj/stm32_startup.o
 .data          0x20000158        0x8 out/Obj/main.o
                0x20000158                global_timers
 .data          0x20000160        0x0 c:/program files (x86)/arm gnu toolchain arm-none-eabi/11.2 2022.02/bin/../lib/gcc/arm-none-eabi/11.2.1/thumb/v7e-m/nofp\libgcc.a(_arm_mulsf3.o)
 .data          0x20000160        0x0 c:/program files (x86)/arm gnu toolchain arm-none-eabi/11.2 2022.02/bin/../lib/gcc/arm-none-eabi/11.2.1/thumb/v7e-m/nofp\libgcc.a(_arm_addsubsf3.o)
 .data          0x20000160        0x0 c:/program files (x86)/arm gnu toolchain arm-none-eabi/11.2 2022.02/bin/../lib/gcc/arm-none-eabi/11.2.1/thumb/v7e-m/nofp\libgcc.a(_arm_muldivsf3.o)
 .data          0x20000160        0x0 c:/program files (x86)/arm gnu toolchain arm-none-eabi/11.2 2022.02/bin/../lib/gcc/arm-none-eabi/11.2.1/thumb/v7e-m/nofp\libgcc.a(_arm_cmpsf2.o)
 .data          0x20000160        0x0 c:/program files (x86)/arm gnu toolchain arm-none-eabi/11.2 2022.02/bin/../lib/gcc/arm-none-eabi/11.2.1/thumb/v7e-m/nofp\libgcc.a(_arm_fixunssfsi.o)
 .data          0x20000160        0x0 c:/program files (x86)/arm gnu toolchain arm-none-eabi/11.2 2022.02/bin/../lib/gcc/arm-none-eabi/11.2.1/thumb/v7e-m/nofp\libc_nano.a(lib_a-errno.o)
 .data          0x20000160        0x0 c:/program files (x86)/arm gnu toolchain arm-none-eabi/11.2 2022.02/bin/../lib/gcc/arm-none-eabi/11.2.1/thumb/v7e-m/nofp\libc_nano.a(lib_a-exit.o)
 .data          0x20000160        0x0 c:/program files (x86)/arm gnu toolchain arm-none-eabi/11.2 2022.02/bin/../lib/gcc/arm-none-eabi/11.2.1/thumb/v7e-m/nofp\libc_nano.a(lib_a-impure.o)
 .data          0x20000160        0x0 c:/program files (x86)/arm gnu toolchain arm-none-eabi/11.2 2022.02/bin/../lib/gcc/arm-none-eabi/11.2.1/thumb/v7e-m/nofp\libc_nano.a(lib_a-init.o)
 .data          0x20000160        0x0 c:/program files (x86)/arm gnu toolchain arm-none-eabi/11.2 2022.02/bin/../lib/gcc/arm-none-eabi/11.2.1/thumb/v7e-m/nofp\libc_nano.a(lib_a-malloc.o)
 .data          0x20000160        0x0 c:/program files (x86)/arm gnu toolchain arm-none-eabi/11.2 2022.02/bin/../lib/gcc/arm-none-eabi/11.2.1/thumb/v7e-m/nofp\libc_nano.a(lib_a-memcmp.o)
 .data          0x20000160        0x0 c:/program files (x86)/arm gnu toolchain arm-none-eabi/11.2 2022.02/bin/../lib/gcc/arm-none-eabi/11.2.1/thumb/v7e-m/nofp\libc_nano.a(lib_a-memset.o)
 .data          0x20000160        0x0 c:/program files (x86)/arm gnu toolchain arm-none-eabi/11.2 2022.02/bin/../lib/gcc/arm-none-eabi/11.2.1/thumb/v7e-m/nofp\libc_nano.a(lib_a-nano-freer.o)
 .data          0x20000160        0x0 c:/program files (x86)/arm gnu toolchain arm-none-eabi/11.2 2022.02/bin/../lib/gcc/arm-none-eabi/11.2.1/thumb/v7e-m/nofp\libc_nano.a(lib_a-nano-mallocr.o)
 .data          0x20000160        0x0 c:/program files (x86)/arm gnu toolchain arm-none-eabi/11.2 2022.02/bin/../lib/gcc/arm-none-eabi/11.2.1/thumb/v7e-m/nofp\libc_nano.a(lib_a-puts.o)
 .data          0x20000160        0x0 c:/program files (x86)/arm gnu toolchain arm-none-eabi/11.2 2022.02/bin/../lib/gcc/arm-none-eabi/11.2.1/thumb/v7e-m/nofp\libc_nano.a(lib_a-sbrkr.o)
 .data          0x20000160        0x0 c:/program files (x86)/arm gnu toolchain arm-none-eabi/11.2 2022.02/bin/../lib/gcc/arm-none-eabi/11.2.1/thumb/v7e-m/nofp\libc_nano.a(lib_a-wbuf.o)
 .data          0x20000160        0x0 c:/program files (x86)/arm gnu toolchain arm-none-eabi/11.2 2022.02/bin/../lib/gcc/arm-none-eabi/11.2.1/thumb/v7e-m/nofp\libc_nano.a(lib_a-wsetup.o)
 .data          0x20000160        0x0 c:/program files (x86)/arm gnu toolchain arm-none-eabi/11.2 2022.02/bin/../lib/gcc/arm-none-eabi/11.2.1/thumb/v7e-m/nofp\libc_nano.a(lib_a-fflush.o)
 .data          0x20000160        0x0 c:/program files (x86)/arm gnu toolchain arm-none-eabi/11.2 2022.02/bin/../lib/gcc/arm-none-eabi/11.2.1/thumb/v7e-m/nofp\libc_nano.a(lib_a-findfp.o)
 .data          0x20000160        0x0 c:/program files (x86)/arm gnu toolchain arm-none-eabi/11.2 2022.02/bin/../lib/gcc/arm-none-eabi/11.2.1/thumb/v7e-m/nofp\libc_nano.a(lib_a-fwalk.o)
 .data          0x20000160        0x0 c:/program files (x86)/arm gnu toolchain arm-none-eabi/11.2 2022.02/bin/../lib/gcc/arm-none-eabi/11.2.1/thumb/v7e-m/nofp\libc_nano.a(lib_a-makebuf.o)
 .data          0x20000160        0x0 c:/program files (x86)/arm gnu toolchain arm-none-eabi/11.2 2022.02/bin/../lib/gcc/arm-none-eabi/11.2.1/thumb/v7e-m/nofp\libc_nano.a(lib_a-mlock.o)
 .data          0x20000160        0x0 c:/program files (x86)/arm gnu toolchain arm-none-eabi/11.2 2022.02/bin/../lib/gcc/arm-none-eabi/11.2.1/thumb/v7e-m/nofp\libc_nano.a(lib_a-reent.o)
 .data          0x20000160        0x0 c:/program files (x86)/arm gnu toolchain arm-none-eabi/11.2 2022.02/bin/../lib/gcc/arm-none-eabi/11.2.1/thumb/v7e-m/nofp\libc_nano.a(lib_a-stdio.o)
 .data          0x20000160        0x0 c:/program files (x86)/arm gnu toolchain arm-none-eabi/11.2 2022.02/bin/../lib/gcc/arm-none-eabi/11.2.1/thumb/v7e-m/nofp\libc_nano.a(lib_a-writer.o)
 .data          0x20000160        0x0 c:/program files (x86)/arm gnu toolchain arm-none-eabi/11.2 2022.02/bin/../lib/gcc/arm-none-eabi/11.2.1/thumb/v7e-m/nofp\libc_nano.a(lib_a-closer.o)
 .data          0x20000160        0x0 c:/program files (x86)/arm gnu toolchain arm-none-eabi/11.2 2022.02/bin/../lib/gcc/arm-none-eabi/11.2.1/thumb/v7e-m/nofp\libc_nano.a(lib_a-fstatr.o)
 .data          0x20000160        0x0 c:/program files (x86)/arm gnu toolchain arm-none-eabi/11.2 2022.02/bin/../lib/gcc/arm-none-eabi/11.2.1/thumb/v7e-m/nofp\libc_nano.a(lib_a-isattyr.o)
 .data          0x20000160        0x0 c:/program files (x86)/arm gnu toolchain arm-none-eabi/11.2 2022.02/bin/../lib/gcc/arm-none-eabi/11.2.1/thumb/v7e-m/nofp\libc_nano.a(lib_a-lseekr.o)
 .data          0x20000160        0x0 c:/program files (x86)/arm gnu toolchain arm-none-eabi/11.2 2022.02/bin/../lib/gcc/arm-none-eabi/11.2.1/thumb/v7e-m/nofp\libc_nano.a(lib_a-readr.o)
 .data          0x20000160        0x0 c:/program files (x86)/arm gnu toolchain arm-none-eabi/11.2 2022.02/bin/../lib/gcc/arm-none-eabi/11.2.1/thumb/v7e-m/nofp/crtend.o
 .data          0x20000160        0x0 c:/program files (x86)/arm gnu toolchain arm-none-eabi/11.2 2022.02/bin/../lib/gcc/arm-none-eabi/11.2.1/thumb/v7e-m/nofp/crtn.o
 *(.data.*)
 .data.__dso_handle
                0x20000160        0x4 c:/program files (x86)/arm gnu toolchain arm-none-eabi/11.2 2022.02/bin/../lib/gcc/arm-none-eabi/11.2.1/thumb/v7e-m/nofp/crtbegin.o
                0x20000160                __dso_handle
 .data._impure_ptr
                0x20000164        0x4 c:/program files (x86)/arm gnu toolchain arm-none-eabi/11.2 2022.02/bin/../lib/gcc/arm-none-eabi/11.2.1/thumb/v7e-m/nofp\libc_nano.a(lib_a-impure.o)
                0x20000164                _impure_ptr
 .data.impure_data
                0x20000168       0x60 c:/program files (x86)/arm gnu toolchain arm-none-eabi/11.2 2022.02/bin/../lib/gcc/arm-none-eabi/11.2.1/thumb/v7e-m/nofp\libc_nano.a(lib_a-impure.o)
                0x200001c8                . = ALIGN (0x4)
                0x200001c8                _edata = .

.init_array     0x200001c8        0x4 load address 0x08009be4
 .init_array    0x200001c8        0x4 c:/program files (x86)/arm gnu toolchain arm-none-eabi/11.2 2022.02/bin/../lib/gcc/arm-none-eabi/11.2.1/thumb/v7e-m/nofp/crtbegin.o

.fini_array     0x200001cc        0x4 load address 0x08009be8
 .fini_array    0x200001cc        0x4 c:/program files (x86)/arm gnu toolchain arm-none-eabi/11.2 2022.02/bin/../lib/gcc/arm-none-eabi/11.2.1/thumb/v7e-m/nofp/crtbegin.o

.tm_clone_table
                0x200001d0        0x0 load address 0x08009bec
 .tm_clone_table
                0x200001d0        0x0 c:/program files (x86)/arm gnu toolchain arm-none-eabi/11.2 2022.02/bin/../lib/gcc/arm-none-eabi/11.2.1/thumb/v7e-m/nofp/crtbegin.o
 .tm_clone_table
                0x200001d0        0x0 c:/program files (x86)/arm gnu toolchain arm-none-eabi/11.2 2022.02/bin/../lib/gcc/arm-none-eabi/11.2.1/thumb/v7e-m/nofp/crtend.o

.igot.plt       0x200001d0        0x0 load address 0x08009bec
 .igot.plt      0x200001d0        0x0 c:/program files (x86)/arm gnu toolchain arm-none-eabi/11.2 2022.02/bin/../lib/gcc/arm-none-eabi/11.2.1/thumb/v7e-m/nofp/crtbegin.o

.bss            0x200001d0      0x108 load address 0x08009bec
                0x200001d0                _sbss = .
                0x200001d0                __bss_start__ = _sbss
 *(.bss)
 .bss           0x200001d0        0x0 c:/program files (x86)/arm gnu toolchain arm-none-eabi/11.2 2022.02/bin/../lib/gcc/arm-none-eabi/11.2.1/thumb/v7e-m/nofp/crti.o
 .bss           0x200001d0        0x0 c:/program files (x86)/arm gnu toolchain arm-none-eabi/11.2 2022.02/bin/../lib/gcc/arm-none-eabi/11.2.1/thumb/v7e-m/nofp/crtbegin.o
 .bss           0x200001d0        0x0 c:/program files (x86)/arm gnu toolchain arm-none-eabi/11.2 2022.02/bin/../lib/gcc/arm-none-eabi/11.2.1/thumb/v7e-m/nofp/crt0.o
 .bss           0x200001d0        0x0 out/Obj/led.o
 .bss           0x200001d0        0x8 out/Obj/syscalls.o
                0x200001d0                __env
 .bss           0x200001d8        0x0 out/Obj/sw_init.o
 .bss           0x200001d8       0x24 out/Obj/cortex.o
                0x200001d8                sysFlags
                0x200001dc                stack_frame
 .bss           0x200001fc        0x0 out/Obj/platform.o
 .bss           0x200001fc       0x98 out/Obj/task_scheduler.o
                0x200001fc                current_task
                0x20000200                gTickCount
                0x20000204                user_tasks
 .bss           0x20000294       0x1c out/Obj/imu.o
                0x20000294                mpu6050_raw_data
 .bss           0x200002b0        0x0 out/Obj/i2c.o
 .bss           0x200002b0        0x0 out/Obj/rotary_encoder.o
 .bss           0x200002b0        0x0 out/Obj/pwm.o
 .bss           0x200002b0        0x0 out/Obj/timer.o
 .bss           0x200002b0        0x0 out/Obj/gpio.o
 .bss           0x200002b0        0x0 out/Obj/stm32_startup.o
 .bss           0x200002b0        0x0 out/Obj/main.o
 .bss           0x200002b0        0x0 c:/program files (x86)/arm gnu toolchain arm-none-eabi/11.2 2022.02/bin/../lib/gcc/arm-none-eabi/11.2.1/thumb/v7e-m/nofp\libgcc.a(_arm_mulsf3.o)
 .bss           0x200002b0        0x0 c:/program files (x86)/arm gnu toolchain arm-none-eabi/11.2 2022.02/bin/../lib/gcc/arm-none-eabi/11.2.1/thumb/v7e-m/nofp\libgcc.a(_arm_addsubsf3.o)
 .bss           0x200002b0        0x0 c:/program files (x86)/arm gnu toolchain arm-none-eabi/11.2 2022.02/bin/../lib/gcc/arm-none-eabi/11.2.1/thumb/v7e-m/nofp\libgcc.a(_arm_muldivsf3.o)
 .bss           0x200002b0        0x0 c:/program files (x86)/arm gnu toolchain arm-none-eabi/11.2 2022.02/bin/../lib/gcc/arm-none-eabi/11.2.1/thumb/v7e-m/nofp\libgcc.a(_arm_cmpsf2.o)
 .bss           0x200002b0        0x0 c:/program files (x86)/arm gnu toolchain arm-none-eabi/11.2 2022.02/bin/../lib/gcc/arm-none-eabi/11.2.1/thumb/v7e-m/nofp\libgcc.a(_arm_fixunssfsi.o)
 .bss           0x200002b0        0x0 c:/program files (x86)/arm gnu toolchain arm-none-eabi/11.2 2022.02/bin/../lib/gcc/arm-none-eabi/11.2.1/thumb/v7e-m/nofp\libc_nano.a(lib_a-errno.o)
 .bss           0x200002b0        0x0 c:/program files (x86)/arm gnu toolchain arm-none-eabi/11.2 2022.02/bin/../lib/gcc/arm-none-eabi/11.2.1/thumb/v7e-m/nofp\libc_nano.a(lib_a-exit.o)
 .bss           0x200002b0        0x0 c:/program files (x86)/arm gnu toolchain arm-none-eabi/11.2 2022.02/bin/../lib/gcc/arm-none-eabi/11.2.1/thumb/v7e-m/nofp\libc_nano.a(lib_a-impure.o)
 .bss           0x200002b0        0x0 c:/program files (x86)/arm gnu toolchain arm-none-eabi/11.2 2022.02/bin/../lib/gcc/arm-none-eabi/11.2.1/thumb/v7e-m/nofp\libc_nano.a(lib_a-init.o)
 .bss           0x200002b0        0x0 c:/program files (x86)/arm gnu toolchain arm-none-eabi/11.2 2022.02/bin/../lib/gcc/arm-none-eabi/11.2.1/thumb/v7e-m/nofp\libc_nano.a(lib_a-malloc.o)
 .bss           0x200002b0        0x0 c:/program files (x86)/arm gnu toolchain arm-none-eabi/11.2 2022.02/bin/../lib/gcc/arm-none-eabi/11.2.1/thumb/v7e-m/nofp\libc_nano.a(lib_a-memcmp.o)
 .bss           0x200002b0        0x0 c:/program files (x86)/arm gnu toolchain arm-none-eabi/11.2 2022.02/bin/../lib/gcc/arm-none-eabi/11.2.1/thumb/v7e-m/nofp\libc_nano.a(lib_a-memset.o)
 .bss           0x200002b0        0x0 c:/program files (x86)/arm gnu toolchain arm-none-eabi/11.2 2022.02/bin/../lib/gcc/arm-none-eabi/11.2.1/thumb/v7e-m/nofp\libc_nano.a(lib_a-nano-freer.o)
 .bss           0x200002b0        0x0 c:/program files (x86)/arm gnu toolchain arm-none-eabi/11.2 2022.02/bin/../lib/gcc/arm-none-eabi/11.2.1/thumb/v7e-m/nofp\libc_nano.a(lib_a-nano-mallocr.o)
 .bss           0x200002b0        0x0 c:/program files (x86)/arm gnu toolchain arm-none-eabi/11.2 2022.02/bin/../lib/gcc/arm-none-eabi/11.2.1/thumb/v7e-m/nofp\libc_nano.a(lib_a-puts.o)
 .bss           0x200002b0        0x0 c:/program files (x86)/arm gnu toolchain arm-none-eabi/11.2 2022.02/bin/../lib/gcc/arm-none-eabi/11.2.1/thumb/v7e-m/nofp\libc_nano.a(lib_a-sbrkr.o)
 .bss           0x200002b0        0x0 c:/program files (x86)/arm gnu toolchain arm-none-eabi/11.2 2022.02/bin/../lib/gcc/arm-none-eabi/11.2.1/thumb/v7e-m/nofp\libc_nano.a(lib_a-wbuf.o)
 .bss           0x200002b0        0x0 c:/program files (x86)/arm gnu toolchain arm-none-eabi/11.2 2022.02/bin/../lib/gcc/arm-none-eabi/11.2.1/thumb/v7e-m/nofp\libc_nano.a(lib_a-wsetup.o)
 .bss           0x200002b0        0x0 c:/program files (x86)/arm gnu toolchain arm-none-eabi/11.2 2022.02/bin/../lib/gcc/arm-none-eabi/11.2.1/thumb/v7e-m/nofp\libc_nano.a(lib_a-fflush.o)
 .bss           0x200002b0        0x0 c:/program files (x86)/arm gnu toolchain arm-none-eabi/11.2 2022.02/bin/../lib/gcc/arm-none-eabi/11.2.1/thumb/v7e-m/nofp\libc_nano.a(lib_a-findfp.o)
 .bss           0x200002b0        0x0 c:/program files (x86)/arm gnu toolchain arm-none-eabi/11.2 2022.02/bin/../lib/gcc/arm-none-eabi/11.2.1/thumb/v7e-m/nofp\libc_nano.a(lib_a-fwalk.o)
 .bss           0x200002b0        0x0 c:/program files (x86)/arm gnu toolchain arm-none-eabi/11.2 2022.02/bin/../lib/gcc/arm-none-eabi/11.2.1/thumb/v7e-m/nofp\libc_nano.a(lib_a-makebuf.o)
 .bss           0x200002b0        0x0 c:/program files (x86)/arm gnu toolchain arm-none-eabi/11.2 2022.02/bin/../lib/gcc/arm-none-eabi/11.2.1/thumb/v7e-m/nofp\libc_nano.a(lib_a-mlock.o)
 .bss           0x200002b0        0x0 c:/program files (x86)/arm gnu toolchain arm-none-eabi/11.2 2022.02/bin/../lib/gcc/arm-none-eabi/11.2.1/thumb/v7e-m/nofp\libc_nano.a(lib_a-reent.o)
 .bss           0x200002b0        0x0 c:/program files (x86)/arm gnu toolchain arm-none-eabi/11.2 2022.02/bin/../lib/gcc/arm-none-eabi/11.2.1/thumb/v7e-m/nofp\libc_nano.a(lib_a-stdio.o)
 .bss           0x200002b0        0x0 c:/program files (x86)/arm gnu toolchain arm-none-eabi/11.2 2022.02/bin/../lib/gcc/arm-none-eabi/11.2.1/thumb/v7e-m/nofp\libc_nano.a(lib_a-writer.o)
 .bss           0x200002b0        0x0 c:/program files (x86)/arm gnu toolchain arm-none-eabi/11.2 2022.02/bin/../lib/gcc/arm-none-eabi/11.2.1/thumb/v7e-m/nofp\libc_nano.a(lib_a-closer.o)
 .bss           0x200002b0        0x0 c:/program files (x86)/arm gnu toolchain arm-none-eabi/11.2 2022.02/bin/../lib/gcc/arm-none-eabi/11.2.1/thumb/v7e-m/nofp\libc_nano.a(lib_a-fstatr.o)
 .bss           0x200002b0        0x0 c:/program files (x86)/arm gnu toolchain arm-none-eabi/11.2 2022.02/bin/../lib/gcc/arm-none-eabi/11.2.1/thumb/v7e-m/nofp\libc_nano.a(lib_a-isattyr.o)
 .bss           0x200002b0        0x0 c:/program files (x86)/arm gnu toolchain arm-none-eabi/11.2 2022.02/bin/../lib/gcc/arm-none-eabi/11.2.1/thumb/v7e-m/nofp\libc_nano.a(lib_a-lseekr.o)
 .bss           0x200002b0        0x0 c:/program files (x86)/arm gnu toolchain arm-none-eabi/11.2 2022.02/bin/../lib/gcc/arm-none-eabi/11.2.1/thumb/v7e-m/nofp\libc_nano.a(lib_a-readr.o)
 .bss           0x200002b0        0x0 c:/program files (x86)/arm gnu toolchain arm-none-eabi/11.2 2022.02/bin/../lib/gcc/arm-none-eabi/11.2.1/thumb/v7e-m/nofp/crtend.o
 .bss           0x200002b0        0x0 c:/program files (x86)/arm gnu toolchain arm-none-eabi/11.2 2022.02/bin/../lib/gcc/arm-none-eabi/11.2.1/thumb/v7e-m/nofp/crtn.o
 *(.bss.*)
 .bss.completed.1
                0x200002b0        0x1 c:/program files (x86)/arm gnu toolchain arm-none-eabi/11.2 2022.02/bin/../lib/gcc/arm-none-eabi/11.2.1/thumb/v7e-m/nofp/crtbegin.o
 *fill*         0x200002b1        0x3 
 .bss.object.0  0x200002b4       0x18 c:/program files (x86)/arm gnu toolchain arm-none-eabi/11.2 2022.02/bin/../lib/gcc/arm-none-eabi/11.2.1/thumb/v7e-m/nofp/crtbegin.o
 .bss.__malloc_free_list
                0x200002cc        0x4 c:/program files (x86)/arm gnu toolchain arm-none-eabi/11.2 2022.02/bin/../lib/gcc/arm-none-eabi/11.2.1/thumb/v7e-m/nofp\libc_nano.a(lib_a-nano-mallocr.o)
                0x200002cc                __malloc_free_list
 .bss.__malloc_sbrk_start
                0x200002d0        0x4 c:/program files (x86)/arm gnu toolchain arm-none-eabi/11.2 2022.02/bin/../lib/gcc/arm-none-eabi/11.2.1/thumb/v7e-m/nofp\libc_nano.a(lib_a-nano-mallocr.o)
                0x200002d0                __malloc_sbrk_start
 .bss.errno     0x200002d4        0x4 c:/program files (x86)/arm gnu toolchain arm-none-eabi/11.2 2022.02/bin/../lib/gcc/arm-none-eabi/11.2.1/thumb/v7e-m/nofp\libc_nano.a(lib_a-reent.o)
                0x200002d4                errno
 *(COMMON)
                0x200002d8                . = ALIGN (0x4)
                0x200002d8                _ebss = .
                0x200002d8                __bss_end__ = _ebss
                0x200002d8                . = ALIGN (0x4)
                0x200002d8                end = .
                0x200002d8                __end__ = .
OUTPUT(out/bin/sbr.elf elf32-littlearm)
LOAD linker stubs

.ARM.attributes
                0x00000000       0x2a
 .ARM.attributes
                0x00000000       0x1e c:/program files (x86)/arm gnu toolchain arm-none-eabi/11.2 2022.02/bin/../lib/gcc/arm-none-eabi/11.2.1/thumb/v7e-m/nofp/crti.o
 .ARM.attributes
                0x0000001e       0x2e c:/program files (x86)/arm gnu toolchain arm-none-eabi/11.2 2022.02/bin/../lib/gcc/arm-none-eabi/11.2.1/thumb/v7e-m/nofp/crtbegin.o
 .ARM.attributes
                0x0000004c       0x1c c:/program files (x86)/arm gnu toolchain arm-none-eabi/11.2 2022.02/bin/../lib/gcc/arm-none-eabi/11.2.1/thumb/v7e-m/nofp/crt0.o
 .ARM.attributes
                0x00000068       0x2e out/Obj/led.o
 .ARM.attributes
                0x00000096       0x2e out/Obj/syscalls.o
 .ARM.attributes
                0x000000c4       0x2e out/Obj/sw_init.o
 .ARM.attributes
                0x000000f2       0x2e out/Obj/cortex.o
 .ARM.attributes
                0x00000120       0x2e out/Obj/platform.o
 .ARM.attributes
                0x0000014e       0x2e out/Obj/task_scheduler.o
 .ARM.attributes
                0x0000017c       0x2e out/Obj/imu.o
 .ARM.attributes
                0x000001aa       0x2e out/Obj/i2c.o
 .ARM.attributes
                0x000001d8       0x2e out/Obj/rotary_encoder.o
 .ARM.attributes
                0x00000206       0x2e out/Obj/pwm.o
 .ARM.attributes
                0x00000234       0x2e out/Obj/timer.o
 .ARM.attributes
                0x00000262       0x2e out/Obj/gpio.o
 .ARM.attributes
                0x00000290       0x2e out/Obj/stm32_startup.o
 .ARM.attributes
                0x000002be       0x2e out/Obj/main.o
 .ARM.attributes
                0x000002ec       0x1e c:/program files (x86)/arm gnu toolchain arm-none-eabi/11.2 2022.02/bin/../lib/gcc/arm-none-eabi/11.2.1/thumb/v7e-m/nofp\libgcc.a(_arm_mulsf3.o)
 .ARM.attributes
                0x0000030a       0x1e c:/program files (x86)/arm gnu toolchain arm-none-eabi/11.2 2022.02/bin/../lib/gcc/arm-none-eabi/11.2.1/thumb/v7e-m/nofp\libgcc.a(_arm_addsubsf3.o)
 .ARM.attributes
                0x00000328       0x1e c:/program files (x86)/arm gnu toolchain arm-none-eabi/11.2 2022.02/bin/../lib/gcc/arm-none-eabi/11.2.1/thumb/v7e-m/nofp\libgcc.a(_arm_muldivsf3.o)
 .ARM.attributes
                0x00000346       0x1e c:/program files (x86)/arm gnu toolchain arm-none-eabi/11.2 2022.02/bin/../lib/gcc/arm-none-eabi/11.2.1/thumb/v7e-m/nofp\libgcc.a(_arm_cmpsf2.o)
 .ARM.attributes
                0x00000364       0x1e c:/program files (x86)/arm gnu toolchain arm-none-eabi/11.2 2022.02/bin/../lib/gcc/arm-none-eabi/11.2.1/thumb/v7e-m/nofp\libgcc.a(_arm_fixunssfsi.o)
 .ARM.attributes
                0x00000382       0x2e c:/program files (x86)/arm gnu toolchain arm-none-eabi/11.2 2022.02/bin/../lib/gcc/arm-none-eabi/11.2.1/thumb/v7e-m/nofp\libc_nano.a(lib_a-errno.o)
 .ARM.attributes
                0x000003b0       0x2e c:/program files (x86)/arm gnu toolchain arm-none-eabi/11.2 2022.02/bin/../lib/gcc/arm-none-eabi/11.2.1/thumb/v7e-m/nofp\libc_nano.a(lib_a-exit.o)
 .ARM.attributes
                0x000003de       0x2e c:/program files (x86)/arm gnu toolchain arm-none-eabi/11.2 2022.02/bin/../lib/gcc/arm-none-eabi/11.2.1/thumb/v7e-m/nofp\libc_nano.a(lib_a-impure.o)
 .ARM.attributes
                0x0000040c       0x2e c:/program files (x86)/arm gnu toolchain arm-none-eabi/11.2 2022.02/bin/../lib/gcc/arm-none-eabi/11.2.1/thumb/v7e-m/nofp\libc_nano.a(lib_a-init.o)
 .ARM.attributes
                0x0000043a       0x2e c:/program files (x86)/arm gnu toolchain arm-none-eabi/11.2 2022.02/bin/../lib/gcc/arm-none-eabi/11.2.1/thumb/v7e-m/nofp\libc_nano.a(lib_a-malloc.o)
 .ARM.attributes
                0x00000468       0x2e c:/program files (x86)/arm gnu toolchain arm-none-eabi/11.2 2022.02/bin/../lib/gcc/arm-none-eabi/11.2.1/thumb/v7e-m/nofp\libc_nano.a(lib_a-memcmp.o)
 .ARM.attributes
                0x00000496       0x2e c:/program files (x86)/arm gnu toolchain arm-none-eabi/11.2 2022.02/bin/../lib/gcc/arm-none-eabi/11.2.1/thumb/v7e-m/nofp\libc_nano.a(lib_a-memset.o)
 .ARM.attributes
                0x000004c4       0x2e c:/program files (x86)/arm gnu toolchain arm-none-eabi/11.2 2022.02/bin/../lib/gcc/arm-none-eabi/11.2.1/thumb/v7e-m/nofp\libc_nano.a(lib_a-nano-freer.o)
 .ARM.attributes
                0x000004f2       0x2e c:/program files (x86)/arm gnu toolchain arm-none-eabi/11.2 2022.02/bin/../lib/gcc/arm-none-eabi/11.2.1/thumb/v7e-m/nofp\libc_nano.a(lib_a-nano-mallocr.o)
 .ARM.attributes
                0x00000520       0x2e c:/program files (x86)/arm gnu toolchain arm-none-eabi/11.2 2022.02/bin/../lib/gcc/arm-none-eabi/11.2.1/thumb/v7e-m/nofp\libc_nano.a(lib_a-puts.o)
 .ARM.attributes
                0x0000054e       0x2e c:/program files (x86)/arm gnu toolchain arm-none-eabi/11.2 2022.02/bin/../lib/gcc/arm-none-eabi/11.2.1/thumb/v7e-m/nofp\libc_nano.a(lib_a-sbrkr.o)
 .ARM.attributes
                0x0000057c       0x2e c:/program files (x86)/arm gnu toolchain arm-none-eabi/11.2 2022.02/bin/../lib/gcc/arm-none-eabi/11.2.1/thumb/v7e-m/nofp\libc_nano.a(lib_a-wbuf.o)
 .ARM.attributes
                0x000005aa       0x2e c:/program files (x86)/arm gnu toolchain arm-none-eabi/11.2 2022.02/bin/../lib/gcc/arm-none-eabi/11.2.1/thumb/v7e-m/nofp\libc_nano.a(lib_a-wsetup.o)
 .ARM.attributes
                0x000005d8       0x2e c:/program files (x86)/arm gnu toolchain arm-none-eabi/11.2 2022.02/bin/../lib/gcc/arm-none-eabi/11.2.1/thumb/v7e-m/nofp\libc_nano.a(lib_a-fflush.o)
 .ARM.attributes
                0x00000606       0x2e c:/program files (x86)/arm gnu toolchain arm-none-eabi/11.2 2022.02/bin/../lib/gcc/arm-none-eabi/11.2.1/thumb/v7e-m/nofp\libc_nano.a(lib_a-findfp.o)
 .ARM.attributes
                0x00000634       0x2e c:/program files (x86)/arm gnu toolchain arm-none-eabi/11.2 2022.02/bin/../lib/gcc/arm-none-eabi/11.2.1/thumb/v7e-m/nofp\libc_nano.a(lib_a-fwalk.o)
 .ARM.attributes
                0x00000662       0x2e c:/program files (x86)/arm gnu toolchain arm-none-eabi/11.2 2022.02/bin/../lib/gcc/arm-none-eabi/11.2.1/thumb/v7e-m/nofp\libc_nano.a(lib_a-makebuf.o)
 .ARM.attributes
                0x00000690       0x2e c:/program files (x86)/arm gnu toolchain arm-none-eabi/11.2 2022.02/bin/../lib/gcc/arm-none-eabi/11.2.1/thumb/v7e-m/nofp\libc_nano.a(lib_a-mlock.o)
 .ARM.attributes
                0x000006be       0x2e c:/program files (x86)/arm gnu toolchain arm-none-eabi/11.2 2022.02/bin/../lib/gcc/arm-none-eabi/11.2.1/thumb/v7e-m/nofp\libc_nano.a(lib_a-reent.o)
 .ARM.attributes
                0x000006ec       0x2e c:/program files (x86)/arm gnu toolchain arm-none-eabi/11.2 2022.02/bin/../lib/gcc/arm-none-eabi/11.2.1/thumb/v7e-m/nofp\libc_nano.a(lib_a-stdio.o)
 .ARM.attributes
                0x0000071a       0x2e c:/program files (x86)/arm gnu toolchain arm-none-eabi/11.2 2022.02/bin/../lib/gcc/arm-none-eabi/11.2.1/thumb/v7e-m/nofp\libc_nano.a(lib_a-writer.o)
 .ARM.attributes
                0x00000748       0x2e c:/program files (x86)/arm gnu toolchain arm-none-eabi/11.2 2022.02/bin/../lib/gcc/arm-none-eabi/11.2.1/thumb/v7e-m/nofp\libc_nano.a(lib_a-closer.o)
 .ARM.attributes
                0x00000776       0x2e c:/program files (x86)/arm gnu toolchain arm-none-eabi/11.2 2022.02/bin/../lib/gcc/arm-none-eabi/11.2.1/thumb/v7e-m/nofp\libc_nano.a(lib_a-fstatr.o)
 .ARM.attributes
                0x000007a4       0x2e c:/program files (x86)/arm gnu toolchain arm-none-eabi/11.2 2022.02/bin/../lib/gcc/arm-none-eabi/11.2.1/thumb/v7e-m/nofp\libc_nano.a(lib_a-isattyr.o)
 .ARM.attributes
                0x000007d2       0x2e c:/program files (x86)/arm gnu toolchain arm-none-eabi/11.2 2022.02/bin/../lib/gcc/arm-none-eabi/11.2.1/thumb/v7e-m/nofp\libc_nano.a(lib_a-lseekr.o)
 .ARM.attributes
                0x00000800       0x2e c:/program files (x86)/arm gnu toolchain arm-none-eabi/11.2 2022.02/bin/../lib/gcc/arm-none-eabi/11.2.1/thumb/v7e-m/nofp\libc_nano.a(lib_a-readr.o)
 .ARM.attributes
                0x0000082e       0x2e c:/program files (x86)/arm gnu toolchain arm-none-eabi/11.2 2022.02/bin/../lib/gcc/arm-none-eabi/11.2.1/thumb/v7e-m/nofp/crtend.o
 .ARM.attributes
                0x0000085c       0x1e c:/program files (x86)/arm gnu toolchain arm-none-eabi/11.2 2022.02/bin/../lib/gcc/arm-none-eabi/11.2.1/thumb/v7e-m/nofp/crtn.o

.comment        0x00000000       0x57
 .comment       0x00000000       0x57 c:/program files (x86)/arm gnu toolchain arm-none-eabi/11.2 2022.02/bin/../lib/gcc/arm-none-eabi/11.2.1/thumb/v7e-m/nofp/crtbegin.o
                                 0x58 (size before relaxing)
 .comment       0x00000057       0x58 out/Obj/led.o
 .comment       0x00000057       0x58 out/Obj/syscalls.o
 .comment       0x00000057       0x58 out/Obj/sw_init.o
 .comment       0x00000057       0x58 out/Obj/cortex.o
 .comment       0x00000057       0x58 out/Obj/platform.o
 .comment       0x00000057       0x58 out/Obj/task_scheduler.o
 .comment       0x00000057       0x58 out/Obj/imu.o
 .comment       0x00000057       0x58 out/Obj/i2c.o
 .comment       0x00000057       0x58 out/Obj/rotary_encoder.o
 .comment       0x00000057       0x58 out/Obj/pwm.o
 .comment       0x00000057       0x58 out/Obj/timer.o
 .comment       0x00000057       0x58 out/Obj/gpio.o
 .comment       0x00000057       0x58 out/Obj/stm32_startup.o
 .comment       0x00000057       0x58 out/Obj/main.o
 .comment       0x00000057       0x58 c:/program files (x86)/arm gnu toolchain arm-none-eabi/11.2 2022.02/bin/../lib/gcc/arm-none-eabi/11.2.1/thumb/v7e-m/nofp\libc_nano.a(lib_a-errno.o)
 .comment       0x00000057       0x58 c:/program files (x86)/arm gnu toolchain arm-none-eabi/11.2 2022.02/bin/../lib/gcc/arm-none-eabi/11.2.1/thumb/v7e-m/nofp\libc_nano.a(lib_a-exit.o)
 .comment       0x00000057       0x58 c:/program files (x86)/arm gnu toolchain arm-none-eabi/11.2 2022.02/bin/../lib/gcc/arm-none-eabi/11.2.1/thumb/v7e-m/nofp\libc_nano.a(lib_a-impure.o)
 .comment       0x00000057       0x58 c:/program files (x86)/arm gnu toolchain arm-none-eabi/11.2 2022.02/bin/../lib/gcc/arm-none-eabi/11.2.1/thumb/v7e-m/nofp\libc_nano.a(lib_a-init.o)
 .comment       0x00000057       0x58 c:/program files (x86)/arm gnu toolchain arm-none-eabi/11.2 2022.02/bin/../lib/gcc/arm-none-eabi/11.2.1/thumb/v7e-m/nofp\libc_nano.a(lib_a-malloc.o)
 .comment       0x00000057       0x58 c:/program files (x86)/arm gnu toolchain arm-none-eabi/11.2 2022.02/bin/../lib/gcc/arm-none-eabi/11.2.1/thumb/v7e-m/nofp\libc_nano.a(lib_a-memcmp.o)
 .comment       0x00000057       0x58 c:/program files (x86)/arm gnu toolchain arm-none-eabi/11.2 2022.02/bin/../lib/gcc/arm-none-eabi/11.2.1/thumb/v7e-m/nofp\libc_nano.a(lib_a-memset.o)
 .comment       0x00000057       0x58 c:/program files (x86)/arm gnu toolchain arm-none-eabi/11.2 2022.02/bin/../lib/gcc/arm-none-eabi/11.2.1/thumb/v7e-m/nofp\libc_nano.a(lib_a-nano-freer.o)
 .comment       0x00000057       0x58 c:/program files (x86)/arm gnu toolchain arm-none-eabi/11.2 2022.02/bin/../lib/gcc/arm-none-eabi/11.2.1/thumb/v7e-m/nofp\libc_nano.a(lib_a-nano-mallocr.o)
 .comment       0x00000057       0x58 c:/program files (x86)/arm gnu toolchain arm-none-eabi/11.2 2022.02/bin/../lib/gcc/arm-none-eabi/11.2.1/thumb/v7e-m/nofp\libc_nano.a(lib_a-puts.o)
 .comment       0x00000057       0x58 c:/program files (x86)/arm gnu toolchain arm-none-eabi/11.2 2022.02/bin/../lib/gcc/arm-none-eabi/11.2.1/thumb/v7e-m/nofp\libc_nano.a(lib_a-sbrkr.o)
 .comment       0x00000057       0x58 c:/program files (x86)/arm gnu toolchain arm-none-eabi/11.2 2022.02/bin/../lib/gcc/arm-none-eabi/11.2.1/thumb/v7e-m/nofp\libc_nano.a(lib_a-wbuf.o)
 .comment       0x00000057       0x58 c:/program files (x86)/arm gnu toolchain arm-none-eabi/11.2 2022.02/bin/../lib/gcc/arm-none-eabi/11.2.1/thumb/v7e-m/nofp\libc_nano.a(lib_a-wsetup.o)
 .comment       0x00000057       0x58 c:/program files (x86)/arm gnu toolchain arm-none-eabi/11.2 2022.02/bin/../lib/gcc/arm-none-eabi/11.2.1/thumb/v7e-m/nofp\libc_nano.a(lib_a-fflush.o)
 .comment       0x00000057       0x58 c:/program files (x86)/arm gnu toolchain arm-none-eabi/11.2 2022.02/bin/../lib/gcc/arm-none-eabi/11.2.1/thumb/v7e-m/nofp\libc_nano.a(lib_a-findfp.o)
 .comment       0x00000057       0x58 c:/program files (x86)/arm gnu toolchain arm-none-eabi/11.2 2022.02/bin/../lib/gcc/arm-none-eabi/11.2.1/thumb/v7e-m/nofp\libc_nano.a(lib_a-fwalk.o)
 .comment       0x00000057       0x58 c:/program files (x86)/arm gnu toolchain arm-none-eabi/11.2 2022.02/bin/../lib/gcc/arm-none-eabi/11.2.1/thumb/v7e-m/nofp\libc_nano.a(lib_a-makebuf.o)
 .comment       0x00000057       0x58 c:/program files (x86)/arm gnu toolchain arm-none-eabi/11.2 2022.02/bin/../lib/gcc/arm-none-eabi/11.2.1/thumb/v7e-m/nofp\libc_nano.a(lib_a-mlock.o)
 .comment       0x00000057       0x58 c:/program files (x86)/arm gnu toolchain arm-none-eabi/11.2 2022.02/bin/../lib/gcc/arm-none-eabi/11.2.1/thumb/v7e-m/nofp\libc_nano.a(lib_a-reent.o)
 .comment       0x00000057       0x58 c:/program files (x86)/arm gnu toolchain arm-none-eabi/11.2 2022.02/bin/../lib/gcc/arm-none-eabi/11.2.1/thumb/v7e-m/nofp\libc_nano.a(lib_a-stdio.o)
 .comment       0x00000057       0x58 c:/program files (x86)/arm gnu toolchain arm-none-eabi/11.2 2022.02/bin/../lib/gcc/arm-none-eabi/11.2.1/thumb/v7e-m/nofp\libc_nano.a(lib_a-writer.o)
 .comment       0x00000057       0x58 c:/program files (x86)/arm gnu toolchain arm-none-eabi/11.2 2022.02/bin/../lib/gcc/arm-none-eabi/11.2.1/thumb/v7e-m/nofp\libc_nano.a(lib_a-closer.o)
 .comment       0x00000057       0x58 c:/program files (x86)/arm gnu toolchain arm-none-eabi/11.2 2022.02/bin/../lib/gcc/arm-none-eabi/11.2.1/thumb/v7e-m/nofp\libc_nano.a(lib_a-fstatr.o)
 .comment       0x00000057       0x58 c:/program files (x86)/arm gnu toolchain arm-none-eabi/11.2 2022.02/bin/../lib/gcc/arm-none-eabi/11.2.1/thumb/v7e-m/nofp\libc_nano.a(lib_a-isattyr.o)
 .comment       0x00000057       0x58 c:/program files (x86)/arm gnu toolchain arm-none-eabi/11.2 2022.02/bin/../lib/gcc/arm-none-eabi/11.2.1/thumb/v7e-m/nofp\libc_nano.a(lib_a-lseekr.o)
 .comment       0x00000057       0x58 c:/program files (x86)/arm gnu toolchain arm-none-eabi/11.2 2022.02/bin/../lib/gcc/arm-none-eabi/11.2.1/thumb/v7e-m/nofp\libc_nano.a(lib_a-readr.o)
 .comment       0x00000057       0x58 c:/program files (x86)/arm gnu toolchain arm-none-eabi/11.2 2022.02/bin/../lib/gcc/arm-none-eabi/11.2.1/thumb/v7e-m/nofp/crtend.o

.debug_line     0x00000000     0x8c00
 .debug_line    0x00000000       0x76 c:/program files (x86)/arm gnu toolchain arm-none-eabi/11.2 2022.02/bin/../lib/gcc/arm-none-eabi/11.2.1/thumb/v7e-m/nofp/crt0.o
 .debug_line    0x00000076      0x4bb out/Obj/led.o
 .debug_line    0x00000531      0x4ef out/Obj/syscalls.o
 .debug_line    0x00000a20      0x473 out/Obj/sw_init.o
 .debug_line    0x00000e93      0x349 out/Obj/cortex.o
 .debug_line    0x000011dc      0x4ed out/Obj/platform.o
 .debug_line    0x000016c9      0x687 out/Obj/task_scheduler.o
 .debug_line    0x00001d50      0x93e out/Obj/imu.o
 .debug_line    0x0000268e      0x778 out/Obj/i2c.o
 .debug_line    0x00002e06      0x2ce out/Obj/rotary_encoder.o
 .debug_line    0x000030d4      0x2be out/Obj/pwm.o
 .debug_line    0x00003392      0x319 out/Obj/timer.o
 .debug_line    0x000036ab      0x4c0 out/Obj/gpio.o
 .debug_line    0x00003b6b      0x2ae out/Obj/stm32_startup.o
 .debug_line    0x00003e19      0x659 out/Obj/main.o
 .debug_line    0x00004472       0xbd c:/program files (x86)/arm gnu toolchain arm-none-eabi/11.2 2022.02/bin/../lib/gcc/arm-none-eabi/11.2.1/thumb/v7e-m/nofp\libgcc.a(_arm_mulsf3.o)
 .debug_line    0x0000452f      0x103 c:/program files (x86)/arm gnu toolchain arm-none-eabi/11.2 2022.02/bin/../lib/gcc/arm-none-eabi/11.2.1/thumb/v7e-m/nofp\libgcc.a(_arm_addsubsf3.o)
 .debug_line    0x00004632      0x123 c:/program files (x86)/arm gnu toolchain arm-none-eabi/11.2 2022.02/bin/../lib/gcc/arm-none-eabi/11.2.1/thumb/v7e-m/nofp\libgcc.a(_arm_muldivsf3.o)
 .debug_line    0x00004755       0x9a c:/program files (x86)/arm gnu toolchain arm-none-eabi/11.2 2022.02/bin/../lib/gcc/arm-none-eabi/11.2.1/thumb/v7e-m/nofp\libgcc.a(_arm_cmpsf2.o)
 .debug_line    0x000047ef       0x5e c:/program files (x86)/arm gnu toolchain arm-none-eabi/11.2 2022.02/bin/../lib/gcc/arm-none-eabi/11.2.1/thumb/v7e-m/nofp\libgcc.a(_arm_fixunssfsi.o)
 .debug_line    0x0000484d      0x17d c:/program files (x86)/arm gnu toolchain arm-none-eabi/11.2 2022.02/bin/../lib/gcc/arm-none-eabi/11.2.1/thumb/v7e-m/nofp\libc_nano.a(lib_a-errno.o)
 .debug_line    0x000049ca      0x201 c:/program files (x86)/arm gnu toolchain arm-none-eabi/11.2 2022.02/bin/../lib/gcc/arm-none-eabi/11.2.1/thumb/v7e-m/nofp\libc_nano.a(lib_a-exit.o)
 .debug_line    0x00004bcb      0x15b c:/program files (x86)/arm gnu toolchain arm-none-eabi/11.2 2022.02/bin/../lib/gcc/arm-none-eabi/11.2.1/thumb/v7e-m/nofp\libc_nano.a(lib_a-impure.o)
 .debug_line    0x00004d26      0x17f c:/program files (x86)/arm gnu toolchain arm-none-eabi/11.2 2022.02/bin/../lib/gcc/arm-none-eabi/11.2.1/thumb/v7e-m/nofp\libc_nano.a(lib_a-init.o)
 .debug_line    0x00004ea5      0x1fa c:/program files (x86)/arm gnu toolchain arm-none-eabi/11.2 2022.02/bin/../lib/gcc/arm-none-eabi/11.2.1/thumb/v7e-m/nofp\libc_nano.a(lib_a-malloc.o)
 .debug_line    0x0000509f      0x195 c:/program files (x86)/arm gnu toolchain arm-none-eabi/11.2 2022.02/bin/../lib/gcc/arm-none-eabi/11.2.1/thumb/v7e-m/nofp\libc_nano.a(lib_a-memcmp.o)
 .debug_line    0x00005234      0x176 c:/program files (x86)/arm gnu toolchain arm-none-eabi/11.2 2022.02/bin/../lib/gcc/arm-none-eabi/11.2.1/thumb/v7e-m/nofp\libc_nano.a(lib_a-memset.o)
 .debug_line    0x000053aa      0x301 c:/program files (x86)/arm gnu toolchain arm-none-eabi/11.2 2022.02/bin/../lib/gcc/arm-none-eabi/11.2.1/thumb/v7e-m/nofp\libc_nano.a(lib_a-nano-freer.o)
 .debug_line    0x000056ab      0x496 c:/program files (x86)/arm gnu toolchain arm-none-eabi/11.2 2022.02/bin/../lib/gcc/arm-none-eabi/11.2.1/thumb/v7e-m/nofp\libc_nano.a(lib_a-nano-mallocr.o)
 .debug_line    0x00005b41      0x372 c:/program files (x86)/arm gnu toolchain arm-none-eabi/11.2 2022.02/bin/../lib/gcc/arm-none-eabi/11.2.1/thumb/v7e-m/nofp\libc_nano.a(lib_a-puts.o)
 .debug_line    0x00005eb3      0x214 c:/program files (x86)/arm gnu toolchain arm-none-eabi/11.2 2022.02/bin/../lib/gcc/arm-none-eabi/11.2.1/thumb/v7e-m/nofp\libc_nano.a(lib_a-sbrkr.o)
 .debug_line    0x000060c7      0x2f7 c:/program files (x86)/arm gnu toolchain arm-none-eabi/11.2 2022.02/bin/../lib/gcc/arm-none-eabi/11.2.1/thumb/v7e-m/nofp\libc_nano.a(lib_a-wbuf.o)
 .debug_line    0x000063be      0x33b c:/program files (x86)/arm gnu toolchain arm-none-eabi/11.2 2022.02/bin/../lib/gcc/arm-none-eabi/11.2.1/thumb/v7e-m/nofp\libc_nano.a(lib_a-wsetup.o)
 .debug_line    0x000066f9      0x47e c:/program files (x86)/arm gnu toolchain arm-none-eabi/11.2 2022.02/bin/../lib/gcc/arm-none-eabi/11.2.1/thumb/v7e-m/nofp\libc_nano.a(lib_a-fflush.o)
 .debug_line    0x00006b77      0x518 c:/program files (x86)/arm gnu toolchain arm-none-eabi/11.2 2022.02/bin/../lib/gcc/arm-none-eabi/11.2.1/thumb/v7e-m/nofp\libc_nano.a(lib_a-findfp.o)
 .debug_line    0x0000708f      0x2cc c:/program files (x86)/arm gnu toolchain arm-none-eabi/11.2 2022.02/bin/../lib/gcc/arm-none-eabi/11.2.1/thumb/v7e-m/nofp\libc_nano.a(lib_a-fwalk.o)
 .debug_line    0x0000735b      0x3c3 c:/program files (x86)/arm gnu toolchain arm-none-eabi/11.2 2022.02/bin/../lib/gcc/arm-none-eabi/11.2.1/thumb/v7e-m/nofp\libc_nano.a(lib_a-makebuf.o)
 .debug_line    0x0000771e      0x1d2 c:/program files (x86)/arm gnu toolchain arm-none-eabi/11.2 2022.02/bin/../lib/gcc/arm-none-eabi/11.2.1/thumb/v7e-m/nofp\libc_nano.a(lib_a-mlock.o)
 .debug_line    0x000078f0      0x319 c:/program files (x86)/arm gnu toolchain arm-none-eabi/11.2 2022.02/bin/../lib/gcc/arm-none-eabi/11.2.1/thumb/v7e-m/nofp\libc_nano.a(lib_a-reent.o)
 .debug_line    0x00007c09      0x2ed c:/program files (x86)/arm gnu toolchain arm-none-eabi/11.2 2022.02/bin/../lib/gcc/arm-none-eabi/11.2.1/thumb/v7e-m/nofp\libc_nano.a(lib_a-stdio.o)
 .debug_line    0x00007ef6      0x213 c:/program files (x86)/arm gnu toolchain arm-none-eabi/11.2 2022.02/bin/../lib/gcc/arm-none-eabi/11.2.1/thumb/v7e-m/nofp\libc_nano.a(lib_a-writer.o)
 .debug_line    0x00008109      0x214 c:/program files (x86)/arm gnu toolchain arm-none-eabi/11.2 2022.02/bin/../lib/gcc/arm-none-eabi/11.2.1/thumb/v7e-m/nofp\libc_nano.a(lib_a-closer.o)
 .debug_line    0x0000831d      0x2a9 c:/program files (x86)/arm gnu toolchain arm-none-eabi/11.2 2022.02/bin/../lib/gcc/arm-none-eabi/11.2.1/thumb/v7e-m/nofp\libc_nano.a(lib_a-fstatr.o)
 .debug_line    0x000085c6      0x215 c:/program files (x86)/arm gnu toolchain arm-none-eabi/11.2 2022.02/bin/../lib/gcc/arm-none-eabi/11.2.1/thumb/v7e-m/nofp\libc_nano.a(lib_a-isattyr.o)
 .debug_line    0x000087db      0x213 c:/program files (x86)/arm gnu toolchain arm-none-eabi/11.2 2022.02/bin/../lib/gcc/arm-none-eabi/11.2.1/thumb/v7e-m/nofp\libc_nano.a(lib_a-lseekr.o)
 .debug_line    0x000089ee      0x212 c:/program files (x86)/arm gnu toolchain arm-none-eabi/11.2 2022.02/bin/../lib/gcc/arm-none-eabi/11.2.1/thumb/v7e-m/nofp\libc_nano.a(lib_a-readr.o)

.debug_line_str
                0x00000000       0xa7
 .debug_line_str
                0x00000000       0x53 c:/program files (x86)/arm gnu toolchain arm-none-eabi/11.2 2022.02/bin/../lib/gcc/arm-none-eabi/11.2.1/thumb/v7e-m/nofp/crt0.o
                                 0xa6 (size before relaxing)
 .debug_line_str
                0x00000053       0x54 c:/program files (x86)/arm gnu toolchain arm-none-eabi/11.2 2022.02/bin/../lib/gcc/arm-none-eabi/11.2.1/thumb/v7e-m/nofp\libgcc.a(_arm_mulsf3.o)
                                 0xa8 (size before relaxing)
 .debug_line_str
                0x000000a7       0xa8 c:/program files (x86)/arm gnu toolchain arm-none-eabi/11.2 2022.02/bin/../lib/gcc/arm-none-eabi/11.2.1/thumb/v7e-m/nofp\libgcc.a(_arm_addsubsf3.o)
 .debug_line_str
                0x000000a7       0xa8 c:/program files (x86)/arm gnu toolchain arm-none-eabi/11.2 2022.02/bin/../lib/gcc/arm-none-eabi/11.2.1/thumb/v7e-m/nofp\libgcc.a(_arm_muldivsf3.o)
 .debug_line_str
                0x000000a7       0xa8 c:/program files (x86)/arm gnu toolchain arm-none-eabi/11.2 2022.02/bin/../lib/gcc/arm-none-eabi/11.2.1/thumb/v7e-m/nofp\libgcc.a(_arm_cmpsf2.o)
 .debug_line_str
                0x000000a7       0xa8 c:/program files (x86)/arm gnu toolchain arm-none-eabi/11.2 2022.02/bin/../lib/gcc/arm-none-eabi/11.2.1/thumb/v7e-m/nofp\libgcc.a(_arm_fixunssfsi.o)

.debug_info     0x00000000    0x12fb7
 .debug_info    0x00000000       0x24 c:/program files (x86)/arm gnu toolchain arm-none-eabi/11.2 2022.02/bin/../lib/gcc/arm-none-eabi/11.2.1/thumb/v7e-m/nofp/crt0.o
 .debug_info    0x00000024      0x203 out/Obj/led.o
 .debug_info    0x00000227      0x715 out/Obj/syscalls.o
 .debug_info    0x0000093c      0x797 out/Obj/sw_init.o
 .debug_info    0x000010d3      0x27d out/Obj/cortex.o
 .debug_info    0x00001350      0x407 out/Obj/platform.o
 .debug_info    0x00001757      0x412 out/Obj/task_scheduler.o
 .debug_info    0x00001b69     0x1668 out/Obj/imu.o
 .debug_info    0x000031d1      0x9dc out/Obj/i2c.o
 .debug_info    0x00003bad      0x2b4 out/Obj/rotary_encoder.o
 .debug_info    0x00003e61      0x609 out/Obj/pwm.o
 .debug_info    0x0000446a      0x4e5 out/Obj/timer.o
 .debug_info    0x0000494f      0x412 out/Obj/gpio.o
 .debug_info    0x00004d61      0x18d out/Obj/stm32_startup.o
 .debug_info    0x00004eee      0xe03 out/Obj/main.o
 .debug_info    0x00005cf1       0x25 c:/program files (x86)/arm gnu toolchain arm-none-eabi/11.2 2022.02/bin/../lib/gcc/arm-none-eabi/11.2.1/thumb/v7e-m/nofp\libgcc.a(_arm_mulsf3.o)
 .debug_info    0x00005d16       0x25 c:/program files (x86)/arm gnu toolchain arm-none-eabi/11.2 2022.02/bin/../lib/gcc/arm-none-eabi/11.2.1/thumb/v7e-m/nofp\libgcc.a(_arm_addsubsf3.o)
 .debug_info    0x00005d3b       0x25 c:/program files (x86)/arm gnu toolchain arm-none-eabi/11.2 2022.02/bin/../lib/gcc/arm-none-eabi/11.2.1/thumb/v7e-m/nofp\libgcc.a(_arm_muldivsf3.o)
 .debug_info    0x00005d60       0x25 c:/program files (x86)/arm gnu toolchain arm-none-eabi/11.2 2022.02/bin/../lib/gcc/arm-none-eabi/11.2.1/thumb/v7e-m/nofp\libgcc.a(_arm_cmpsf2.o)
 .debug_info    0x00005d85       0x24 c:/program files (x86)/arm gnu toolchain arm-none-eabi/11.2 2022.02/bin/../lib/gcc/arm-none-eabi/11.2.1/thumb/v7e-m/nofp\libgcc.a(_arm_fixunssfsi.o)
 .debug_info    0x00005da9      0x751 c:/program files (x86)/arm gnu toolchain arm-none-eabi/11.2 2022.02/bin/../lib/gcc/arm-none-eabi/11.2.1/thumb/v7e-m/nofp\libc_nano.a(lib_a-errno.o)
 .debug_info    0x000064fa      0x7cb c:/program files (x86)/arm gnu toolchain arm-none-eabi/11.2 2022.02/bin/../lib/gcc/arm-none-eabi/11.2.1/thumb/v7e-m/nofp\libc_nano.a(lib_a-exit.o)
 .debug_info    0x00006cc5      0x7fc c:/program files (x86)/arm gnu toolchain arm-none-eabi/11.2 2022.02/bin/../lib/gcc/arm-none-eabi/11.2.1/thumb/v7e-m/nofp\libc_nano.a(lib_a-impure.o)
 .debug_info    0x000074c1      0x10b c:/program files (x86)/arm gnu toolchain arm-none-eabi/11.2 2022.02/bin/../lib/gcc/arm-none-eabi/11.2.1/thumb/v7e-m/nofp\libc_nano.a(lib_a-init.o)
 .debug_info    0x000075cc      0x7ea c:/program files (x86)/arm gnu toolchain arm-none-eabi/11.2 2022.02/bin/../lib/gcc/arm-none-eabi/11.2.1/thumb/v7e-m/nofp\libc_nano.a(lib_a-malloc.o)
 .debug_info    0x00007db6      0x104 c:/program files (x86)/arm gnu toolchain arm-none-eabi/11.2 2022.02/bin/../lib/gcc/arm-none-eabi/11.2.1/thumb/v7e-m/nofp\libc_nano.a(lib_a-memcmp.o)
 .debug_info    0x00007eba       0xe0 c:/program files (x86)/arm gnu toolchain arm-none-eabi/11.2 2022.02/bin/../lib/gcc/arm-none-eabi/11.2.1/thumb/v7e-m/nofp\libc_nano.a(lib_a-memset.o)
 .debug_info    0x00007f9a      0x8a1 c:/program files (x86)/arm gnu toolchain arm-none-eabi/11.2 2022.02/bin/../lib/gcc/arm-none-eabi/11.2.1/thumb/v7e-m/nofp\libc_nano.a(lib_a-nano-freer.o)
 .debug_info    0x0000883b      0xa12 c:/program files (x86)/arm gnu toolchain arm-none-eabi/11.2 2022.02/bin/../lib/gcc/arm-none-eabi/11.2.1/thumb/v7e-m/nofp\libc_nano.a(lib_a-nano-mallocr.o)
 .debug_info    0x0000924d      0xa0f c:/program files (x86)/arm gnu toolchain arm-none-eabi/11.2 2022.02/bin/../lib/gcc/arm-none-eabi/11.2.1/thumb/v7e-m/nofp\libc_nano.a(lib_a-puts.o)
 .debug_info    0x00009c5c      0x7d2 c:/program files (x86)/arm gnu toolchain arm-none-eabi/11.2 2022.02/bin/../lib/gcc/arm-none-eabi/11.2.1/thumb/v7e-m/nofp\libc_nano.a(lib_a-sbrkr.o)
 .debug_info    0x0000a42e      0x953 c:/program files (x86)/arm gnu toolchain arm-none-eabi/11.2 2022.02/bin/../lib/gcc/arm-none-eabi/11.2.1/thumb/v7e-m/nofp\libc_nano.a(lib_a-wbuf.o)
 .debug_info    0x0000ad81      0x8af c:/program files (x86)/arm gnu toolchain arm-none-eabi/11.2 2022.02/bin/../lib/gcc/arm-none-eabi/11.2.1/thumb/v7e-m/nofp\libc_nano.a(lib_a-wsetup.o)
 .debug_info    0x0000b630      0xa4b c:/program files (x86)/arm gnu toolchain arm-none-eabi/11.2 2022.02/bin/../lib/gcc/arm-none-eabi/11.2.1/thumb/v7e-m/nofp\libc_nano.a(lib_a-fflush.o)
 .debug_info    0x0000c07b      0xebd c:/program files (x86)/arm gnu toolchain arm-none-eabi/11.2 2022.02/bin/../lib/gcc/arm-none-eabi/11.2.1/thumb/v7e-m/nofp\libc_nano.a(lib_a-findfp.o)
 .debug_info    0x0000cf38      0x88f c:/program files (x86)/arm gnu toolchain arm-none-eabi/11.2 2022.02/bin/../lib/gcc/arm-none-eabi/11.2.1/thumb/v7e-m/nofp\libc_nano.a(lib_a-fwalk.o)
 .debug_info    0x0000d7c7      0xb81 c:/program files (x86)/arm gnu toolchain arm-none-eabi/11.2 2022.02/bin/../lib/gcc/arm-none-eabi/11.2.1/thumb/v7e-m/nofp\libc_nano.a(lib_a-makebuf.o)
 .debug_info    0x0000e348      0x77c c:/program files (x86)/arm gnu toolchain arm-none-eabi/11.2 2022.02/bin/../lib/gcc/arm-none-eabi/11.2.1/thumb/v7e-m/nofp\libc_nano.a(lib_a-mlock.o)
 .debug_info    0x0000eac4      0x92c c:/program files (x86)/arm gnu toolchain arm-none-eabi/11.2 2022.02/bin/../lib/gcc/arm-none-eabi/11.2.1/thumb/v7e-m/nofp\libc_nano.a(lib_a-reent.o)
 .debug_info    0x0000f3f0      0xaaa c:/program files (x86)/arm gnu toolchain arm-none-eabi/11.2 2022.02/bin/../lib/gcc/arm-none-eabi/11.2.1/thumb/v7e-m/nofp\libc_nano.a(lib_a-stdio.o)
 .debug_info    0x0000fe9a      0x809 c:/program files (x86)/arm gnu toolchain arm-none-eabi/11.2 2022.02/bin/../lib/gcc/arm-none-eabi/11.2.1/thumb/v7e-m/nofp\libc_nano.a(lib_a-writer.o)
 .debug_info    0x000106a3      0x7ad c:/program files (x86)/arm gnu toolchain arm-none-eabi/11.2 2022.02/bin/../lib/gcc/arm-none-eabi/11.2.1/thumb/v7e-m/nofp\libc_nano.a(lib_a-closer.o)
 .debug_info    0x00010e50      0x9cb c:/program files (x86)/arm gnu toolchain arm-none-eabi/11.2 2022.02/bin/../lib/gcc/arm-none-eabi/11.2.1/thumb/v7e-m/nofp\libc_nano.a(lib_a-fstatr.o)
 .debug_info    0x0001181b      0x7ad c:/program files (x86)/arm gnu toolchain arm-none-eabi/11.2 2022.02/bin/../lib/gcc/arm-none-eabi/11.2.1/thumb/v7e-m/nofp\libc_nano.a(lib_a-isattyr.o)
 .debug_info    0x00011fc8      0x7ec c:/program files (x86)/arm gnu toolchain arm-none-eabi/11.2 2022.02/bin/../lib/gcc/arm-none-eabi/11.2.1/thumb/v7e-m/nofp\libc_nano.a(lib_a-lseekr.o)
 .debug_info    0x000127b4      0x803 c:/program files (x86)/arm gnu toolchain arm-none-eabi/11.2 2022.02/bin/../lib/gcc/arm-none-eabi/11.2.1/thumb/v7e-m/nofp\libc_nano.a(lib_a-readr.o)

.debug_abbrev   0x00000000     0x46a5
 .debug_abbrev  0x00000000       0x14 c:/program files (x86)/arm gnu toolchain arm-none-eabi/11.2 2022.02/bin/../lib/gcc/arm-none-eabi/11.2.1/thumb/v7e-m/nofp/crt0.o
 .debug_abbrev  0x00000014      0x10d out/Obj/led.o
 .debug_abbrev  0x00000121      0x1ca out/Obj/syscalls.o
 .debug_abbrev  0x000002eb      0x175 out/Obj/sw_init.o
 .debug_abbrev  0x00000460      0x140 out/Obj/cortex.o
 .debug_abbrev  0x000005a0      0x15b out/Obj/platform.o
 .debug_abbrev  0x000006fb      0x1ab out/Obj/task_scheduler.o
 .debug_abbrev  0x000008a6      0x2a1 out/Obj/imu.o
 .debug_abbrev  0x00000b47      0x206 out/Obj/i2c.o
 .debug_abbrev  0x00000d4d      0x11c out/Obj/rotary_encoder.o
 .debug_abbrev  0x00000e69      0x164 out/Obj/pwm.o
 .debug_abbrev  0x00000fcd      0x139 out/Obj/timer.o
 .debug_abbrev  0x00001106      0x15d out/Obj/gpio.o
 .debug_abbrev  0x00001263      0x114 out/Obj/stm32_startup.o
 .debug_abbrev  0x00001377      0x28a out/Obj/main.o
 .debug_abbrev  0x00001601       0x14 c:/program files (x86)/arm gnu toolchain arm-none-eabi/11.2 2022.02/bin/../lib/gcc/arm-none-eabi/11.2.1/thumb/v7e-m/nofp\libgcc.a(_arm_mulsf3.o)
 .debug_abbrev  0x00001615       0x14 c:/program files (x86)/arm gnu toolchain arm-none-eabi/11.2 2022.02/bin/../lib/gcc/arm-none-eabi/11.2.1/thumb/v7e-m/nofp\libgcc.a(_arm_addsubsf3.o)
 .debug_abbrev  0x00001629       0x14 c:/program files (x86)/arm gnu toolchain arm-none-eabi/11.2 2022.02/bin/../lib/gcc/arm-none-eabi/11.2.1/thumb/v7e-m/nofp\libgcc.a(_arm_muldivsf3.o)
 .debug_abbrev  0x0000163d       0x14 c:/program files (x86)/arm gnu toolchain arm-none-eabi/11.2 2022.02/bin/../lib/gcc/arm-none-eabi/11.2.1/thumb/v7e-m/nofp\libgcc.a(_arm_cmpsf2.o)
 .debug_abbrev  0x00001651       0x14 c:/program files (x86)/arm gnu toolchain arm-none-eabi/11.2 2022.02/bin/../lib/gcc/arm-none-eabi/11.2.1/thumb/v7e-m/nofp\libgcc.a(_arm_fixunssfsi.o)
 .debug_abbrev  0x00001665      0x15e c:/program files (x86)/arm gnu toolchain arm-none-eabi/11.2 2022.02/bin/../lib/gcc/arm-none-eabi/11.2.1/thumb/v7e-m/nofp\libc_nano.a(lib_a-errno.o)
 .debug_abbrev  0x000017c3      0x1d2 c:/program files (x86)/arm gnu toolchain arm-none-eabi/11.2 2022.02/bin/../lib/gcc/arm-none-eabi/11.2.1/thumb/v7e-m/nofp\libc_nano.a(lib_a-exit.o)
 .debug_abbrev  0x00001995      0x15a c:/program files (x86)/arm gnu toolchain arm-none-eabi/11.2 2022.02/bin/../lib/gcc/arm-none-eabi/11.2.1/thumb/v7e-m/nofp\libc_nano.a(lib_a-impure.o)
 .debug_abbrev  0x00001aef       0xc9 c:/program files (x86)/arm gnu toolchain arm-none-eabi/11.2 2022.02/bin/../lib/gcc/arm-none-eabi/11.2.1/thumb/v7e-m/nofp\libc_nano.a(lib_a-init.o)
 .debug_abbrev  0x00001bb8      0x1cf c:/program files (x86)/arm gnu toolchain arm-none-eabi/11.2 2022.02/bin/../lib/gcc/arm-none-eabi/11.2.1/thumb/v7e-m/nofp\libc_nano.a(lib_a-malloc.o)
 .debug_abbrev  0x00001d87       0x90 c:/program files (x86)/arm gnu toolchain arm-none-eabi/11.2 2022.02/bin/../lib/gcc/arm-none-eabi/11.2.1/thumb/v7e-m/nofp\libc_nano.a(lib_a-memcmp.o)
 .debug_abbrev  0x00001e17       0x9e c:/program files (x86)/arm gnu toolchain arm-none-eabi/11.2 2022.02/bin/../lib/gcc/arm-none-eabi/11.2.1/thumb/v7e-m/nofp\libc_nano.a(lib_a-memset.o)
 .debug_abbrev  0x00001eb5      0x236 c:/program files (x86)/arm gnu toolchain arm-none-eabi/11.2 2022.02/bin/../lib/gcc/arm-none-eabi/11.2.1/thumb/v7e-m/nofp\libc_nano.a(lib_a-nano-freer.o)
 .debug_abbrev  0x000020eb      0x24a c:/program files (x86)/arm gnu toolchain arm-none-eabi/11.2 2022.02/bin/../lib/gcc/arm-none-eabi/11.2.1/thumb/v7e-m/nofp\libc_nano.a(lib_a-nano-mallocr.o)
 .debug_abbrev  0x00002335      0x29f c:/program files (x86)/arm gnu toolchain arm-none-eabi/11.2 2022.02/bin/../lib/gcc/arm-none-eabi/11.2.1/thumb/v7e-m/nofp\libc_nano.a(lib_a-puts.o)
 .debug_abbrev  0x000025d4      0x1da c:/program files (x86)/arm gnu toolchain arm-none-eabi/11.2 2022.02/bin/../lib/gcc/arm-none-eabi/11.2.1/thumb/v7e-m/nofp\libc_nano.a(lib_a-sbrkr.o)
 .debug_abbrev  0x000027ae      0x22e c:/program files (x86)/arm gnu toolchain arm-none-eabi/11.2 2022.02/bin/../lib/gcc/arm-none-eabi/11.2.1/thumb/v7e-m/nofp\libc_nano.a(lib_a-wbuf.o)
 .debug_abbrev  0x000029dc      0x1d9 c:/program files (x86)/arm gnu toolchain arm-none-eabi/11.2 2022.02/bin/../lib/gcc/arm-none-eabi/11.2.1/thumb/v7e-m/nofp\libc_nano.a(lib_a-wsetup.o)