Archive member included to satisfy reference by file (symbol)

c:/program files (x86)/arm gnu toolchain arm-none-eabi/11.2 2022.02/bin/../lib/gcc/arm-none-eabi/11.2.1/thumb/v7e-m/nofp\libgcc.a(_arm_mulsf3.o)
                              out/Obj/pwm.o (__aeabi_fmul)
c:/program files (x86)/arm gnu toolchain arm-none-eabi/11.2 2022.02/bin/../lib/gcc/arm-none-eabi/11.2.1/thumb/v7e-m/nofp\libgcc.a(_arm_addsubsf3.o)
                              out/Obj/pwm.o (__aeabi_ui2f)
c:/program files (x86)/arm gnu toolchain arm-none-eabi/11.2 2022.02/bin/../lib/gcc/arm-none-eabi/11.2.1/thumb/v7e-m/nofp\libgcc.a(_arm_muldivsf3.o)
                              out/Obj/pwm.o (__aeabi_fdiv)
c:/program files (x86)/arm gnu toolchain arm-none-eabi/11.2 2022.02/bin/../lib/gcc/arm-none-eabi/11.2.1/thumb/v7e-m/nofp\libgcc.a(_arm_cmpsf2.o)
                              out/Obj/pwm.o (__aeabi_fcmpgt)
c:/program files (x86)/arm gnu toolchain arm-none-eabi/11.2 2022.02/bin/../lib/gcc/arm-none-eabi/11.2.1/thumb/v7e-m/nofp\libgcc.a(_arm_fixunssfsi.o)
                              out/Obj/pwm.o (__aeabi_f2uiz)
c:/program files (x86)/arm gnu toolchain arm-none-eabi/11.2 2022.02/bin/../lib/gcc/arm-none-eabi/11.2.1/thumb/v7e-m/nofp\libc_nano.a(lib_a-errno.o)
                              out/Obj/syscalls.o (__errno)
c:/program files (x86)/arm gnu toolchain arm-none-eabi/11.2 2022.02/bin/../lib/gcc/arm-none-eabi/11.2.1/thumb/v7e-m/nofp\libc_nano.a(lib_a-exit.o)
                              c:/program files (x86)/arm gnu toolchain arm-none-eabi/11.2 2022.02/bin/../lib/gcc/arm-none-eabi/11.2.1/thumb/v7e-m/nofp/crt0.o (exit)
c:/program files (x86)/arm gnu toolchain arm-none-eabi/11.2 2022.02/bin/../lib/gcc/arm-none-eabi/11.2.1/thumb/v7e-m/nofp\libc_nano.a(lib_a-impure.o)
                              c:/program files (x86)/arm gnu toolchain arm-none-eabi/11.2 2022.02/bin/../lib/gcc/arm-none-eabi/11.2.1/thumb/v7e-m/nofp\libc_nano.a(lib_a-exit.o) (_global_impure_ptr)
c:/program files (x86)/arm gnu toolchain arm-none-eabi/11.2 2022.02/bin/../lib/gcc/arm-none-eabi/11.2.1/thumb/v7e-m/nofp\libc_nano.a(lib_a-init.o)
                              c:/program files (x86)/arm gnu toolchain arm-none-eabi/11.2 2022.02/bin/../lib/gcc/arm-none-eabi/11.2.1/thumb/v7e-m/nofp/crt0.o (__libc_init_array)
c:/program files (x86)/arm gnu toolchain arm-none-eabi/11.2 2022.02/bin/../lib/gcc/arm-none-eabi/11.2.1/thumb/v7e-m/nofp\libc_nano.a(lib_a-malloc.o)
                              out/Obj/imu.o (malloc)
c:/program files (x86)/arm gnu toolchain arm-none-eabi/11.2 2022.02/bin/../lib/gcc/arm-none-eabi/11.2.1/thumb/v7e-m/nofp\libc_nano.a(lib_a-memcmp.o)
                              out/Obj/imu.o (memcmp)
c:/program files (x86)/arm gnu toolchain arm-none-eabi/11.2 2022.02/bin/../lib/gcc/arm-none-eabi/11.2.1/thumb/v7e-m/nofp\libc_nano.a(lib_a-memset.o)
                              c:/program files (x86)/arm gnu toolchain arm-none-eabi/11.2 2022.02/bin/../lib/gcc/arm-none-eabi/11.2.1/thumb/v7e-m/nofp/crt0.o (memset)
c:/program files (x86)/arm gnu toolchain arm-none-eabi/11.2 2022.02/bin/../lib/gcc/arm-none-eabi/11.2.1/thumb/v7e-m/nofp\libc_nano.a(lib_a-nano-freer.o)
                              c:/program files (x86)/arm gnu toolchain arm-none-eabi/11.2 2022.02/bin/../lib/gcc/arm-none-eabi/11.2.1/thumb/v7e-m/nofp\libc_nano.a(lib_a-malloc.o) (_free_r)
c:/program files (x86)/arm gnu toolchain arm-none-eabi/11.2 2022.02/bin/../lib/gcc/arm-none-eabi/11.2.1/thumb/v7e-m/nofp\libc_nano.a(lib_a-nano-mallocr.o)
                              c:/program files (x86)/arm gnu toolchain arm-none-eabi/11.2 2022.02/bin/../lib/gcc/arm-none-eabi/11.2.1/thumb/v7e-m/nofp\libc_nano.a(lib_a-malloc.o) (_malloc_r)
c:/program files (x86)/arm gnu toolchain arm-none-eabi/11.2 2022.02/bin/../lib/gcc/arm-none-eabi/11.2.1/thumb/v7e-m/nofp\libc_nano.a(lib_a-puts.o)
                              out/Obj/main.o (puts)
c:/program files (x86)/arm gnu toolchain arm-none-eabi/11.2 2022.02/bin/../lib/gcc/arm-none-eabi/11.2.1/thumb/v7e-m/nofp\libc_nano.a(lib_a-sbrkr.o)
                              c:/program files (x86)/arm gnu toolchain arm-none-eabi/11.2 2022.02/bin/../lib/gcc/arm-none-eabi/11.2.1/thumb/v7e-m/nofp\libc_nano.a(lib_a-nano-mallocr.o) (_sbrk_r)
c:/program files (x86)/arm gnu toolchain arm-none-eabi/11.2 2022.02/bin/../lib/gcc/arm-none-eabi/11.2.1/thumb/v7e-m/nofp\libc_nano.a(lib_a-wbuf.o)
                              c:/program files (x86)/arm gnu toolchain arm-none-eabi/11.2 2022.02/bin/../lib/gcc/arm-none-eabi/11.2.1/thumb/v7e-m/nofp\libc_nano.a(lib_a-puts.o) (__swbuf_r)
c:/program files (x86)/arm gnu toolchain arm-none-eabi/11.2 2022.02/bin/../lib/gcc/arm-none-eabi/11.2.1/thumb/v7e-m/nofp\libc_nano.a(lib_a-wsetup.o)
                              c:/program files (x86)/arm gnu toolchain arm-none-eabi/11.2 2022.02/bin/../lib/gcc/arm-none-eabi/11.2.1/thumb/v7e-m/nofp\libc_nano.a(lib_a-puts.o) (__swsetup_r)
[...]
Memory Configuration

Name             Origin             Length             Attributes
FLASH            0x08000000         0x00040000         xr
SRAM             0x20000000         0x00010000         xrw
*default*        0x00000000         0xffffffff

Linker script and memory map

LOAD c:/program files (x86)/arm gnu toolchain arm-none-eabi/11.2 2022.02/bin/../lib/gcc/arm-none-eabi/11.2.1/thumb/v7e-m/nofp/crti.o
LOAD c:/program files (x86)/arm gnu toolchain arm-none-eabi/11.2 2022.02/bin/../lib/gcc/arm-none-eabi/11.2.1/thumb/v7e-m/nofp/crtbegin.o
LOAD c:/program files (x86)/arm gnu toolchain arm-none-eabi/11.2 2022.02/bin/../lib/gcc/arm-none-eabi/11.2.1/thumb/v7e-m/nofp/crt0.o
LOAD out/Obj/led.o
LOAD out/Obj/syscalls.o
LOAD out/Obj/sw_init.o
LOAD out/Obj/cortex.o
LOAD out/Obj/platform.o
LOAD out/Obj/task_scheduler.o
LOAD out/Obj/imu.o
LOAD out/Obj/i2c.o
LOAD out/Obj/rotary_encoder.o
LOAD out/Obj/pwm.o
LOAD out/Obj/timer.o
LOAD out/Obj/gpio.o
LOAD out/Obj/stm32_startup.o
LOAD out/Obj/main.o
START GROUP
LOAD c:/program files (x86)/arm gnu toolchain arm-none-eabi/11.2 2022.02/bin/../lib/gcc/arm-none-eabi/11.2.1/thumb/v7e-m/nofp\libgcc.a
LOAD c:/program files (x86)/arm gnu toolchain arm-none-eabi/11.2 2022.02/bin/../lib/gcc/arm-none-eabi/11.2.1/thumb/v7e-m/nofp\libc_nano.a
END GROUP
START GROUP
LOAD c:/program files (x86)/arm gnu toolchain arm-none-eabi/11.2 2022.02/bin/../lib/gcc/arm-none-eabi/11.2.1/thumb/v7e-m/nofp\libgcc.a
LOAD c:/program files (x86)/arm gnu toolchain arm-none-eabi/11.2 2022.02/bin/../lib/gcc/arm-none-eabi/11.2.1/thumb/v7e-m/nofp\libc_nano.a
END GROUP
LOAD c:/program files (x86)/arm gnu toolchain arm-none-eabi/11.2 2022.02/bin/../lib/gcc/arm-none-eabi/11.2.1/thumb/v7e-m/nofp/crtend.o
LOAD c:/program files (x86)/arm gnu toolchain arm-none-eabi/11.2 2022.02/bin/../lib/gcc/arm-none-eabi/11.2.1/thumb/v7e-m/nofp/crtn.o

.text           0x08000000     0x73b0
 *(.isr_vector)
 .isr_vector    0x08000000      0x18c out/Obj/stm32_startup.o
                0x08000000                vectors
 *(.imu_dmp_fw)
 .imu_dmp_fw    0x0800018c      0xbf6 out/Obj/sw_init.o
 *fill*         0x08000d82        0x2 
 .imu_dmp_fw    0x08000d84      0xbf6 out/Obj/platform.o
 *fill*         0x0800197a        0x2 
 .imu_dmp_fw    0x0800197c      0xbf6 out/Obj/task_scheduler.o
 *fill*         0x08002572        0x2 
 .imu_dmp_fw    0x08002574      0xbf6 out/Obj/imu.o
 *(.text)
 .text          0x0800316a        0x0 c:/program files (x86)/arm gnu toolchain arm-none-eabi/11.2 2022.02/bin/../lib/gcc/arm-none-eabi/11.2.1/thumb/v7e-m/nofp/crti.o
 .text          0x0800316a        0x0 c:/program files (x86)/arm gnu toolchain arm-none-eabi/11.2 2022.02/bin/../lib/gcc/arm-none-eabi/11.2.1/thumb/v7e-m/nofp/crtbegin.o
 *fill*         0x0800316a        0x2 
 .text          0x0800316c       0x7c c:/program files (x86)/arm gnu toolchain arm-none-eabi/11.2 2022.02/bin/../lib/gcc/arm-none-eabi/11.2.1/thumb/v7e-m/nofp/crt0.o
                0x0800316c                _stack_init
                0x08003174                _start
                0x08003174                _mainCRTStartup
 .text          0x080031e8       0x9e out/Obj/led.o
                0x080031e8                led_init
                0x0800322c                led_on
                0x08003258                led_off
 *fill*         0x08003286        0x2 
 .text          0x08003288      0x25c out/Obj/syscalls.o
                0x08003288                initialise_monitor_handles
                0x08003294                _getpid
                0x080032a2                _kill
                0x080032c2                _exit
                0x080032d6                _read
                0x08003310                _write
                0x08003348                _close
                0x0800335e                _fstat
                0x0800337c                _isatty
                0x08003390                _lseek
                0x080033a8                _open
                0x080033c2                _wait
                0x080033e0                _unlink
                0x080033fe                _times
                0x08003414                _stat
                0x08003432                _link
                0x08003452                _fork
                0x08003468                _execve
                0x0800348a                _sbrk
 .text          0x080034e4       0x64 out/Obj/sw_init.o
                0x080034e4                sw_hw_init
 .text          0x08003548      0x108 out/Obj/cortex.o
                0x08003548                init_systick_timer
                0x080035c0                enable_configurable_sys_faults
                0x080035f0                taskStackTraceDepth
 .text          0x08003650      0x198 out/Obj/platform.o
                0x08003650                sys_clock_init
                0x080037ac                delay
 .text          0x080037e8      0x45c out/Obj/task_scheduler.o
                0x080037e8                unblock_tasks
                0x0800389c                init_schedulaer_stack
                0x080038a6                init_tasks_stack
                0x08003a08                update_global_tick_count
                0x08003a24                schedule
                0x08003a48                get_psp_value
                0x08003a70                save_psp_value
                0x08003aa0                update_next_task
                0x08003b30                switch_sp_to_psp
                0x08003b4a                lock_task
                0x08003bb8                task_delay
 .text          0x08003c44     0x1198 out/Obj/imu.o
                0x08003c44                get_raw_measurements
                0x08003c78                process_raw_measurements
                0x08003cc8                sensorMeanMeasurements
                0x08003de4                calibrateMpu6050
                0x08004126                readGyroConfig
                0x08004156                setAccConfig
                0x08004182                readAccConfig
                0x080041b2                set_mem_bank
                0x08004218                set_mem_start_address
                0x0800424a                read_mem_byte
                0x08004274                checkOTPbankvalidity
                0x0800429e                setOTPbankValid
                0x080042d8                setSlaveAddress
                0x0800432a                setI2CMasterMode
                0x08004364                resetI2Cmaster
                0x0800439a                resetIMU
                0x080043d0                setIMUtoSleepEnable
                0x0800440a                setIMUclockSrc
                0x0800445e                enableDmpInt
                0x080044a2                setDMPConfig1
                0x080044d4                setDMPConfig2
                0x080044fe                setIMUsmplrt
                0x0800452c                setDLPF
                0x0800455a                resetFifo
                0x0800459e                enableFifo
                0x080045e2                configFifoInterrupt
                0x0800460c                configUserControlReg
                0x08004636                enableMeasurementsToFifo
                0x08004660                resetDMP
                0x080046a4                enableDMP
                0x080046e8                getIntStatus
                0x0800472c                fullIMUReset
                0x08004754                setGyroXoffset
                0x08004796                setGyroYoffset
                0x080047d8                setGyroZoffset
                0x0800481a                readGyroXoffset
                0x0800484a                readGyroYoffset
                0x0800487a                readGyroZoffset
                0x080048aa                setAccXoffset
                0x0800491c                setAccYoffset
                0x0800498e                setAccZoffset
                0x08004a00                readAccXoffset
                0x08004a30                readAccYoffset
                0x08004a60                readAccZoffset
                0x08004a90                writeMemBlock
                0x08004c4c                writeDMPfw
                0x08004c80                imu_init
 .text          0x08004ddc      0x7e4 out/Obj/i2c.o
                0x08004ddc                i2c_send_start
                0x08004dfa                i2c_read
                0x08004e80                i2c_write
                0x08004f08                i2c_write_bit
                0x08004f92                i2c_write_bits
                0x08005002                i2c_ev_IRQhandler
                0x08005234                I2C1_EV_IRQHandler
                0x08005240                I2C1_ER_IRQHandler
                0x08005338                i2cInit
 .text          0x080055c0      0x10e out/Obj/rotary_encoder.o
                0x080055c0                reEncoderInit
                0x0800563a                checkEncoderStateChange
 *fill*         0x080056ce        0x2 
 .text          0x080056d0       0xd8 out/Obj/pwm.o
                0x080056d0                pwmInit
                0x08005728                pwmSetDutyCycle
                0x08005794                pwmSetFreq
 .text          0x080057a8      0x264 out/Obj/timer.o
                0x080057a8                setup_timer_mode
                0x08005808                setup_timer_oc_mode
                0x080058e2                setup_timer_freq
                0x08005900                timer_enable_counter
                0x08005922                timer_enable_oc_channel
                0x0800594e                timer_set_prescaler
                0x0800596a                timer_setup
                0x080059d0                enableBustToTimerPeriph
 .text          0x08005a0c      0x178 out/Obj/gpio.o
                0x08005a0c                setGpioMode
                0x08005a40                setGpioOutput
                0x08005a72                setGpioAlternateFunction
                0x08005aea                setGpioPupDR
                0x08005b2c                enableBusToGpioPort
                0x08005b58                readGpioInput
 .text          0x08005b84       0x90 out/Obj/stm32_startup.o
                0x08005b84                RTC_Alarm_IRQHandler
                0x08005b84                EXTI2_IRQHandler
                0x08005b84                DebugMon_Handler
                0x08005b84                SPI4_IRQHandler
                0x08005b84                TIM1_CC_IRQHandler
                0x08005b84                DMA2_Stream5_IRQHandler
                0x08005b84                DMA1_Stream5_IRQHandler
                0x08005b84                PVD_IRQHandler
                0x08005b84                SDIO_IRQHandler
                0x08005b84                TAMP_STAMP_IRQHandler
                0x08005b84                NMI_Handler
                0x08005b84                EXTI3_IRQHandler
                0x08005b84                TIM1_UP_TIM10_IRQHandler
                0x08005b84                I2C3_ER_IRQHandler
                0x08005b84                EXTI0_IRQHandler
                0x08005b84                I2C2_EV_IRQHandler
                0x08005b84                DMA1_Stream2_IRQHandler
                0x08005b84                FPU_IRQHandler
                0x08005b84                DMA2_Stream2_IRQHandler
                0x08005b84                SPI1_IRQHandler
                0x08005b84                TIM1_BRK_TIM9_IRQHandler
                0x08005b84                DMA2_Stream3_IRQHandler
                0x08005b84                USART6_IRQHandler
                0x08005b84                Flash_IRQHandler
                0x08005b84                DMA2_Stream6_IRQHandler
                0x08005b84                DMA2_Stream0_IRQHandler
                0x08005b84                TIM4_IRQHandler
                0x08005b84                DMA1_Stream6_IRQHandler
                0x08005b84                DMA1_Stream1_IRQHandler
                0x08005b84                TIM3_IRQHandler
                0x08005b84                RCC_IRQHandler
                0x08005b84                Default_Handler
                0x08005b84                EXTI15_10_IRQHandler
                0x08005b84                ADC_IRQHandler
                0x08005b84                DMA1_Stream7_IRQHandler
                0x08005b84                TIM7_IRQHandler
                0x08005b84                TIM5_IRQHandler
                0x08005b84                DMA2_Stream7_IRQHandler
                0x08005b84                I2C3_EV_IRQHandler
                0x08005b84                EXTI9_5_IRQHandler
                0x08005b84                RTC_WKUP_IRQHandler
                0x08005b84                SPI2_IRQHandler
                0x08005b84                DMA1_Stream0_IRQHandler
                0x08005b84                SVC_Handler
                0x08005b84                EXTI4_IRQHandler
                0x08005b84                WWDG_IRQHandler
                0x08005b84                TIM2_IRQHandler
                0x08005b84                OTG_FS_WKUP_IRQHandler
                0x08005b84                TIM1_TRG_COM_TIM11_IRQHandler
                0x08005b84                EXTI1_IRQHandler
                0x08005b84                USART2_IRQHandler
                0x08005b84                I2C2_ER_IRQHandler
                0x08005b84                DMA2_Stream1_IRQHandler
                0x08005b84                DMA2_Stream4_IRQHandler
                0x08005b84                USART1_IRQHandler
                0x08005b84                OTG_FS_IRQHandler
                0x08005b84                SPI3_IRQHandler
                0x08005b84                DMA1_Stream4_IRQHandler
                0x08005b84                DMA1_Stream3_IRQHandler
                0x08005b8a                Reset_Handler
 .text          0x08005c14      0x348 out/Obj/main.o
                0x08005c14                main
                0x08005c68                task1_handler
                0x08005c9c                task2_handler
                0x08005cc8                task3_handler
                0x08005cf0                task4_handler
                0x08005d00                task5_handler
                0x08005d3c                task6_handler
                0x08005d44                PendSV_Handler
                0x08005d6c                SysTick_Handler
                0x08005e10                MemManage_Handler
                0x08005e1a                MemManage_Handler_c
                0x08005e68                BusFault_Handler
                0x08005e72                BusFault_Handler_c
                0x08005ec4                UsageFault_Handler
                0x08005ece                UsageFault_Handler_c
                0x08005f14                HardFault_Handler
                0x08005f1e                HardFault_Handler_c
 .text          0x08005f5c      0x168 c:/program files (x86)/arm gnu toolchain arm-none-eabi/11.2 2022.02/bin/../lib/gcc/arm-none-eabi/11.2.1/thumb/v7e-m/nofp\libgcc.a(_arm_mulsf3.o)
 .text          0x080060c4      0x21c c:/program files (x86)/arm gnu toolchain arm-none-eabi/11.2 2022.02/bin/../lib/gcc/arm-none-eabi/11.2.1/thumb/v7e-m/nofp\libgcc.a(_arm_addsubsf3.o)
                0x080060c4                __aeabi_frsub
                0x080060cc                __subsf3
                0x080060cc                __aeabi_fsub
                0x080060d0                __aeabi_fadd
                0x080060d0                __addsf3
                0x08006230                __aeabi_ui2f
                0x08006230                __floatunsisf
                0x08006238                __aeabi_i2f
                0x08006238                __floatsisf
                0x08006254                __aeabi_ul2f
                0x08006254                __floatundisf
                0x08006264                __aeabi_l2f
                0x08006264                __floatdisf
 .text          0x080062e0      0x2a0 c:/program files (x86)/arm gnu toolchain arm-none-eabi/11.2 2022.02/bin/../lib/gcc/arm-none-eabi/11.2.1/thumb/v7e-m/nofp\libgcc.a(_arm_muldivsf3.o)
                0x080062e0                __mulsf3
                0x080062e0                __aeabi_fmul
                0x08006448                __aeabi_fdiv
                0x08006448                __divsf3
 .text          0x08006580       0xec c:/program files (x86)/arm gnu toolchain arm-none-eabi/11.2 2022.02/bin/../lib/gcc/arm-none-eabi/11.2.1/thumb/v7e-m/nofp\libgcc.a(_arm_cmpsf2.o)
                0x08006580                __gesf2
                0x08006580                __gtsf2
                0x08006588                __lesf2
                0x08006588                __ltsf2
                0x08006590                __nesf2
                0x08006590                __eqsf2
                0x08006590                __cmpsf2
                0x080065f0                __aeabi_cfrcmple
                0x080065f8                __aeabi_cfcmpeq
                0x080065f8                __aeabi_cfcmple
                0x08006608                __aeabi_fcmpeq
                0x0800661c                __aeabi_fcmplt
                0x08006630                __aeabi_fcmple
                0x08006644                __aeabi_fcmpge
                0x08006658                __aeabi_fcmpgt
 .text          0x0800666c       0x40 c:/program files (x86)/arm gnu toolchain arm-none-eabi/11.2 2022.02/bin/../lib/gcc/arm-none-eabi/11.2.1/thumb/v7e-m/nofp\libgcc.a(_arm_fixunssfsi.o)
                0x0800666c                __fixunssfsi
                0x0800666c                __aeabi_f2uiz
 .text          0x080066ac        0x0 c:/program files (x86)/arm gnu toolchain arm-none-eabi/11.2 2022.02/bin/../lib/gcc/arm-none-eabi/11.2.1/thumb/v7e-m/nofp\libc_nano.a(lib_a-errno.o)
 .text          0x080066ac        0x0 c:/program files (x86)/arm gnu toolchain arm-none-eabi/11.2 2022.02/bin/../lib/gcc/arm-none-eabi/11.2.1/thumb/v7e-m/nofp\libc_nano.a(lib_a-exit.o)
 .text          0x080066ac        0x0 c:/program files (x86)/arm gnu toolchain arm-none-eabi/11.2 2022.02/bin/../lib/gcc/arm-none-eabi/11.2.1/thumb/v7e-m/nofp\libc_nano.a(lib_a-impure.o)
 .text          0x080066ac        0x0 c:/program files (x86)/arm gnu toolchain arm-none-eabi/11.2 2022.02/bin/../lib/gcc/arm-none-eabi/11.2.1/thumb/v7e-m/nofp\libc_nano.a(lib_a-init.o)
 .text          0x080066ac        0x0 c:/program files (x86)/arm gnu toolchain arm-none-eabi/11.2 2022.02/bin/../lib/gcc/arm-none-eabi/11.2.1/thumb/v7e-m/nofp\libc_nano.a(lib_a-malloc.o)
 .text          0x080066ac        0x0 c:/program files (x86)/arm gnu toolchain arm-none-eabi/11.2 2022.02/bin/../lib/gcc/arm-none-eabi/11.2.1/thumb/v7e-m/nofp\libc_nano.a(lib_a-memcmp.o)
 .text          0x080066ac        0x0 c:/program files (x86)/arm gnu toolchain arm-none-eabi/11.2 2022.02/bin/../lib/gcc/arm-none-eabi/11.2.1/thumb/v7e-m/nofp\libc_nano.a(lib_a-memset.o)
 .text          0x080066ac        0x0 c:/program files (x86)/arm gnu toolchain arm-none-eabi/11.2 2022.02/bin/../lib/gcc/arm-none-eabi/11.2.1/thumb/v7e-m/nofp\libc_nano.a(lib_a-nano-freer.o)
 .text          0x080066ac        0x0 c:/program files (x86)/arm gnu toolchain arm-none-eabi/11.2 2022.02/bin/../lib/gcc/arm-none-eabi/11.2.1/thumb/v7e-m/nofp\libc_nano.a(lib_a-nano-mallocr.o)
 .text          0x080066ac        0x0 c:/program files (x86)/arm gnu toolchain arm-none-eabi/11.2 2022.02/bin/../lib/gcc/arm-none-eabi/11.2.1/thumb/v7e-m/nofp\libc_nano.a(lib_a-puts.o)
 .text          0x080066ac        0x0 c:/program files (x86)/arm gnu toolchain arm-none-eabi/11.2 2022.02/bin/../lib/gcc/arm-none-eabi/11.2.1/thumb/v7e-m/nofp\libc_nano.a(lib_a-sbrkr.o)
 .text          0x080066ac        0x0 c:/program files (x86)/arm gnu toolchain arm-none-eabi/11.2 2022.02/bin/../lib/gcc/arm-none-eabi/11.2.1/thumb/v7e-m/nofp\libc_nano.a(lib_a-wbuf.o)
 .text          0x080066ac        0x0 c:/program files (x86)/arm gnu toolchain arm-none-eabi/11.2 2022.02/bin/../lib/gcc/arm-none-eabi/11.2.1/thumb/v7e-m/nofp\libc_nano.a(lib_a-wsetup.o)
 .text          0x080066ac        0x0 c:/program files (x86)/arm gnu toolchain arm-none-eabi/11.2 2022.02/bin/../lib/gcc/arm-none-eabi/11.2.1/thumb/v7e-m/nofp\libc_nano.a(lib_a-fflush.o)
 .text          0x080066ac        0x0 c:/program files (x86)/arm gnu toolchain arm-none-eabi/11.2 2022.02/bin/../lib/gcc/arm-none-eabi/11.2.1/thumb/v7e-m/nofp\libc_nano.a(lib_a-findfp.o)
 .text          0x080066ac        0x0 c:/program files (x86)/arm gnu toolchain arm-none-eabi/11.2 2022.02/bin/../lib/gcc/arm-none-eabi/11.2.1/thumb/v7e-m/nofp\libc_nano.a(lib_a-fwalk.o)
 .text          0x080066ac        0x0 c:/program files (x86)/arm gnu toolchain arm-none-eabi/11.2 2022.02/bin/../lib/gcc/arm-none-eabi/11.2.1/thumb/v7e-m/nofp\libc_nano.a(lib_a-makebuf.o)
 .text          0x080066ac        0x0 c:/program files (x86)/arm gnu toolchain arm-none-eabi/11.2 2022.02/bin/../lib/gcc/arm-none-eabi/11.2.1/thumb/v7e-m/nofp\libc_nano.a(lib_a-mlock.o)
 .text          0x080066ac        0x0 c:/program files (x86)/arm gnu toolchain arm-none-eabi/11.2 2022.02/bin/../lib/gcc/arm-none-eabi/11.2.1/thumb/v7e-m/nofp\libc_nano.a(lib_a-reent.o)
 .text          0x080066ac        0x0 c:/program files (x86)/arm gnu toolchain arm-none-eabi/11.2 2022.02/bin/../lib/gcc/arm-none-eabi/11.2.1/thumb/v7e-m/nofp\libc_nano.a(lib_a-stdio.o)
 .text          0x080066ac        0x0 c:/program files (x86)/arm gnu toolchain arm-none-eabi/11.2 2022.02/bin/../lib/gcc/arm-none-eabi/11.2.1/thumb/v7e-m/nofp\libc_nano.a(lib_a-writer.o)
 .text          0x080066ac        0x0 c:/program files (x86)/arm gnu toolchain arm-none-eabi/11.2 2022.02/bin/../lib/gcc/arm-none-eabi/11.2.1/thumb/v7e-m/nofp\libc_nano.a(lib_a-closer.o)
 .text          0x080066ac        0x0 c:/program files (x86)/arm gnu toolchain arm-none-eabi/11.2 2022.02/bin/../lib/gcc/arm-none-eabi/11.2.1/thumb/v7e-m/nofp\libc_nano.a(lib_a-fstatr.o)
 .text          0x080066ac        0x0 c:/program files (x86)/arm gnu toolchain arm-none-eabi/11.2 2022.02/bin/../lib/gcc/arm-none-eabi/11.2.1/thumb/v7e-m/nofp\libc_nano.a(lib_a-isattyr.o)
 .text          0x080066ac        0x0 c:/program files (x86)/arm gnu toolchain arm-none-eabi/11.2 2022.02/bin/../lib/gcc/arm-none-eabi/11.2.1/thumb/v7e-m/nofp\libc_nano.a(lib_a-lseekr.o)
 .text          0x080066ac        0x0 c:/program files (x86)/arm gnu toolchain arm-none-eabi/11.2 2022.02/bin/../lib/gcc/arm-none-eabi/11.2.1/thumb/v7e-m/nofp\libc_nano.a(lib_a-readr.o)
 .text          0x080066ac        0x0 c:/program files (x86)/arm gnu toolchain arm-none-eabi/11.2 2022.02/bin/../lib/gcc/arm-none-eabi/11.2.1/thumb/v7e-m/nofp/crtend.o
 .text          0x080066ac        0x0 c:/program files (x86)/arm gnu toolchain arm-none-eabi/11.2 2022.02/bin/../lib/gcc/arm-none-eabi/11.2.1/thumb/v7e-m/nofp/crtn.o
 *(.text.*)
 .text.deregister_tm_clones
                0x080066ac       0x1c c:/program files (x86)/arm gnu toolchain arm-none-eabi/11.2 2022.02/bin/../lib/gcc/arm-none-eabi/11.2.1/thumb/v7e-m/nofp/crtbegin.o
 .text.register_tm_clones
                0x080066c8       0x24 c:/program files (x86)/arm gnu toolchain arm-none-eabi/11.2 2022.02/bin/../lib/gcc/arm-none-eabi/11.2.1/thumb/v7e-m/nofp/crtbegin.o
 .text.__do_global_dtors_aux
                0x080066ec       0x28 c:/program files (x86)/arm gnu toolchain arm-none-eabi/11.2 2022.02/bin/../lib/gcc/arm-none-eabi/11.2.1/thumb/v7e-m/nofp/crtbegin.o
 .text.frame_dummy
                0x08006714       0x24 c:/program files (x86)/arm gnu toolchain arm-none-eabi/11.2 2022.02/bin/../lib/gcc/arm-none-eabi/11.2.1/thumb/v7e-m/nofp/crtbegin.o
 .text.__errno  0x08006738        0xc c:/program files (x86)/arm gnu toolchain arm-none-eabi/11.2 2022.02/bin/../lib/gcc/arm-none-eabi/11.2.1/thumb/v7e-m/nofp\libc_nano.a(lib_a-errno.o)
                0x08006738                __errno
 .text.exit     0x08006744       0x28 c:/program files (x86)/arm gnu toolchain arm-none-eabi/11.2 2022.02/bin/../lib/gcc/arm-none-eabi/11.2.1/thumb/v7e-m/nofp\libc_nano.a(lib_a-exit.o)
                0x08006744                exit
 .text.__libc_init_array
                0x0800676c       0x48 c:/program files (x86)/arm gnu toolchain arm-none-eabi/11.2 2022.02/bin/../lib/gcc/arm-none-eabi/11.2.1/thumb/v7e-m/nofp\libc_nano.a(lib_a-init.o)
                0x0800676c                __libc_init_array
 .text.malloc   0x080067b4       0x10 c:/program files (x86)/arm gnu toolchain arm-none-eabi/11.2 2022.02/bin/../lib/gcc/arm-none-eabi/11.2.1/thumb/v7e-m/nofp\libc_nano.a(lib_a-malloc.o)
                0x080067b4                malloc
 .text.free     0x080067c4       0x10 c:/program files (x86)/arm gnu toolchain arm-none-eabi/11.2 2022.02/bin/../lib/gcc/arm-none-eabi/11.2.1/thumb/v7e-m/nofp\libc_nano.a(lib_a-malloc.o)
                0x080067c4                free
 .text.memcmp   0x080067d4       0x20 c:/program files (x86)/arm gnu toolchain arm-none-eabi/11.2 2022.02/bin/../lib/gcc/arm-none-eabi/11.2.1/thumb/v7e-m/nofp\libc_nano.a(lib_a-memcmp.o)
                0x080067d4                memcmp
 .text.memset   0x080067f4       0x10 c:/program files (x86)/arm gnu toolchain arm-none-eabi/11.2 2022.02/bin/../lib/gcc/arm-none-eabi/11.2.1/thumb/v7e-m/nofp\libc_nano.a(lib_a-memset.o)
                0x080067f4                memset
 .text._free_r  0x08006804       0x94 c:/program files (x86)/arm gnu toolchain arm-none-eabi/11.2 2022.02/bin/../lib/gcc/arm-none-eabi/11.2.1/thumb/v7e-m/nofp\libc_nano.a(lib_a-nano-freer.o)
                0x08006804                _free_r
 .text.sbrk_aligned
                0x08006898       0x40 c:/program files (x86)/arm gnu toolchain arm-none-eabi/11.2 2022.02/bin/../lib/gcc/arm-none-eabi/11.2.1/thumb/v7e-m/nofp\libc_nano.a(lib_a-nano-mallocr.o)
 .text._malloc_r
                0x080068d8       0xe8 c:/program files (x86)/arm gnu toolchain arm-none-eabi/11.2 2022.02/bin/../lib/gcc/arm-none-eabi/11.2.1/thumb/v7e-m/nofp\libc_nano.a(lib_a-nano-mallocr.o)
                0x080068d8                _malloc_r
 .text._puts_r  0x080069c0       0xb8 c:/program files (x86)/arm gnu toolchain arm-none-eabi/11.2 2022.02/bin/../lib/gcc/arm-none-eabi/11.2.1/thumb/v7e-m/nofp\libc_nano.a(lib_a-puts.o)
                0x080069c0                _puts_r
 .text.puts     0x08006a78       0x10 c:/program files (x86)/arm gnu toolchain arm-none-eabi/11.2 2022.02/bin/../lib/gcc/arm-none-eabi/11.2.1/thumb/v7e-m/nofp\libc_nano.a(lib_a-puts.o)
                0x08006a78                puts
 .text._sbrk_r  0x08006a88       0x20 c:/program files (x86)/arm gnu toolchain arm-none-eabi/11.2 2022.02/bin/../lib/gcc/arm-none-eabi/11.2.1/thumb/v7e-m/nofp\libc_nano.a(lib_a-sbrkr.o)
                0x08006a88                _sbrk_r
 .text.__swbuf_r
                0x08006aa8       0xa4 c:/program files (x86)/arm gnu toolchain arm-none-eabi/11.2 2022.02/bin/../lib/gcc/arm-none-eabi/11.2.1/thumb/v7e-m/nofp\libc_nano.a(lib_a-wbuf.o)
                0x08006aa8                __swbuf_r
 .text.__swbuf  0x08006b4c       0x10 c:/program files (x86)/arm gnu toolchain arm-none-eabi/11.2 2022.02/bin/../lib/gcc/arm-none-eabi/11.2.1/thumb/v7e-m/nofp\libc_nano.a(lib_a-wbuf.o)
                0x08006b4c                __swbuf
 .text.__swsetup_r
                0x08006b5c       0xdc c:/program files (x86)/arm gnu toolchain arm-none-eabi/11.2 2022.02/bin/../lib/gcc/arm-none-eabi/11.2.1/thumb/v7e-m/nofp\libc_nano.a(lib_a-wsetup.o)
                0x08006b5c                __swsetup_r
 .text.__sflush_r
                0x08006c38      0x104 c:/program files (x86)/arm gnu toolchain arm-none-eabi/11.2 2022.02/bin/../lib/gcc/arm-none-eabi/11.2.1/thumb/v7e-m/nofp\libc_nano.a(lib_a-fflush.o)
                0x08006c38                __sflush_r
 .text._fflush_r
                0x08006d3c       0x54 c:/program files (x86)/arm gnu toolchain arm-none-eabi/11.2 2022.02/bin/../lib/gcc/arm-none-eabi/11.2.1/thumb/v7e-m/nofp\libc_nano.a(lib_a-fflush.o)
                0x08006d3c                _fflush_r
 .text.fflush   0x08006d90       0x24 c:/program files (x86)/arm gnu toolchain arm-none-eabi/11.2 2022.02/bin/../lib/gcc/arm-none-eabi/11.2.1/thumb/v7e-m/nofp\libc_nano.a(lib_a-fflush.o)
                0x08006d90                fflush
 .text.__fp_lock
                0x08006db4        0x4 c:/program files (x86)/arm gnu toolchain arm-none-eabi/11.2 2022.02/bin/../lib/gcc/arm-none-eabi/11.2.1/thumb/v7e-m/nofp\libc_nano.a(lib_a-findfp.o)
 .text.std      0x08006db8       0x48 c:/program files (x86)/arm gnu toolchain arm-none-eabi/11.2 2022.02/bin/../lib/gcc/arm-none-eabi/11.2.1/thumb/v7e-m/nofp\libc_nano.a(lib_a-findfp.o)
 .text._cleanup_r
                0x08006e00        0xc c:/program files (x86)/arm gnu toolchain arm-none-eabi/11.2 2022.02/bin/../lib/gcc/arm-none-eabi/11.2.1/thumb/v7e-m/nofp\libc_nano.a(lib_a-findfp.o)
                0x08006e00                _cleanup_r
 .text.__fp_unlock
                0x08006e0c        0x4 c:/program files (x86)/arm gnu toolchain arm-none-eabi/11.2 2022.02/bin/../lib/gcc/arm-none-eabi/11.2.1/thumb/v7e-m/nofp\libc_nano.a(lib_a-findfp.o)
 .text.__sfmoreglue
                0x08006e10       0x2c c:/program files (x86)/arm gnu toolchain arm-none-eabi/11.2 2022.02/bin/../lib/gcc/arm-none-eabi/11.2.1/thumb/v7e-m/nofp\libc_nano.a(lib_a-findfp.o)
                0x08006e10                __sfmoreglue
 .text._cleanup
                0x08006e3c        0xc c:/program files (x86)/arm gnu toolchain arm-none-eabi/11.2 2022.02/bin/../lib/gcc/arm-none-eabi/11.2.1/thumb/v7e-m/nofp\libc_nano.a(lib_a-findfp.o)
                0x08006e3c                _cleanup
 .text.__sinit  0x08006e48       0x60 c:/program files (x86)/arm gnu toolchain arm-none-eabi/11.2 2022.02/bin/../lib/gcc/arm-none-eabi/11.2.1/thumb/v7e-m/nofp\libc_nano.a(lib_a-findfp.o)
                0x08006e48                __sinit
 .text.__sfp    0x08006ea8       0x78 c:/program files (x86)/arm gnu toolchain arm-none-eabi/11.2 2022.02/bin/../lib/gcc/arm-none-eabi/11.2.1/thumb/v7e-m/nofp\libc_nano.a(lib_a-findfp.o)
                0x08006ea8                __sfp
 .text.__sfp_lock_acquire
                0x08006f20        0x2 c:/program files (x86)/arm gnu toolchain arm-none-eabi/11.2 2022.02/bin/../lib/gcc/arm-none-eabi/11.2.1/thumb/v7e-m/nofp\libc_nano.a(lib_a-findfp.o)
                0x08006f20                __sfp_lock_acquire
 .text.__sfp_lock_release
                0x08006f22        0x2 c:/program files (x86)/arm gnu toolchain arm-none-eabi/11.2 2022.02/bin/../lib/gcc/arm-none-eabi/11.2.1/thumb/v7e-m/nofp\libc_nano.a(lib_a-findfp.o)
                0x08006f22                __sfp_lock_release
 .text.__sinit_lock_acquire
                0x08006f24        0x2 c:/program files (x86)/arm gnu toolchain arm-none-eabi/11.2 2022.02/bin/../lib/gcc/arm-none-eabi/11.2.1/thumb/v7e-m/nofp\libc_nano.a(lib_a-findfp.o)
                0x08006f24                __sinit_lock_acquire
 .text.__sinit_lock_release
                0x08006f26        0x2 c:/program files (x86)/arm gnu toolchain arm-none-eabi/11.2 2022.02/bin/../lib/gcc/arm-none-eabi/11.2.1/thumb/v7e-m/nofp\libc_nano.a(lib_a-findfp.o)
                0x08006f26                __sinit_lock_release
 .text.__fp_lock_all
                0x08006f28       0x14 c:/program files (x86)/arm gnu toolchain arm-none-eabi/11.2 2022.02/bin/../lib/gcc/arm-none-eabi/11.2.1/thumb/v7e-m/nofp\libc_nano.a(lib_a-findfp.o)
                0x08006f28                __fp_lock_all
 .text.__fp_unlock_all
                0x08006f3c       0x14 c:/program files (x86)/arm gnu toolchain arm-none-eabi/11.2 2022.02/bin/../lib/gcc/arm-none-eabi/11.2.1/thumb/v7e-m/nofp\libc_nano.a(lib_a-findfp.o)
                0x08006f3c                __fp_unlock_all
 .text._fwalk   0x08006f50       0x3a c:/program files (x86)/arm gnu toolchain arm-none-eabi/11.2 2022.02/bin/../lib/gcc/arm-none-eabi/11.2.1/thumb/v7e-m/nofp\libc_nano.a(lib_a-fwalk.o)
                0x08006f50                _fwalk
 .text._fwalk_reent
                0x08006f8a       0x3e c:/program files (x86)/arm gnu toolchain arm-none-eabi/11.2 2022.02/bin/../lib/gcc/arm-none-eabi/11.2.1/thumb/v7e-m/nofp\libc_nano.a(lib_a-fwalk.o)
                0x08006f8a                _fwalk_reent
 .text.__swhatbuf_r
                0x08006fc8       0x4c c:/program files (x86)/arm gnu toolchain arm-none-eabi/11.2 2022.02/bin/../lib/gcc/arm-none-eabi/11.2.1/thumb/v7e-m/nofp\libc_nano.a(lib_a-makebuf.o)
                0x08006fc8                __swhatbuf_r
 .text.__smakebuf_r
                0x08007014       0x80 c:/program files (x86)/arm gnu toolchain arm-none-eabi/11.2 2022.02/bin/../lib/gcc/arm-none-eabi/11.2.1/thumb/v7e-m/nofp\libc_nano.a(lib_a-makebuf.o)
                0x08007014                __smakebuf_r
 .text.__malloc_lock
                0x08007094        0x2 c:/program files (x86)/arm gnu toolchain arm-none-eabi/11.2 2022.02/bin/../lib/gcc/arm-none-eabi/11.2.1/thumb/v7e-m/nofp\libc_nano.a(lib_a-mlock.o)
                0x08007094                __malloc_lock
 .text.__malloc_unlock
                0x08007096        0x2 c:/program files (x86)/arm gnu toolchain arm-none-eabi/11.2 2022.02/bin/../lib/gcc/arm-none-eabi/11.2.1/thumb/v7e-m/nofp\libc_nano.a(lib_a-mlock.o)
                0x08007096                __malloc_unlock
 .text.cleanup_glue
                0x08007098       0x1a c:/program files (x86)/arm gnu toolchain arm-none-eabi/11.2 2022.02/bin/../lib/gcc/arm-none-eabi/11.2.1/thumb/v7e-m/nofp\libc_nano.a(lib_a-reent.o)
                0x08007098                cleanup_glue
 *fill*         0x080070b2        0x2 
 .text._reclaim_reent
                0x080070b4       0xb8 c:/program files (x86)/arm gnu toolchain arm-none-eabi/11.2 2022.02/bin/../lib/gcc/arm-none-eabi/11.2.1/thumb/v7e-m/nofp\libc_nano.a(lib_a-reent.o)
                0x080070b4                _reclaim_reent
 .text.__sread  0x0800716c       0x22 c:/program files (x86)/arm gnu toolchain arm-none-eabi/11.2 2022.02/bin/../lib/gcc/arm-none-eabi/11.2.1/thumb/v7e-m/nofp\libc_nano.a(lib_a-stdio.o)
                0x0800716c                __sread
 .text.__seofread
                0x0800718e        0x4 c:/program files (x86)/arm gnu toolchain arm-none-eabi/11.2 2022.02/bin/../lib/gcc/arm-none-eabi/11.2.1/thumb/v7e-m/nofp\libc_nano.a(lib_a-stdio.o)
                0x0800718e                __seofread
 .text.__swrite
                0x08007192       0x38 c:/program files (x86)/arm gnu toolchain arm-none-eabi/11.2 2022.02/bin/../lib/gcc/arm-none-eabi/11.2.1/thumb/v7e-m/nofp\libc_nano.a(lib_a-stdio.o)
                0x08007192                __swrite
 .text.__sseek  0x080071ca       0x24 c:/program files (x86)/arm gnu toolchain arm-none-eabi/11.2 2022.02/bin/../lib/gcc/arm-none-eabi/11.2.1/thumb/v7e-m/nofp\libc_nano.a(lib_a-stdio.o)
                0x080071ca                __sseek
 .text.__sclose
                0x080071ee        0x8 c:/program files (x86)/arm gnu toolchain arm-none-eabi/11.2 2022.02/bin/../lib/gcc/arm-none-eabi/11.2.1/thumb/v7e-m/nofp\libc_nano.a(lib_a-stdio.o)
                0x080071ee                __sclose
 *fill*         0x080071f6        0x2 
 .text._write_r
                0x080071f8       0x24 c:/program files (x86)/arm gnu toolchain arm-none-eabi/11.2 2022.02/bin/../lib/gcc/arm-none-eabi/11.2.1/thumb/v7e-m/nofp\libc_nano.a(lib_a-writer.o)
                0x080071f8                _write_r
 .text._close_r
                0x0800721c       0x20 c:/program files (x86)/arm gnu toolchain arm-none-eabi/11.2 2022.02/bin/../lib/gcc/arm-none-eabi/11.2.1/thumb/v7e-m/nofp\libc_nano.a(lib_a-closer.o)
                0x0800721c                _close_r
 .text._fstat_r
                0x0800723c       0x24 c:/program files (x86)/arm gnu toolchain arm-none-eabi/11.2 2022.02/bin/../lib/gcc/arm-none-eabi/11.2.1/thumb/v7e-m/nofp\libc_nano.a(lib_a-fstatr.o)
                0x0800723c                _fstat_r
 .text._isatty_r
                0x08007260       0x20 c:/program files (x86)/arm gnu toolchain arm-none-eabi/11.2 2022.02/bin/../lib/gcc/arm-none-eabi/11.2.1/thumb/v7e-m/nofp\libc_nano.a(lib_a-isattyr.o)
                0x08007260                _isatty_r
 .text._lseek_r
                0x08007280       0x24 c:/program files (x86)/arm gnu toolchain arm-none-eabi/11.2 2022.02/bin/../lib/gcc/arm-none-eabi/11.2.1/thumb/v7e-m/nofp\libc_nano.a(lib_a-lseekr.o)
                0x08007280                _lseek_r
 .text._read_r  0x080072a4       0x24 c:/program files (x86)/arm gnu toolchain arm-none-eabi/11.2 2022.02/bin/../lib/gcc/arm-none-eabi/11.2.1/thumb/v7e-m/nofp\libc_nano.a(lib_a-readr.o)
                0x080072a4                _read_r
 *(.init)
 .init          0x080072c8        0x4 c:/program files (x86)/arm gnu toolchain arm-none-eabi/11.2 2022.02/bin/../lib/gcc/arm-none-eabi/11.2.1/thumb/v7e-m/nofp/crti.o
                0x080072c8                _init
 .init          0x080072cc        0x8 c:/program files (x86)/arm gnu toolchain arm-none-eabi/11.2 2022.02/bin/../lib/gcc/arm-none-eabi/11.2.1/thumb/v7e-m/nofp/crtn.o
 *(.fini)
 .fini          0x080072d4        0x4 c:/program files (x86)/arm gnu toolchain arm-none-eabi/11.2 2022.02/bin/../lib/gcc/arm-none-eabi/11.2.1/thumb/v7e-m/nofp/crti.o
                0x080072d4                _fini
 .fini          0x080072d8        0x8 c:/program files (x86)/arm gnu toolchain arm-none-eabi/11.2 2022.02/bin/../lib/gcc/arm-none-eabi/11.2.1/thumb/v7e-m/nofp/crtn.o
 *(.rodata)
 .rodata        0x080072e0       0x23 out/Obj/main.o
 *(.rodata.*)
 *fill*         0x08007303        0x1 
 .rodata.all_implied_fbits
                0x08007304       0x24 c:/program files (x86)/arm gnu toolchain arm-none-eabi/11.2 2022.02/bin/../lib/gcc/arm-none-eabi/11.2.1/thumb/v7e-m/nofp/crtbegin.o
 .rodata._global_impure_ptr
                0x08007328        0x4 c:/program files (x86)/arm gnu toolchain arm-none-eabi/11.2 2022.02/bin/../lib/gcc/arm-none-eabi/11.2.1/thumb/v7e-m/nofp\libc_nano.a(lib_a-impure.o)
                0x08007328                _global_impure_ptr
 .rodata.__sf_fake_stderr
                0x0800732c       0x20 c:/program files (x86)/arm gnu toolchain arm-none-eabi/11.2 2022.02/bin/../lib/gcc/arm-none-eabi/11.2.1/thumb/v7e-m/nofp\libc_nano.a(lib_a-findfp.o)
                0x0800732c                __sf_fake_stderr
 .rodata.__sf_fake_stdin
                0x0800734c       0x20 c:/program files (x86)/arm gnu toolchain arm-none-eabi/11.2 2022.02/bin/../lib/gcc/arm-none-eabi/11.2.1/thumb/v7e-m/nofp\libc_nano.a(lib_a-findfp.o)
                0x0800734c                __sf_fake_stdin
 .rodata.__sf_fake_stdout
                0x0800736c       0x20 c:/program files (x86)/arm gnu toolchain arm-none-eabi/11.2 2022.02/bin/../lib/gcc/arm-none-eabi/11.2.1/thumb/v7e-m/nofp\libc_nano.a(lib_a-findfp.o)
                0x0800736c                __sf_fake_stdout
 .rodata.all_implied_fbits
                0x0800738c       0x24 c:/program files (x86)/arm gnu toolchain arm-none-eabi/11.2 2022.02/bin/../lib/gcc/arm-none-eabi/11.2.1/thumb/v7e-m/nofp/crtend.o
                0x080073b0                . = ALIGN (0x4)
                0x080073b0                _etext = .
                0x080073bc                _la_data = LOADADDR (.data)

.glue_7         0x080073b0        0x0
 .glue_7        0x080073b0        0x0 linker stubs

.glue_7t        0x080073b0        0x0
 .glue_7t       0x080073b0        0x0 linker stubs

.vfp11_veneer   0x080073b0        0x0
 .vfp11_veneer  0x080073b0        0x0 linker stubs

.v4_bx          0x080073b0        0x0
 .v4_bx         0x080073b0        0x0 linker stubs

.iplt           0x080073b0        0x0
 .iplt          0x080073b0        0x0 c:/program files (x86)/arm gnu toolchain arm-none-eabi/11.2 2022.02/bin/../lib/gcc/arm-none-eabi/11.2.1/thumb/v7e-m/nofp/crtbegin.o

.eh_frame       0x080073b0        0x4
 .eh_frame      0x080073b0        0x0 c:/program files (x86)/arm gnu toolchain arm-none-eabi/11.2 2022.02/bin/../lib/gcc/arm-none-eabi/11.2.1/thumb/v7e-m/nofp/crtbegin.o
 .eh_frame      0x080073b0        0x4 c:/program files (x86)/arm gnu toolchain arm-none-eabi/11.2 2022.02/bin/../lib/gcc/arm-none-eabi/11.2.1/thumb/v7e-m/nofp/crtend.o

.ARM.extab      0x080073b4        0x0
 .ARM.extab     0x080073b4        0x0 c:/program files (x86)/arm gnu toolchain arm-none-eabi/11.2 2022.02/bin/../lib/gcc/arm-none-eabi/11.2.1/thumb/v7e-m/nofp/crt0.o

.ARM.exidx      0x080073b4        0x8
 .ARM.exidx     0x080073b4        0x8 c:/program files (x86)/arm gnu toolchain arm-none-eabi/11.2 2022.02/bin/../lib/gcc/arm-none-eabi/11.2.1/thumb/v7e-m/nofp/crt0.o
                                 0x10 (size before relaxing)

.rel.dyn        0x080073bc        0x0
 .rel.iplt      0x080073bc        0x0 c:/program files (x86)/arm gnu toolchain arm-none-eabi/11.2 2022.02/bin/../lib/gcc/arm-none-eabi/11.2.1/thumb/v7e-m/nofp/crtbegin.o

.data           0x20000000      0x1c8 load address 0x080073bc
                0x20000000                _sdata = .
 *(.data)
 .data          0x20000000        0x0 c:/program files (x86)/arm gnu toolchain arm-none-eabi/11.2 2022.02/bin/../lib/gcc/arm-none-eabi/11.2.1/thumb/v7e-m/nofp/crti.o
 .data          0x20000000        0x0 c:/program files (x86)/arm gnu toolchain arm-none-eabi/11.2 2022.02/bin/../lib/gcc/arm-none-eabi/11.2.1/thumb/v7e-m/nofp/crtbegin.o
 .data          0x20000000        0x0 c:/program files (x86)/arm gnu toolchain arm-none-eabi/11.2 2022.02/bin/../lib/gcc/arm-none-eabi/11.2.1/thumb/v7e-m/nofp/crt0.o
 .data          0x20000000       0x48 out/Obj/led.o
                0x20000000                yellow_led
                0x20000018                blue_led
                0x20000030                red_led
 .data          0x20000048        0x4 out/Obj/syscalls.o
                0x20000048                environ
 .data          0x2000004c        0x0 out/Obj/sw_init.o
 .data          0x2000004c       0x38 out/Obj/cortex.o
                0x2000004c                cortexPperiphs
 .data          0x20000084        0x0 out/Obj/platform.o
 .data          0x20000084       0x18 out/Obj/task_scheduler.o
                0x20000084                taskHandlers
 .data          0x2000009c        0xc out/Obj/imu.o
                0x2000009c                mpu6050_offsets
 .data          0x200000a8       0x28 out/Obj/i2c.o
                0x200000a8                i2c1
                0x200000bc                i2c_config
 .data          0x200000d0       0x18 out/Obj/rotary_encoder.o
                0x200000d0                rEncoder
 .data          0x200000e8       0x70 out/Obj/pwm.o
                0x200000e8                pwmA
                0x20000120                pwmB
 .data          0x20000158        0x0 out/Obj/timer.o
 .data          0x20000158        0x0 out/Obj/gpio.o
 .data          0x20000158        0x0 out/Obj/stm32_startup.o
 .data          0x20000158        0x8 out/Obj/main.o
                0x20000158                global_timers
 .data          0x20000160        0x0 c:/program files (x86)/arm gnu toolchain arm-none-eabi/11.2 2022.02/bin/../lib/gcc/arm-none-eabi/11.2.1/thumb/v7e-m/nofp\libgcc.a(_arm_mulsf3.o)
 .data          0x20000160        0x0 c:/program files (x86)/arm gnu toolchain arm-none-eabi/11.2 2022.02/bin/../lib/gcc/arm-none-eabi/11.2.1/thumb/v7e-m/nofp\libgcc.a(_arm_addsubsf3.o)
 .data          0x20000160        0x0 c:/program files (x86)/arm gnu toolchain arm-none-eabi/11.2 2022.02/bin/../lib/gcc/arm-none-eabi/11.2.1/thumb/v7e-m/nofp\libgcc.a(_arm_muldivsf3.o)
 .data          0x20000160        0x0 c:/program files (x86)/arm gnu toolchain arm-none-eabi/11.2 2022.02/bin/../lib/gcc/arm-none-eabi/11.2.1/thumb/v7e-m/nofp\libgcc.a(_arm_cmpsf2.o)
 .data          0x20000160        0x0 c:/program files (x86)/arm gnu toolchain arm-none-eabi/11.2 2022.02/bin/../lib/gcc/arm-none-eabi/11.2.1/thumb/v7e-m/nofp\libgcc.a(_arm_fixunssfsi.o)
 .data          0x20000160        0x0 c:/program files (x86)/arm gnu toolchain arm-none-eabi/11.2 2022.02/bin/../lib/gcc/arm-none-eabi/11.2.1/thumb/v7e-m/nofp\libc_nano.a(lib_a-errno.o)
 .data          0x20000160        0x0 c:/program files (x86)/arm gnu toolchain arm-none-eabi/11.2 2022.02/bin/../lib/gcc/arm-none-eabi/11.2.1/thumb/v7e-m/nofp\libc_nano.a(lib_a-exit.o)
 .data          0x20000160        0x0 c:/program files (x86)/arm gnu toolchain arm-none-eabi/11.2 2022.02/bin/../lib/gcc/arm-none-eabi/11.2.1/thumb/v7e-m/nofp\libc_nano.a(lib_a-impure.o)
 .data          0x20000160        0x0 c:/program files (x86)/arm gnu toolchain arm-none-eabi/11.2 2022.02/bin/../lib/gcc/arm-none-eabi/11.2.1/thumb/v7e-m/nofp\libc_nano.a(lib_a-init.o)
 .data          0x20000160        0x0 c:/program files (x86)/arm gnu toolchain arm-none-eabi/11.2 2022.02/bin/../lib/gcc/arm-none-eabi/11.2.1/thumb/v7e-m/nofp\libc_nano.a(lib_a-malloc.o)
 .data          0x20000160        0x0 c:/program files (x86)/arm gnu toolchain arm-none-eabi/11.2 2022.02/bin/../lib/gcc/arm-none-eabi/11.2.1/thumb/v7e-m/nofp\libc_nano.a(lib_a-memcmp.o)
 .data          0x20000160        0x0 c:/program files (x86)/arm gnu toolchain arm-none-eabi/11.2 2022.02/bin/../lib/gcc/arm-none-eabi/11.2.1/thumb/v7e-m/nofp\libc_nano.a(lib_a-memset.o)
 .data          0x20000160        0x0 c:/program files (x86)/arm gnu toolchain arm-none-eabi/11.2 2022.02/bin/../lib/gcc/arm-none-eabi/11.2.1/thumb/v7e-m/nofp\libc_nano.a(lib_a-nano-freer.o)
 .data          0x20000160        0x0 c:/program files (x86)/arm gnu toolchain arm-none-eabi/11.2 2022.02/bin/../lib/gcc/arm-none-eabi/11.2.1/thumb/v7e-m/nofp\libc_nano.a(lib_a-nano-mallocr.o)
 .data          0x20000160        0x0 c:/program files (x86)/arm gnu toolchain arm-none-eabi/11.2 2022.02/bin/../lib/gcc/arm-none-eabi/11.2.1/thumb/v7e-m/nofp\libc_nano.a(lib_a-puts.o)
 .data          0x20000160        0x0 c:/program files (x86)/arm gnu toolchain arm-none-eabi/11.2 2022.02/bin/../lib/gcc/arm-none-eabi/11.2.1/thumb/v7e-m/nofp\libc_nano.a(lib_a-sbrkr.o)
 .data          0x20000160        0x0 c:/program files (x86)/arm gnu toolchain arm-none-eabi/11.2 2022.02/bin/../lib/gcc/arm-none-eabi/11.2.1/thumb/v7e-m/nofp\libc_nano.a(lib_a-wbuf.o)
 .data          0x20000160        0x0 c:/program files (x86)/arm gnu toolchain arm-none-eabi/11.2 2022.02/bin/../lib/gcc/arm-none-eabi/11.2.1/thumb/v7e-m/nofp\libc_nano.a(lib_a-wsetup.o)
 .data          0x20000160        0x0 c:/program files (x86)/arm gnu toolchain arm-none-eabi/11.2 2022.02/bin/../lib/gcc/arm-none-eabi/11.2.1/thumb/v7e-m/nofp\libc_nano.a(lib_a-fflush.o)
 .data          0x20000160        0x0 c:/program files (x86)/arm gnu toolchain arm-none-eabi/11.2 2022.02/bin/../lib/gcc/arm-none-eabi/11.2.1/thumb/v7e-m/nofp\libc_nano.a(lib_a-findfp.o)
 .data          0x20000160        0x0 c:/program files (x86)/arm gnu toolchain arm-none-eabi/11.2 2022.02/bin/../lib/gcc/arm-none-eabi/11.2.1/thumb/v7e-m/nofp\libc_nano.a(lib_a-fwalk.o)
 .data          0x20000160        0x0 c:/program files (x86)/arm gnu toolchain arm-none-eabi/11.2 2022.02/bin/../lib/gcc/arm-none-eabi/11.2.1/thumb/v7e-m/nofp\libc_nano.a(lib_a-makebuf.o)
 .data          0x20000160        0x0 c:/program files (x86)/arm gnu toolchain arm-none-eabi/11.2 2022.02/bin/../lib/gcc/arm-none-eabi/11.2.1/thumb/v7e-m/nofp\libc_nano.a(lib_a-mlock.o)
 .data          0x20000160        0x0 c:/program files (x86)/arm gnu toolchain arm-none-eabi/11.2 2022.02/bin/../lib/gcc/arm-none-eabi/11.2.1/thumb/v7e-m/nofp\libc_nano.a(lib_a-reent.o)
 .data          0x20000160        0x0 c:/program files (x86)/arm gnu toolchain arm-none-eabi/11.2 2022.02/bin/../lib/gcc/arm-none-eabi/11.2.1/thumb/v7e-m/nofp\libc_nano.a(lib_a-stdio.o)
 .data          0x20000160        0x0 c:/program files (x86)/arm gnu toolchain arm-none-eabi/11.2 2022.02/bin/../lib/gcc/arm-none-eabi/11.2.1/thumb/v7e-m/nofp\libc_nano.a(lib_a-writer.o)
 .data          0x20000160        0x0 c:/program files (x86)/arm gnu toolchain arm-none-eabi/11.2 2022.02/bin/../lib/gcc/arm-none-eabi/11.2.1/thumb/v7e-m/nofp\libc_nano.a(lib_a-closer.o)
 .data          0x20000160        0x0 c:/program files (x86)/arm gnu toolchain arm-none-eabi/11.2 2022.02/bin/../lib/gcc/arm-none-eabi/11.2.1/thumb/v7e-m/nofp\libc_nano.a(lib_a-fstatr.o)
 .data          0x20000160        0x0 c:/program files (x86)/arm gnu toolchain arm-none-eabi/11.2 2022.02/bin/../lib/gcc/arm-none-eabi/11.2.1/thumb/v7e-m/nofp\libc_nano.a(lib_a-isattyr.o)
 .data          0x20000160        0x0 c:/program files (x86)/arm gnu toolchain arm-none-eabi/11.2 2022.02/bin/../lib/gcc/arm-none-eabi/11.2.1/thumb/v7e-m/nofp\libc_nano.a(lib_a-lseekr.o)
 .data          0x20000160        0x0 c:/program files (x86)/arm gnu toolchain arm-none-eabi/11.2 2022.02/bin/../lib/gcc/arm-none-eabi/11.2.1/thumb/v7e-m/nofp\libc_nano.a(lib_a-readr.o)
 .data          0x20000160        0x0 c:/program files (x86)/arm gnu toolchain arm-none-eabi/11.2 2022.02/bin/../lib/gcc/arm-none-eabi/11.2.1/thumb/v7e-m/nofp/crtend.o
 .data          0x20000160        0x0 c:/program files (x86)/arm gnu toolchain arm-none-eabi/11.2 2022.02/bin/../lib/gcc/arm-none-eabi/11.2.1/thumb/v7e-m/nofp/crtn.o
 *(.data.*)
 .data.__dso_handle
                0x20000160        0x4 c:/program files (x86)/arm gnu toolchain arm-none-eabi/11.2 2022.02/bin/../lib/gcc/arm-none-eabi/11.2.1/thumb/v7e-m/nofp/crtbegin.o
                0x20000160                __dso_handle
 .data._impure_ptr
                0x20000164        0x4 c:/program files (x86)/arm gnu toolchain arm-none-eabi/11.2 2022.02/bin/../lib/gcc/arm-none-eabi/11.2.1/thumb/v7e-m/nofp\libc_nano.a(lib_a-impure.o)
                0x20000164                _impure_ptr
 .data.impure_data
                0x20000168       0x60 c:/program files (x86)/arm gnu toolchain arm-none-eabi/11.2 2022.02/bin/../lib/gcc/arm-none-eabi/11.2.1/thumb/v7e-m/nofp\libc_nano.a(lib_a-impure.o)
                0x200001c8                . = ALIGN (0x4)
                0x200001c8                _edata = .

.init_array     0x200001c8        0x4 load address 0x08007584
 .init_array    0x200001c8        0x4 c:/program files (x86)/arm gnu toolchain arm-none-eabi/11.2 2022.02/bin/../lib/gcc/arm-none-eabi/11.2.1/thumb/v7e-m/nofp/crtbegin.o

.fini_array     0x200001cc        0x4 load address 0x08007588
 .fini_array    0x200001cc        0x4 c:/program files (x86)/arm gnu toolchain arm-none-eabi/11.2 2022.02/bin/../lib/gcc/arm-none-eabi/11.2.1/thumb/v7e-m/nofp/crtbegin.o

.tm_clone_table
                0x200001d0        0x0 load address 0x0800758c
 .tm_clone_table
                0x200001d0        0x0 c:/program files (x86)/arm gnu toolchain arm-none-eabi/11.2 2022.02/bin/../lib/gcc/arm-none-eabi/11.2.1/thumb/v7e-m/nofp/crtbegin.o
 .tm_clone_table
                0x200001d0        0x0 c:/program files (x86)/arm gnu toolchain arm-none-eabi/11.2 2022.02/bin/../lib/gcc/arm-none-eabi/11.2.1/thumb/v7e-m/nofp/crtend.o

.igot.plt       0x200001d0        0x0 load address 0x0800758c
 .igot.plt      0x200001d0        0x0 c:/program files (x86)/arm gnu toolchain arm-none-eabi/11.2 2022.02/bin/../lib/gcc/arm-none-eabi/11.2.1/thumb/v7e-m/nofp/crtbegin.o

.bss            0x200001d0       0xf8 load address 0x0800758c
                0x200001d0                _sbss = .
                0x200001d0                __bss_start__ = _sbss
 *(.bss)
 .bss           0x200001d0        0x0 c:/program files (x86)/arm gnu toolchain arm-none-eabi/11.2 2022.02/bin/../lib/gcc/arm-none-eabi/11.2.1/thumb/v7e-m/nofp/crti.o
 .bss           0x200001d0        0x0 c:/program files (x86)/arm gnu toolchain arm-none-eabi/11.2 2022.02/bin/../lib/gcc/arm-none-eabi/11.2.1/thumb/v7e-m/nofp/crtbegin.o
 .bss           0x200001d0        0x0 c:/program files (x86)/arm gnu toolchain arm-none-eabi/11.2 2022.02/bin/../lib/gcc/arm-none-eabi/11.2.1/thumb/v7e-m/nofp/crt0.o
 .bss           0x200001d0        0x0 out/Obj/led.o
 .bss           0x200001d0        0x8 out/Obj/syscalls.o
                0x200001d0                __env
 .bss           0x200001d8        0x0 out/Obj/sw_init.o
 .bss           0x200001d8       0x24 out/Obj/cortex.o
                0x200001d8                sysFlags
                0x200001dc                stack_frame
 .bss           0x200001fc        0x0 out/Obj/platform.o
 .bss           0x200001fc       0x98 out/Obj/task_scheduler.o
                0x200001fc                current_task
                0x20000200                gTickCount
                0x20000204                user_tasks
 .bss           0x20000294        0xe out/Obj/imu.o
                0x20000294                mpu6050_raw_data
 .bss           0x200002a2        0x0 out/Obj/i2c.o
 .bss           0x200002a2        0x0 out/Obj/rotary_encoder.o
 .bss           0x200002a2        0x0 out/Obj/pwm.o
 .bss           0x200002a2        0x0 out/Obj/timer.o
 .bss           0x200002a2        0x0 out/Obj/gpio.o
 .bss           0x200002a2        0x0 out/Obj/stm32_startup.o
 .bss           0x200002a2        0x0 out/Obj/main.o
 .bss           0x200002a2        0x0 c:/program files (x86)/arm gnu toolchain arm-none-eabi/11.2 2022.02/bin/../lib/gcc/arm-none-eabi/11.2.1/thumb/v7e-m/nofp\libgcc.a(_arm_mulsf3.o)
 .bss           0x200002a2        0x0 c:/program files (x86)/arm gnu toolchain arm-none-eabi/11.2 2022.02/bin/../lib/gcc/arm-none-eabi/11.2.1/thumb/v7e-m/nofp\libgcc.a(_arm_addsubsf3.o)
 .bss           0x200002a2        0x0 c:/program files (x86)/arm gnu toolchain arm-none-eabi/11.2 2022.02/bin/../lib/gcc/arm-none-eabi/11.2.1/thumb/v7e-m/nofp\libgcc.a(_arm_muldivsf3.o)
 .bss           0x200002a2        0x0 c:/program files (x86)/arm gnu toolchain arm-none-eabi/11.2 2022.02/bin/../lib/gcc/arm-none-eabi/11.2.1/thumb/v7e-m/nofp\libgcc.a(_arm_cmpsf2.o)
 .bss           0x200002a2        0x0 c:/program files (x86)/arm gnu toolchain arm-none-eabi/11.2 2022.02/bin/../lib/gcc/arm-none-eabi/11.2.1/thumb/v7e-m/nofp\libgcc.a(_arm_fixunssfsi.o)
 .bss           0x200002a2        0x0 c:/program files (x86)/arm gnu toolchain arm-none-eabi/11.2 2022.02/bin/../lib/gcc/arm-none-eabi/11.2.1/thumb/v7e-m/nofp\libc_nano.a(lib_a-errno.o)
 .bss           0x200002a2        0x0 c:/program files (x86)/arm gnu toolchain arm-none-eabi/11.2 2022.02/bin/../lib/gcc/arm-none-eabi/11.2.1/thumb/v7e-m/nofp\libc_nano.a(lib_a-exit.o)
 .bss           0x200002a2        0x0 c:/program files (x86)/arm gnu toolchain arm-none-eabi/11.2 2022.02/bin/../lib/gcc/arm-none-eabi/11.2.1/thumb/v7e-m/nofp\libc_nano.a(lib_a-impure.o)
 .bss           0x200002a2        0x0 c:/program files (x86)/arm gnu toolchain arm-none-eabi/11.2 2022.02/bin/../lib/gcc/arm-none-eabi/11.2.1/thumb/v7e-m/nofp\libc_nano.a(lib_a-init.o)
 .bss           0x200002a2        0x0 c:/program files (x86)/arm gnu toolchain arm-none-eabi/11.2 2022.02/bin/../lib/gcc/arm-none-eabi/11.2.1/thumb/v7e-m/nofp\libc_nano.a(lib_a-malloc.o)
 .bss           0x200002a2        0x0 c:/program files (x86)/arm gnu toolchain arm-none-eabi/11.2 2022.02/bin/../lib/gcc/arm-none-eabi/11.2.1/thumb/v7e-m/nofp\libc_nano.a(lib_a-memcmp.o)
 .bss           0x200002a2        0x0 c:/program files (x86)/arm gnu toolchain arm-none-eabi/11.2 2022.02/bin/../lib/gcc/arm-none-eabi/11.2.1/thumb/v7e-m/nofp\libc_nano.a(lib_a-memset.o)
 .bss           0x200002a2        0x0 c:/program files (x86)/arm gnu toolchain arm-none-eabi/11.2 2022.02/bin/../lib/gcc/arm-none-eabi/11.2.1/thumb/v7e-m/nofp\libc_nano.a(lib_a-nano-freer.o)
 .bss           0x200002a2        0x0 c:/program files (x86)/arm gnu toolchain arm-none-eabi/11.2 2022.02/bin/../lib/gcc/arm-none-eabi/11.2.1/thumb/v7e-m/nofp\libc_nano.a(lib_a-nano-mallocr.o)
 .bss           0x200002a2        0x0 c:/program files (x86)/arm gnu toolchain arm-none-eabi/11.2 2022.02/bin/../lib/gcc/arm-none-eabi/11.2.1/thumb/v7e-m/nofp\libc_nano.a(lib_a-puts.o)
 .bss           0x200002a2        0x0 c:/program files (x86)/arm gnu toolchain arm-none-eabi/11.2 2022.02/bin/../lib/gcc/arm-none-eabi/11.2.1/thumb/v7e-m/nofp\libc_nano.a(lib_a-sbrkr.o)
 .bss           0x200002a2        0x0 c:/program files (x86)/arm gnu toolchain arm-none-eabi/11.2 2022.02/bin/../lib/gcc/arm-none-eabi/11.2.1/thumb/v7e-m/nofp\libc_nano.a(lib_a-wbuf.o)
 .bss           0x200002a2        0x0 c:/program files (x86)/arm gnu toolchain arm-none-eabi/11.2 2022.02/bin/../lib/gcc/arm-none-eabi/11.2.1/thumb/v7e-m/nofp\libc_nano.a(lib_a-wsetup.o)
 .bss           0x200002a2        0x0 c:/program files (x86)/arm gnu toolchain arm-none-eabi/11.2 2022.02/bin/../lib/gcc/arm-none-eabi/11.2.1/thumb/v7e-m/nofp\libc_nano.a(lib_a-fflush.o)
 .bss           0x200002a2        0x0 c:/program files (x86)/arm gnu toolchain arm-none-eabi/11.2 2022.02/bin/../lib/gcc/arm-none-eabi/11.2.1/thumb/v7e-m/nofp\libc_nano.a(lib_a-findfp.o)
 .bss           0x200002a2        0x0 c:/program files (x86)/arm gnu toolchain arm-none-eabi/11.2 2022.02/bin/../lib/gcc/arm-none-eabi/11.2.1/thumb/v7e-m/nofp\libc_nano.a(lib_a-fwalk.o)
 .bss           0x200002a2        0x0 c:/program files (x86)/arm gnu toolchain arm-none-eabi/11.2 2022.02/bin/../lib/gcc/arm-none-eabi/11.2.1/thumb/v7e-m/nofp\libc_nano.a(lib_a-makebuf.o)
 .bss           0x200002a2        0x0 c:/program files (x86)/arm gnu toolchain arm-none-eabi/11.2 2022.02/bin/../lib/gcc/arm-none-eabi/11.2.1/thumb/v7e-m/nofp\libc_nano.a(lib_a-mlock.o)
 .bss           0x200002a2        0x0 c:/program files (x86)/arm gnu toolchain arm-none-eabi/11.2 2022.02/bin/../lib/gcc/arm-none-eabi/11.2.1/thumb/v7e-m/nofp\libc_nano.a(lib_a-reent.o)
 .bss           0x200002a2        0x0 c:/program files (x86)/arm gnu toolchain arm-none-eabi/11.2 2022.02/bin/../lib/gcc/arm-none-eabi/11.2.1/thumb/v7e-m/nofp\libc_nano.a(lib_a-stdio.o)
 .bss           0x200002a2        0x0 c:/program files (x86)/arm gnu toolchain arm-none-eabi/11.2 2022.02/bin/../lib/gcc/arm-none-eabi/11.2.1/thumb/v7e-m/nofp\libc_nano.a(lib_a-writer.o)
 .bss           0x200002a2        0x0 c:/program files (x86)/arm gnu toolchain arm-none-eabi/11.2 2022.02/bin/../lib/gcc/arm-none-eabi/11.2.1/thumb/v7e-m/nofp\libc_nano.a(lib_a-closer.o)
 .bss           0x200002a2        0x0 c:/program files (x86)/arm gnu toolchain arm-none-eabi/11.2 2022.02/bin/../lib/gcc/arm-none-eabi/11.2.1/thumb/v7e-m/nofp\libc_nano.a(lib_a-fstatr.o)
 .bss           0x200002a2        0x0 c:/program files (x86)/arm gnu toolchain arm-none-eabi/11.2 2022.02/bin/../lib/gcc/arm-none-eabi/11.2.1/thumb/v7e-m/nofp\libc_nano.a(lib_a-isattyr.o)
 .bss           0x200002a2        0x0 c:/program files (x86)/arm gnu toolchain arm-none-eabi/11.2 2022.02/bin/../lib/gcc/arm-none-eabi/11.2.1/thumb/v7e-m/nofp\libc_nano.a(lib_a-lseekr.o)
 .bss           0x200002a2        0x0 c:/program files (x86)/arm gnu toolchain arm-none-eabi/11.2 2022.02/bin/../lib/gcc/arm-none-eabi/11.2.1/thumb/v7e-m/nofp\libc_nano.a(lib_a-readr.o)
 .bss           0x200002a2        0x0 c:/program files (x86)/arm gnu toolchain arm-none-eabi/11.2 2022.02/bin/../lib/gcc/arm-none-eabi/11.2.1/thumb/v7e-m/nofp/crtend.o
 .bss           0x200002a2        0x0 c:/program files (x86)/arm gnu toolchain arm-none-eabi/11.2 2022.02/bin/../lib/gcc/arm-none-eabi/11.2.1/thumb/v7e-m/nofp/crtn.o
 *(.bss.*)
 .bss.completed.1
                0x200002a2        0x1 c:/program files (x86)/arm gnu toolchain arm-none-eabi/11.2 2022.02/bin/../lib/gcc/arm-none-eabi/11.2.1/thumb/v7e-m/nofp/crtbegin.o
 *fill*         0x200002a3        0x1 
 .bss.object.0  0x200002a4       0x18 c:/program files (x86)/arm gnu toolchain arm-none-eabi/11.2 2022.02/bin/../lib/gcc/arm-none-eabi/11.2.1/thumb/v7e-m/nofp/crtbegin.o
 .bss.__malloc_free_list
                0x200002bc        0x4 c:/program files (x86)/arm gnu toolchain arm-none-eabi/11.2 2022.02/bin/../lib/gcc/arm-none-eabi/11.2.1/thumb/v7e-m/nofp\libc_nano.a(lib_a-nano-mallocr.o)
                0x200002bc                __malloc_free_list
 .bss.__malloc_sbrk_start
                0x200002c0        0x4 c:/program files (x86)/arm gnu toolchain arm-none-eabi/11.2 2022.02/bin/../lib/gcc/arm-none-eabi/11.2.1/thumb/v7e-m/nofp\libc_nano.a(lib_a-nano-mallocr.o)
                0x200002c0                __malloc_sbrk_start
 .bss.errno     0x200002c4        0x4 c:/program files (x86)/arm gnu toolchain arm-none-eabi/11.2 2022.02/bin/../lib/gcc/arm-none-eabi/11.2.1/thumb/v7e-m/nofp\libc_nano.a(lib_a-reent.o)
                0x200002c4                errno
 *(COMMON)
                0x200002c8                . = ALIGN (0x4)
                0x200002c8                _ebss = .
                0x200002c8                __bss_end__ = _ebss
                0x200002c8                . = ALIGN (0x4)
                0x200002c8                end = .
                0x200002c8                __end__ = .
OUTPUT(out/bin/sbr.elf elf32-littlearm)
LOAD linker stubs

.ARM.attributes
                0x00000000       0x2a
 .ARM.attributes
                0x00000000       0x1e c:/program files (x86)/arm gnu toolchain arm-none-eabi/11.2 2022.02/bin/../lib/gcc/arm-none-eabi/11.2.1/thumb/v7e-m/nofp/crti.o
 .ARM.attributes
                0x0000001e       0x2e c:/program files (x86)/arm gnu toolchain arm-none-eabi/11.2 2022.02/bin/../lib/gcc/arm-none-eabi/11.2.1/thumb/v7e-m/nofp/crtbegin.o
 .ARM.attributes
                0x0000004c       0x1c c:/program files (x86)/arm gnu toolchain arm-none-eabi/11.2 2022.02/bin/../lib/gcc/arm-none-eabi/11.2.1/thumb/v7e-m/nofp/crt0.o
 .ARM.attributes
                0x00000068       0x2e out/Obj/led.o
 .ARM.attributes
                0x00000096       0x2e out/Obj/syscalls.o
 .ARM.attributes
                0x000000c4       0x2e out/Obj/sw_init.o
 .ARM.attributes
                0x000000f2       0x2e out/Obj/cortex.o
 .ARM.attributes
                0x00000120       0x2e out/Obj/platform.o
 .ARM.attributes
                0x0000014e       0x2e out/Obj/task_scheduler.o
 .ARM.attributes
                0x0000017c       0x2e out/Obj/imu.o
 .ARM.attributes
                0x000001aa       0x2e out/Obj/i2c.o
 .ARM.attributes
                0x000001d8       0x2e out/Obj/rotary_encoder.o
 .ARM.attributes
                0x00000206       0x2e out/Obj/pwm.o
 .ARM.attributes
                0x00000234       0x2e out/Obj/timer.o
 .ARM.attributes
                0x00000262       0x2e out/Obj/gpio.o
 .ARM.attributes
                0x00000290       0x2e out/Obj/stm32_startup.o
 .ARM.attributes
                0x000002be       0x2e out/Obj/main.o
 .ARM.attributes
                0x000002ec       0x1e c:/program files (x86)/arm gnu toolchain arm-none-eabi/11.2 2022.02/bin/../lib/gcc/arm-none-eabi/11.2.1/thumb/v7e-m/nofp\libgcc.a(_arm_mulsf3.o)
 .ARM.attributes
                0x0000030a       0x1e c:/program files (x86)/arm gnu toolchain arm-none-eabi/11.2 2022.02/bin/../lib/gcc/arm-none-eabi/11.2.1/thumb/v7e-m/nofp\libgcc.a(_arm_addsubsf3.o)
 .ARM.attributes
                0x00000328       0x1e c:/program files (x86)/arm gnu toolchain arm-none-eabi/11.2 2022.02/bin/../lib/gcc/arm-none-eabi/11.2.1/thumb/v7e-m/nofp\libgcc.a(_arm_muldivsf3.o)
 .ARM.attributes
                0x00000346       0x1e c:/program files (x86)/arm gnu toolchain arm-none-eabi/11.2 2022.02/bin/../lib/gcc/arm-none-eabi/11.2.1/thumb/v7e-m/nofp\libgcc.a(_arm_cmpsf2.o)
 .ARM.attributes
                0x00000364       0x1e c:/program files (x86)/arm gnu toolchain arm-none-eabi/11.2 2022.02/bin/../lib/gcc/arm-none-eabi/11.2.1/thumb/v7e-m/nofp\libgcc.a(_arm_fixunssfsi.o)
 .ARM.attributes
                0x00000382       0x2e c:/program files (x86)/arm gnu toolchain arm-none-eabi/11.2 2022.02/bin/../lib/gcc/arm-none-eabi/11.2.1/thumb/v7e-m/nofp\libc_nano.a(lib_a-errno.o)
 .ARM.attributes
                0x000003b0       0x2e c:/program files (x86)/arm gnu toolchain arm-none-eabi/11.2 2022.02/bin/../lib/gcc/arm-none-eabi/11.2.1/thumb/v7e-m/nofp\libc_nano.a(lib_a-exit.o)
 .ARM.attributes
                0x000003de       0x2e c:/program files (x86)/arm gnu toolchain arm-none-eabi/11.2 2022.02/bin/../lib/gcc/arm-none-eabi/11.2.1/thumb/v7e-m/nofp\libc_nano.a(lib_a-impure.o)
 .ARM.attributes
                0x0000040c       0x2e c:/program files (x86)/arm gnu toolchain arm-none-eabi/11.2 2022.02/bin/../lib/gcc/arm-none-eabi/11.2.1/thumb/v7e-m/nofp\libc_nano.a(lib_a-init.o)
 .ARM.attributes
                0x0000043a       0x2e c:/program files (x86)/arm gnu toolchain arm-none-eabi/11.2 2022.02/bin/../lib/gcc/arm-none-eabi/11.2.1/thumb/v7e-m/nofp\libc_nano.a(lib_a-malloc.o)
 .ARM.attributes
                0x00000468       0x2e c:/program files (x86)/arm gnu toolchain arm-none-eabi/11.2 2022.02/bin/../lib/gcc/arm-none-eabi/11.2.1/thumb/v7e-m/nofp\libc_nano.a(lib_a-memcmp.o)
 .ARM.attributes
                0x00000496       0x2e c:/program files (x86)/arm gnu toolchain arm-none-eabi/11.2 2022.02/bin/../lib/gcc/arm-none-eabi/11.2.1/thumb/v7e-m/nofp\libc_nano.a(lib_a-memset.o)
 .ARM.attributes
                0x000004c4       0x2e c:/program files (x86)/arm gnu toolchain arm-none-eabi/11.2 2022.02/bin/../lib/gcc/arm-none-eabi/11.2.1/thumb/v7e-m/nofp\libc_nano.a(lib_a-nano-freer.o)
 .ARM.attributes
                0x000004f2       0x2e c:/program files (x86)/arm gnu toolchain arm-none-eabi/11.2 2022.02/bin/../lib/gcc/arm-none-eabi/11.2.1/thumb/v7e-m/nofp\libc_nano.a(lib_a-nano-mallocr.o)
 .ARM.attributes
                0x00000520       0x2e c:/program files (x86)/arm gnu toolchain arm-none-eabi/11.2 2022.02/bin/../lib/gcc/arm-none-eabi/11.2.1/thumb/v7e-m/nofp\libc_nano.a(lib_a-puts.o)
 .ARM.attributes
                0x0000054e       0x2e c:/program files (x86)/arm gnu toolchain arm-none-eabi/11.2 2022.02/bin/../lib/gcc/arm-none-eabi/11.2.1/thumb/v7e-m/nofp\libc_nano.a(lib_a-sbrkr.o)
 .ARM.attributes
                0x0000057c       0x2e c:/program files (x86)/arm gnu toolchain arm-none-eabi/11.2 2022.02/bin/../lib/gcc/arm-none-eabi/11.2.1/thumb/v7e-m/nofp\libc_nano.a(lib_a-wbuf.o)
 .ARM.attributes
                0x000005aa       0x2e c:/program files (x86)/arm gnu toolchain arm-none-eabi/11.2 2022.02/bin/../lib/gcc/arm-none-eabi/11.2.1/thumb/v7e-m/nofp\libc_nano.a(lib_a-wsetup.o)
 .ARM.attributes
                0x000005d8       0x2e c:/program files (x86)/arm gnu toolchain arm-none-eabi/11.2 2022.02/bin/../lib/gcc/arm-none-eabi/11.2.1/thumb/v7e-m/nofp\libc_nano.a(lib_a-fflush.o)
 .ARM.attributes
                0x00000606       0x2e c:/program files (x86)/arm gnu toolchain arm-none-eabi/11.2 2022.02/bin/../lib/gcc/arm-none-eabi/11.2.1/thumb/v7e-m/nofp\libc_nano.a(lib_a-findfp.o)
 .ARM.attributes
                0x00000634       0x2e c:/program files (x86)/arm gnu toolchain arm-none-eabi/11.2 2022.02/bin/../lib/gcc/arm-none-eabi/11.2.1/thumb/v7e-m/nofp\libc_nano.a(lib_a-fwalk.o)
 .ARM.attributes
                0x00000662       0x2e c:/program files (x86)/arm gnu toolchain arm-none-eabi/11.2 2022.02/bin/../lib/gcc/arm-none-eabi/11.2.1/thumb/v7e-m/nofp\libc_nano.a(lib_a-makebuf.o)
 .ARM.attributes
                0x00000690       0x2e c:/program files (x86)/arm gnu toolchain arm-none-eabi/11.2 2022.02/bin/../lib/gcc/arm-none-eabi/11.2.1/thumb/v7e-m/nofp\libc_nano.a(lib_a-mlock.o)
 .ARM.attributes
                0x000006be       0x2e c:/program files (x86)/arm gnu toolchain arm-none-eabi/11.2 2022.02/bin/../lib/gcc/arm-none-eabi/11.2.1/thumb/v7e-m/nofp\libc_nano.a(lib_a-reent.o)
 .ARM.attributes
                0x000006ec       0x2e c:/program files (x86)/arm gnu toolchain arm-none-eabi/11.2 2022.02/bin/../lib/gcc/arm-none-eabi/11.2.1/thumb/v7e-m/nofp\libc_nano.a(lib_a-stdio.o)
 .ARM.attributes
                0x0000071a       0x2e c:/program files (x86)/arm gnu toolchain arm-none-eabi/11.2 2022.02/bin/../lib/gcc/arm-none-eabi/11.2.1/thumb/v7e-m/nofp\libc_nano.a(lib_a-writer.o)
 .ARM.attributes
                0x00000748       0x2e c:/program files (x86)/arm gnu toolchain arm-none-eabi/11.2 2022.02/bin/../lib/gcc/arm-none-eabi/11.2.1/thumb/v7e-m/nofp\libc_nano.a(lib_a-closer.o)
 .ARM.attributes
                0x00000776       0x2e c:/program files (x86)/arm gnu toolchain arm-none-eabi/11.2 2022.02/bin/../lib/gcc/arm-none-eabi/11.2.1/thumb/v7e-m/nofp\libc_nano.a(lib_a-fstatr.o)
 .ARM.attributes
                0x000007a4       0x2e c:/program files (x86)/arm gnu toolchain arm-none-eabi/11.2 2022.02/bin/../lib/gcc/arm-none-eabi/11.2.1/thumb/v7e-m/nofp\libc_nano.a(lib_a-isattyr.o)
 .ARM.attributes
                0x000007d2       0x2e c:/program files (x86)/arm gnu toolchain arm-none-eabi/11.2 2022.02/bin/../lib/gcc/arm-none-eabi/11.2.1/thumb/v7e-m/nofp\libc_nano.a(lib_a-lseekr.o)
 .ARM.attributes
                0x00000800       0x2e c:/program files (x86)/arm gnu toolchain arm-none-eabi/11.2 2022.02/bin/../lib/gcc/arm-none-eabi/11.2.1/thumb/v7e-m/nofp\libc_nano.a(lib_a-readr.o)
 .ARM.attributes
                0x0000082e       0x2e c:/program files (x86)/arm gnu toolchain arm-none-eabi/11.2 2022.02/bin/../lib/gcc/arm-none-eabi/11.2.1/thumb/v7e-m/nofp/crtend.o
 .ARM.attributes
                0x0000085c       0x1e c:/program files (x86)/arm gnu toolchain arm-none-eabi/11.2 2022.02/bin/../lib/gcc/arm-none-eabi/11.2.1/thumb/v7e-m/nofp/crtn.o

.comment        0x00000000       0x57
 .comment       0x00000000       0x57 c:/program files (x86)/arm gnu toolchain arm-none-eabi/11.2 2022.02/bin/../lib/gcc/arm-none-eabi/11.2.1/thumb/v7e-m/nofp/crtbegin.o
                                 0x58 (size before relaxing)
 .comment       0x00000057       0x58 out/Obj/led.o
 .comment       0x00000057       0x58 out/Obj/syscalls.o
 .comment       0x00000057       0x58 out/Obj/sw_init.o
 .comment       0x00000057       0x58 out/Obj/cortex.o
 .comment       0x00000057       0x58 out/Obj/platform.o
 .comment       0x00000057       0x58 out/Obj/task_scheduler.o
 .comment       0x00000057       0x58 out/Obj/imu.o
 .comment       0x00000057       0x58 out/Obj/i2c.o
 .comment       0x00000057       0x58 out/Obj/rotary_encoder.o
 .comment       0x00000057       0x58 out/Obj/pwm.o
 .comment       0x00000057       0x58 out/Obj/timer.o
 .comment       0x00000057       0x58 out/Obj/gpio.o
 .comment       0x00000057       0x58 out/Obj/stm32_startup.o
 .comment       0x00000057       0x58 out/Obj/main.o
 .comment       0x00000057       0x58 c:/program files (x86)/arm gnu toolchain arm-none-eabi/11.2 2022.02/bin/../lib/gcc/arm-none-eabi/11.2.1/thumb/v7e-m/nofp\libc_nano.a(lib_a-errno.o)
 .comment       0x00000057       0x58 c:/program files (x86)/arm gnu toolchain arm-none-eabi/11.2 2022.02/bin/../lib/gcc/arm-none-eabi/11.2.1/thumb/v7e-m/nofp\libc_nano.a(lib_a-exit.o)
 .comment       0x00000057       0x58 c:/program files (x86)/arm gnu toolchain arm-none-eabi/11.2 2022.02/bin/../lib/gcc/arm-none-eabi/11.2.1/thumb/v7e-m/nofp\libc_nano.a(lib_a-impure.o)
 .comment       0x00000057       0x58 c:/program files (x86)/arm gnu toolchain arm-none-eabi/11.2 2022.02/bin/../lib/gcc/arm-none-eabi/11.2.1/thumb/v7e-m/nofp\libc_nano.a(lib_a-init.o)
 .comment       0x00000057       0x58 c:/program files (x86)/arm gnu toolchain arm-none-eabi/11.2 2022.02/bin/../lib/gcc/arm-none-eabi/11.2.1/thumb/v7e-m/nofp\libc_nano.a(lib_a-malloc.o)
 .comment       0x00000057       0x58 c:/program files (x86)/arm gnu toolchain arm-none-eabi/11.2 2022.02/bin/../lib/gcc/arm-none-eabi/11.2.1/thumb/v7e-m/nofp\libc_nano.a(lib_a-memcmp.o)
 .comment       0x00000057       0x58 c:/program files (x86)/arm gnu toolchain arm-none-eabi/11.2 2022.02/bin/../lib/gcc/arm-none-eabi/11.2.1/thumb/v7e-m/nofp\libc_nano.a(lib_a-memset.o)
 .comment       0x00000057       0x58 c:/program files (x86)/arm gnu toolchain arm-none-eabi/11.2 2022.02/bin/../lib/gcc/arm-none-eabi/11.2.1/thumb/v7e-m/nofp\libc_nano.a(lib_a-nano-freer.o)
 .comment       0x00000057       0x58 c:/program files (x86)/arm gnu toolchain arm-none-eabi/11.2 2022.02/bin/../lib/gcc/arm-none-eabi/11.2.1/thumb/v7e-m/nofp\libc_nano.a(lib_a-nano-mallocr.o)
 .comment       0x00000057       0x58 c:/program files (x86)/arm gnu toolchain arm-none-eabi/11.2 2022.02/bin/../lib/gcc/arm-none-eabi/11.2.1/thumb/v7e-m/nofp\libc_nano.a(lib_a-puts.o)
 .comment       0x00000057       0x58 c:/program files (x86)/arm gnu toolchain arm-none-eabi/11.2 2022.02/bin/../lib/gcc/arm-none-eabi/11.2.1/thumb/v7e-m/nofp\libc_nano.a(lib_a-sbrkr.o)
 .comment       0x00000057       0x58 c:/program files (x86)/arm gnu toolchain arm-none-eabi/11.2 2022.02/bin/../lib/gcc/arm-none-eabi/11.2.1/thumb/v7e-m/nofp\libc_nano.a(lib_a-wbuf.o)
 .comment       0x00000057       0x58 c:/program files (x86)/arm gnu toolchain arm-none-eabi/11.2 2022.02/bin/../lib/gcc/arm-none-eabi/11.2.1/thumb/v7e-m/nofp\libc_nano.a(lib_a-wsetup.o)
 .comment       0x00000057       0x58 c:/program files (x86)/arm gnu toolchain arm-none-eabi/11.2 2022.02/bin/../lib/gcc/arm-none-eabi/11.2.1/thumb/v7e-m/nofp\libc_nano.a(lib_a-fflush.o)
 .comment       0x00000057       0x58 c:/program files (x86)/arm gnu toolchain arm-none-eabi/11.2 2022.02/bin/../lib/gcc/arm-none-eabi/11.2.1/thumb/v7e-m/nofp\libc_nano.a(lib_a-findfp.o)
 .comment       0x00000057       0x58 c:/program files (x86)/arm gnu toolchain arm-none-eabi/11.2 2022.02/bin/../lib/gcc/arm-none-eabi/11.2.1/thumb/v7e-m/nofp\libc_nano.a(lib_a-fwalk.o)
 .comment       0x00000057       0x58 c:/program files (x86)/arm gnu toolchain arm-none-eabi/11.2 2022.02/bin/../lib/gcc/arm-none-eabi/11.2.1/thumb/v7e-m/nofp\libc_nano.a(lib_a-makebuf.o)
 .comment       0x00000057       0x58 c:/program files (x86)/arm gnu toolchain arm-none-eabi/11.2 2022.02/bin/../lib/gcc/arm-none-eabi/11.2.1/thumb/v7e-m/nofp\libc_nano.a(lib_a-mlock.o)
 .comment       0x00000057       0x58 c:/program files (x86)/arm gnu toolchain arm-none-eabi/11.2 2022.02/bin/../lib/gcc/arm-none-eabi/11.2.1/thumb/v7e-m/nofp\libc_nano.a(lib_a-reent.o)
 .comment       0x00000057       0x58 c:/program files (x86)/arm gnu toolchain arm-none-eabi/11.2 2022.02/bin/../lib/gcc/arm-none-eabi/11.2.1/thumb/v7e-m/nofp\libc_nano.a(lib_a-stdio.o)
 .comment       0x00000057       0x58 c:/program files (x86)/arm gnu toolchain arm-none-eabi/11.2 2022.02/bin/../lib/gcc/arm-none-eabi/11.2.1/thumb/v7e-m/nofp\libc_nano.a(lib_a-writer.o)
 .comment       0x00000057       0x58 c:/program files (x86)/arm gnu toolchain arm-none-eabi/11.2 2022.02/bin/../lib/gcc/arm-none-eabi/11.2.1/thumb/v7e-m/nofp\libc_nano.a(lib_a-closer.o)
 .comment       0x00000057       0x58 c:/program files (x86)/arm gnu toolchain arm-none-eabi/11.2 2022.02/bin/../lib/gcc/arm-none-eabi/11.2.1/thumb/v7e-m/nofp\libc_nano.a(lib_a-fstatr.o)
 .comment       0x00000057       0x58 c:/program files (x86)/arm gnu toolchain arm-none-eabi/11.2 2022.02/bin/../lib/gcc/arm-none-eabi/11.2.1/thumb/v7e-m/nofp\libc_nano.a(lib_a-isattyr.o)
 .comment       0x00000057       0x58 c:/program files (x86)/arm gnu toolchain arm-none-eabi/11.2 2022.02/bin/../lib/gcc/arm-none-eabi/11.2.1/thumb/v7e-m/nofp\libc_nano.a(lib_a-lseekr.o)
 .comment       0x00000057       0x58 c:/program files (x86)/arm gnu toolchain arm-none-eabi/11.2 2022.02/bin/../lib/gcc/arm-none-eabi/11.2.1/thumb/v7e-m/nofp\libc_nano.a(lib_a-readr.o)
 .comment       0x00000057       0x58 c:/program files (x86)/arm gnu toolchain arm-none-eabi/11.2 2022.02/bin/../lib/gcc/arm-none-eabi/11.2.1/thumb/v7e-m/nofp/crtend.o

.debug_line     0x00000000     0x8dc6
 .debug_line    0x00000000       0x76 c:/program files (x86)/arm gnu toolchain arm-none-eabi/11.2 2022.02/bin/../lib/gcc/arm-none-eabi/11.2.1/thumb/v7e-m/nofp/crt0.o
 .debug_line    0x00000076      0x451 out/Obj/led.o
 .debug_line    0x000004c7      0x4ef out/Obj/syscalls.o
 .debug_line    0x000009b6      0x473 out/Obj/sw_init.o
 .debug_line    0x00000e29      0x386 out/Obj/cortex.o
 .debug_line    0x000011af      0x4ed out/Obj/platform.o
 .debug_line    0x0000169c      0x64a out/Obj/task_scheduler.o
 .debug_line    0x00001ce6      0x9a8 out/Obj/imu.o
 .debug_line    0x0000268e      0x86b out/Obj/i2c.o
 .debug_line    0x00002ef9      0x2ce out/Obj/rotary_encoder.o
 .debug_line    0x000031c7      0x2be out/Obj/pwm.o
 .debug_line    0x00003485      0x4b3 out/Obj/timer.o
 .debug_line    0x00003938      0x456 out/Obj/gpio.o
 .debug_line    0x00003d8e      0x2ae out/Obj/stm32_startup.o
 .debug_line    0x0000403c      0x5fc out/Obj/main.o
 .debug_line    0x00004638       0xbd c:/program files (x86)/arm gnu toolchain arm-none-eabi/11.2 2022.02/bin/../lib/gcc/arm-none-eabi/11.2.1/thumb/v7e-m/nofp\libgcc.a(_arm_mulsf3.o)
 .debug_line    0x000046f5      0x103 c:/program files (x86)/arm gnu toolchain arm-none-eabi/11.2 2022.02/bin/../lib/gcc/arm-none-eabi/11.2.1/thumb/v7e-m/nofp\libgcc.a(_arm_addsubsf3.o)
 .debug_line    0x000047f8      0x123 c:/program files (x86)/arm gnu toolchain arm-none-eabi/11.2 2022.02/bin/../lib/gcc/arm-none-eabi/11.2.1/thumb/v7e-m/nofp\libgcc.a(_arm_muldivsf3.o)
 .debug_line    0x0000491b       0x9a c:/program files (x86)/arm gnu toolchain arm-none-eabi/11.2 2022.02/bin/../lib/gcc/arm-none-eabi/11.2.1/thumb/v7e-m/nofp\libgcc.a(_arm_cmpsf2.o)
 .debug_line    0x000049b5       0x5e c:/program files (x86)/arm gnu toolchain arm-none-eabi/11.2 2022.02/bin/../lib/gcc/arm-none-eabi/11.2.1/thumb/v7e-m/nofp\libgcc.a(_arm_fixunssfsi.o)
 .debug_line    0x00004a13      0x17d c:/program files (x86)/arm gnu toolchain arm-none-eabi/11.2 2022.02/bin/../lib/gcc/arm-none-eabi/11.2.1/thumb/v7e-m/nofp\libc_nano.a(lib_a-errno.o)
 .debug_line    0x00004b90      0x201 c:/program files (x86)/arm gnu toolchain arm-none-eabi/11.2 2022.02/bin/../lib/gcc/arm-none-eabi/11.2.1/thumb/v7e-m/nofp\libc_nano.a(lib_a-exit.o)
 .debug_line    0x00004d91      0x15b c:/program files (x86)/arm gnu toolchain arm-none-eabi/11.2 2022.02/bin/../lib/gcc/arm-none-eabi/11.2.1/thumb/v7e-m/nofp\libc_nano.a(lib_a-impure.o)
 .debug_line    0x00004eec      0x17f c:/program files (x86)/arm gnu toolchain arm-none-eabi/11.2 2022.02/bin/../lib/gcc/arm-none-eabi/11.2.1/thumb/v7e-m/nofp\libc_nano.a(lib_a-init.o)
 .debug_line    0x0000506b      0x1fa c:/program files (x86)/arm gnu toolchain arm-none-eabi/11.2 2022.02/bin/../lib/gcc/arm-none-eabi/11.2.1/thumb/v7e-m/nofp\libc_nano.a(lib_a-malloc.o)
 .debug_line    0x00005265      0x195 c:/program files (x86)/arm gnu toolchain arm-none-eabi/11.2 2022.02/bin/../lib/gcc/arm-none-eabi/11.2.1/thumb/v7e-m/nofp\libc_nano.a(lib_a-memcmp.o)
 .debug_line    0x000053fa      0x176 c:/program files (x86)/arm gnu toolchain arm-none-eabi/11.2 2022.02/bin/../lib/gcc/arm-none-eabi/11.2.1/thumb/v7e-m/nofp\libc_nano.a(lib_a-memset.o)
 .debug_line    0x00005570      0x301 c:/program files (x86)/arm gnu toolchain arm-none-eabi/11.2 2022.02/bin/../lib/gcc/arm-none-eabi/11.2.1/thumb/v7e-m/nofp\libc_nano.a(lib_a-nano-freer.o)
 .debug_line    0x00005871      0x496 c:/program files (x86)/arm gnu toolchain arm-none-eabi/11.2 2022.02/bin/../lib/gcc/arm-none-eabi/11.2.1/thumb/v7e-m/nofp\libc_nano.a(lib_a-nano-mallocr.o)
 .debug_line    0x00005d07      0x372 c:/program files (x86)/arm gnu toolchain arm-none-eabi/11.2 2022.02/bin/../lib/gcc/arm-none-eabi/11.2.1/thumb/v7e-m/nofp\libc_nano.a(lib_a-puts.o)
 .debug_line    0x00006079      0x214 c:/program files (x86)/arm gnu toolchain arm-none-eabi/11.2 2022.02/bin/../lib/gcc/arm-none-eabi/11.2.1/thumb/v7e-m/nofp\libc_nano.a(lib_a-sbrkr.o)
 .debug_line    0x0000628d      0x2f7 c:/program files (x86)/arm gnu toolchain arm-none-eabi/11.2 2022.02/bin/../lib/gcc/arm-none-eabi/11.2.1/thumb/v7e-m/nofp\libc_nano.a(lib_a-wbuf.o)
 .debug_line    0x00006584      0x33b c:/program files (x86)/arm gnu toolchain arm-none-eabi/11.2 2022.02/bin/../lib/gcc/arm-none-eabi/11.2.1/thumb/v7e-m/nofp\libc_nano.a(lib_a-wsetup.o)
 .debug_line    0x000068bf      0x47e c:/program files (x86)/arm gnu toolchain arm-none-eabi/11.2 2022.02/bin/../lib/gcc/arm-none-eabi/11.2.1/thumb/v7e-m/nofp\libc_nano.a(lib_a-fflush.o)
 .debug_line    0x00006d3d      0x518 c:/program files (x86)/arm gnu toolchain arm-none-eabi/11.2 2022.02/bin/../lib/gcc/arm-none-eabi/11.2.1/thumb/v7e-m/nofp\libc_nano.a(lib_a-findfp.o)
 .debug_line    0x00007255      0x2cc c:/program files (x86)/arm gnu toolchain arm-none-eabi/11.2 2022.02/bin/../lib/gcc/arm-none-eabi/11.2.1/thumb/v7e-m/nofp\libc_nano.a(lib_a-fwalk.o)
 .debug_line    0x00007521      0x3c3 c:/program files (x86)/arm gnu toolchain arm-none-eabi/11.2 2022.02/bin/../lib/gcc/arm-none-eabi/11.2.1/thumb/v7e-m/nofp\libc_nano.a(lib_a-makebuf.o)
 .debug_line    0x000078e4      0x1d2 c:/program files (x86)/arm gnu toolchain arm-none-eabi/11.2 2022.02/bin/../lib/gcc/arm-none-eabi/11.2.1/thumb/v7e-m/nofp\libc_nano.a(lib_a-mlock.o)
 .debug_line    0x00007ab6      0x319 c:/program files (x86)/arm gnu toolchain arm-none-eabi/11.2 2022.02/bin/../lib/gcc/arm-none-eabi/11.2.1/thumb/v7e-m/nofp\libc_nano.a(lib_a-reent.o)
 .debug_line    0x00007dcf      0x2ed c:/program files (x86)/arm gnu toolchain arm-none-eabi/11.2 2022.02/bin/../lib/gcc/arm-none-eabi/11.2.1/thumb/v7e-m/nofp\libc_nano.a(lib_a-stdio.o)
 .debug_line    0x000080bc      0x213 c:/program files (x86)/arm gnu toolchain arm-none-eabi/11.2 2022.02/bin/../lib/gcc/arm-none-eabi/11.2.1/thumb/v7e-m/nofp\libc_nano.a(lib_a-writer.o)
 .debug_line    0x000082cf      0x214 c:/program files (x86)/arm gnu toolchain arm-none-eabi/11.2 2022.02/bin/../lib/gcc/arm-none-eabi/11.2.1/thumb/v7e-m/nofp\libc_nano.a(lib_a-closer.o)
 .debug_line    0x000084e3      0x2a9 c:/program files (x86)/arm gnu toolchain arm-none-eabi/11.2 2022.02/bin/../lib/gcc/arm-none-eabi/11.2.1/thumb/v7e-m/nofp\libc_nano.a(lib_a-fstatr.o)
 .debug_line    0x0000878c      0x215 c:/program files (x86)/arm gnu toolchain arm-none-eabi/11.2 2022.02/bin/../lib/gcc/arm-none-eabi/11.2.1/thumb/v7e-m/nofp\libc_nano.a(lib_a-isattyr.o)
 .debug_line    0x000089a1      0x213 c:/program files (x86)/arm gnu toolchain arm-none-eabi/11.2 2022.02/bin/../lib/gcc/arm-none-eabi/11.2.1/thumb/v7e-m/nofp\libc_nano.a(lib_a-lseekr.o)
 .debug_line    0x00008bb4      0x212 c:/program files (x86)/arm gnu toolchain arm-none-eabi/11.2 2022.02/bin/../lib/gcc/arm-none-eabi/11.2.1/thumb/v7e-m/nofp\libc_nano.a(lib_a-readr.o)

.debug_line_str
                0x00000000       0xa7
 .debug_line_str
                0x00000000       0x53 c:/program files (x86)/arm gnu toolchain arm-none-eabi/11.2 2022.02/bin/../lib/gcc/arm-none-eabi/11.2.1/thumb/v7e-m/nofp/crt0.o
                                 0xa6 (size before relaxing)
 .debug_line_str
                0x00000053       0x54 c:/program files (x86)/arm gnu toolchain arm-none-eabi/11.2 2022.02/bin/../lib/gcc/arm-none-eabi/11.2.1/thumb/v7e-m/nofp\libgcc.a(_arm_mulsf3.o)
                                 0xa8 (size before relaxing)
 .debug_line_str
                0x000000a7       0xa8 c:/program files (x86)/arm gnu toolchain arm-none-eabi/11.2 2022.02/bin/../lib/gcc/arm-none-eabi/11.2.1/thumb/v7e-m/nofp\libgcc.a(_arm_addsubsf3.o)
 .debug_line_str
                0x000000a7       0xa8 c:/program files (x86)/arm gnu toolchain arm-none-eabi/11.2 2022.02/bin/../lib/gcc/arm-none-eabi/11.2.1/thumb/v7e-m/nofp\libgcc.a(_arm_muldivsf3.o)
 .debug_line_str
                0x000000a7       0xa8 c:/program files (x86)/arm gnu toolchain arm-none-eabi/11.2 2022.02/bin/../lib/gcc/arm-none-eabi/11.2.1/thumb/v7e-m/nofp\libgcc.a(_arm_cmpsf2.o)
 .debug_line_str
                0x000000a7       0xa8 c:/program files (x86)/arm gnu toolchain arm-none-eabi/11.2 2022.02/bin/../lib/gcc/arm-none-eabi/11.2.1/thumb/v7e-m/nofp\libgcc.a(_arm_fixunssfsi.o)

.debug_info     0x00000000    0x12d84
 .debug_info    0x00000000       0x24 c:/program files (x86)/arm gnu toolchain arm-none-eabi/11.2 2022.02/bin/../lib/gcc/arm-none-eabi/11.2.1/thumb/v7e-m/nofp/crt0.o
 .debug_info    0x00000024      0x1d5 out/Obj/led.o
 .debug_info    0x000001f9      0x715 out/Obj/syscalls.o
 .debug_info    0x0000090e      0x79c out/Obj/sw_init.o
 .debug_info    0x000010aa      0x35d out/Obj/cortex.o
 .debug_info    0x00001407      0x41e out/Obj/platform.o
 .debug_info    0x00001825      0x3ce out/Obj/task_scheduler.o
 .debug_info    0x00001bf3     0x14be out/Obj/imu.o
 .debug_info    0x000030b1      0x9dd out/Obj/i2c.o
 .debug_info    0x00003a8e      0x2b4 out/Obj/rotary_encoder.o
 .debug_info    0x00003d42      0x609 out/Obj/pwm.o
 .debug_info    0x0000434b      0x507 out/Obj/timer.o
 .debug_info    0x00004852      0x3dc out/Obj/gpio.o
 .debug_info    0x00004c2e      0x18d out/Obj/stm32_startup.o
 .debug_info    0x00004dbb      0xd03 out/Obj/main.o
 .debug_info    0x00005abe       0x25 c:/program files (x86)/arm gnu toolchain arm-none-eabi/11.2 2022.02/bin/../lib/gcc/arm-none-eabi/11.2.1/thumb/v7e-m/nofp\libgcc.a(_arm_mulsf3.o)
 .debug_info    0x00005ae3       0x25 c:/program files (x86)/arm gnu toolchain arm-none-eabi/11.2 2022.02/bin/../lib/gcc/arm-none-eabi/11.2.1/thumb/v7e-m/nofp\libgcc.a(_arm_addsubsf3.o)
 .debug_info    0x00005b08       0x25 c:/program files (x86)/arm gnu toolchain arm-none-eabi/11.2 2022.02/bin/../lib/gcc/arm-none-eabi/11.2.1/thumb/v7e-m/nofp\libgcc.a(_arm_muldivsf3.o)
 .debug_info    0x00005b2d       0x25 c:/program files (x86)/arm gnu toolchain arm-none-eabi/11.2 2022.02/bin/../lib/gcc/arm-none-eabi/11.2.1/thumb/v7e-m/nofp\libgcc.a(_arm_cmpsf2.o)
 .debug_info    0x00005b52       0x24 c:/program files (x86)/arm gnu toolchain arm-none-eabi/11.2 2022.02/bin/../lib/gcc/arm-none-eabi/11.2.1/thumb/v7e-m/nofp\libgcc.a(_arm_fixunssfsi.o)
 .debug_info    0x00005b76      0x751 c:/program files (x86)/arm gnu toolchain arm-none-eabi/11.2 2022.02/bin/../lib/gcc/arm-none-eabi/11.2.1/thumb/v7e-m/nofp\libc_nano.a(lib_a-errno.o)
 .debug_info    0x000062c7      0x7cb c:/program files (x86)/arm gnu toolchain arm-none-eabi/11.2 2022.02/bin/../lib/gcc/arm-none-eabi/11.2.1/thumb/v7e-m/nofp\libc_nano.a(lib_a-exit.o)
 .debug_info    0x00006a92      0x7fc c:/program files (x86)/arm gnu toolchain arm-none-eabi/11.2 2022.02/bin/../lib/gcc/arm-none-eabi/11.2.1/thumb/v7e-m/nofp\libc_nano.a(lib_a-impure.o)
 .debug_info    0x0000728e      0x10b c:/program files (x86)/arm gnu toolchain arm-none-eabi/11.2 2022.02/bin/../lib/gcc/arm-none-eabi/11.2.1/thumb/v7e-m/nofp\libc_nano.a(lib_a-init.o)
 .debug_info    0x00007399      0x7ea c:/program files (x86)/arm gnu toolchain arm-none-eabi/11.2 2022.02/bin/../lib/gcc/arm-none-eabi/11.2.1/thumb/v7e-m/nofp\libc_nano.a(lib_a-malloc.o)
 .debug_info    0x00007b83      0x104 c:/program files (x86)/arm gnu toolchain arm-none-eabi/11.2 2022.02/bin/../lib/gcc/arm-none-eabi/11.2.1/thumb/v7e-m/nofp\libc_nano.a(lib_a-memcmp.o)
 .debug_info    0x00007c87       0xe0 c:/program files (x86)/arm gnu toolchain arm-none-eabi/11.2 2022.02/bin/../lib/gcc/arm-none-eabi/11.2.1/thumb/v7e-m/nofp\libc_nano.a(lib_a-memset.o)
 .debug_info    0x00007d67      0x8a1 c:/program files (x86)/arm gnu toolchain arm-none-eabi/11.2 2022.02/bin/../lib/gcc/arm-none-eabi/11.2.1/thumb/v7e-m/nofp\libc_nano.a(lib_a-nano-freer.o)
 .debug_info    0x00008608      0xa12 c:/program files (x86)/arm gnu toolchain arm-none-eabi/11.2 2022.02/bin/../lib/gcc/arm-none-eabi/11.2.1/thumb/v7e-m/nofp\libc_nano.a(lib_a-nano-mallocr.o)
 .debug_info    0x0000901a      0xa0f c:/program files (x86)/arm gnu toolchain arm-none-eabi/11.2 2022.02/bin/../lib/gcc/arm-none-eabi/11.2.1/thumb/v7e-m/nofp\libc_nano.a(lib_a-puts.o)
 .debug_info    0x00009a29      0x7d2 c:/program files (x86)/arm gnu toolchain arm-none-eabi/11.2 2022.02/bin/../lib/gcc/arm-none-eabi/11.2.1/thumb/v7e-m/nofp\libc_nano.a(lib_a-sbrkr.o)
 .debug_info    0x0000a1fb      0x953 c:/program files (x86)/arm gnu toolchain arm-none-eabi/11.2 2022.02/bin/../lib/gcc/arm-none-eabi/11.2.1/thumb/v7e-m/nofp\libc_nano.a(lib_a-wbuf.o)
 .debug_info    0x0000ab4e      0x8af c:/program files (x86)/arm gnu toolchain arm-none-eabi/11.2 2022.02/bin/../lib/gcc/arm-none-eabi/11.2.1/thumb/v7e-m/nofp\libc_nano.a(lib_a-wsetup.o)
 .debug_info    0x0000b3fd      0xa4b c:/program files (x86)/arm gnu toolchain arm-none-eabi/11.2 2022.02/bin/../lib/gcc/arm-none-eabi/11.2.1/thumb/v7e-m/nofp\libc_nano.a(lib_a-fflush.o)
 .debug_info    0x0000be48      0xebd c:/program files (x86)/arm gnu toolchain arm-none-eabi/11.2 2022.02/bin/../lib/gcc/arm-none-eabi/11.2.1/thumb/v7e-m/nofp\libc_nano.a(lib_a-findfp.o)
 .debug_info    0x0000cd05      0x88f c:/program files (x86)/arm gnu toolchain arm-none-eabi/11.2 2022.02/bin/../lib/gcc/arm-none-eabi/11.2.1/thumb/v7e-m/nofp\libc_nano.a(lib_a-fwalk.o)
 .debug_info    0x0000d594      0xb81 c:/program files (x86)/arm gnu toolchain arm-none-eabi/11.2 2022.02/bin/../lib/gcc/arm-none-eabi/11.2.1/thumb/v7e-m/nofp\libc_nano.a(lib_a-makebuf.o)
 .debug_info    0x0000e115      0x77c c:/program files (x86)/arm gnu toolchain arm-none-eabi/11.2 2022.02/bin/../lib/gcc/arm-none-eabi/11.2.1/thumb/v7e-m/nofp\libc_nano.a(lib_a-mlock.o)
 .debug_info    0x0000e891      0x92c c:/program files (x86)/arm gnu toolchain arm-none-eabi/11.2 2022.02/bin/../lib/gcc/arm-none-eabi/11.2.1/thumb/v7e-m/nofp\libc_nano.a(lib_a-reent.o)
 .debug_info    0x0000f1bd      0xaaa c:/program files (x86)/arm gnu toolchain arm-none-eabi/11.2 2022.02/bin/../lib/gcc/arm-none-eabi/11.2.1/thumb/v7e-m/nofp\libc_nano.a(lib_a-stdio.o)
 .debug_info    0x0000fc67      0x809 c:/program files (x86)/arm gnu toolchain arm-none-eabi/11.2 2022.02/bin/../lib/gcc/arm-none-eabi/11.2.1/thumb/v7e-m/nofp\libc_nano.a(lib_a-writer.o)
 .debug_info    0x00010470      0x7ad c:/program files (x86)/arm gnu toolchain arm-none-eabi/11.2 2022.02/bin/../lib/gcc/arm-none-eabi/11.2.1/thumb/v7e-m/nofp\libc_nano.a(lib_a-closer.o)
 .debug_info    0x00010c1d      0x9cb c:/program files (x86)/arm gnu toolchain arm-none-eabi/11.2 2022.02/bin/../lib/gcc/arm-none-eabi/11.2.1/thumb/v7e-m/nofp\libc_nano.a(lib_a-fstatr.o)
 .debug_info    0x000115e8      0x7ad c:/program files (x86)/arm gnu toolchain arm-none-eabi/11.2 2022.02/bin/../lib/gcc/arm-none-eabi/11.2.1/thumb/v7e-m/nofp\libc_nano.a(lib_a-isattyr.o)
 .debug_info    0x00011d95      0x7ec c:/program files (x86)/arm gnu toolchain arm-none-eabi/11.2 2022.02/bin/../lib/gcc/arm-none-eabi/11.2.1/thumb/v7e-m/nofp\libc_nano.a(lib_a-lseekr.o)
 .debug_info    0x00012581      0x803 c:/program files (x86)/arm gnu toolchain arm-none-eabi/11.2 2022.02/bin/../lib/gcc/arm-none-eabi/11.2.1/thumb/v7e-m/nofp\libc_nano.a(lib_a-readr.o)

.debug_abbrev   0x00000000     0x44e9
 .debug_abbrev  0x00000000       0x14 c:/program files (x86)/arm gnu toolchain arm-none-eabi/11.2 2022.02/bin/../lib/gcc/arm-none-eabi/11.2.1/thumb/v7e-m/nofp/crt0.o
 .debug_abbrev  0x00000014       0xe3 out/Obj/led.o
 .debug_abbrev  0x000000f7      0x1ca out/Obj/syscalls.o
 .debug_abbrev  0x000002c1      0x130 out/Obj/sw_init.o
 .debug_abbrev  0x000003f1      0x176 out/Obj/cortex.o
 .debug_abbrev  0x00000567      0x113 out/Obj/platform.o
 .debug_abbrev  0x0000067a      0x199 out/Obj/task_scheduler.o
 .debug_abbrev  0x00000813      0x25c out/Obj/imu.o
 .debug_abbrev  0x00000a6f      0x1bf out/Obj/i2c.o
 .debug_abbrev  0x00000c2e      0x11c out/Obj/rotary_encoder.o
 .debug_abbrev  0x00000d4a      0x164 out/Obj/pwm.o
 .debug_abbrev  0x00000eae      0x118 out/Obj/timer.o
 .debug_abbrev  0x00000fc6      0x11b out/Obj/gpio.o
 .debug_abbrev  0x000010e1      0x114 out/Obj/stm32_startup.o
 .debug_abbrev  0x000011f5      0x250 out/Obj/main.o
 .debug_abbrev  0x00001445       0x14 c:/program files (x86)/arm gnu toolchain arm-none-eabi/11.2 2022.02/bin/../lib/gcc/arm-none-eabi/11.2.1/thumb/v7e-m/nofp\libgcc.a(_arm_mulsf3.o)
 .debug_abbrev  0x00001459       0x14 c:/program files (x86)/arm gnu toolchain arm-none-eabi/11.2 2022.02/bin/../lib/gcc/arm-none-eabi/11.2.1/thumb/v7e-m/nofp\libgcc.a(_arm_addsubsf3.o)
 .debug_abbrev  0x0000146d       0x14 c:/program files (x86)/arm gnu toolchain arm-none-eabi/11.2 2022.02/bin/../lib/gcc/arm-none-eabi/11.2.1/thumb/v7e-m/nofp\libgcc.a(_arm_muldivsf3.o)
 .debug_abbrev  0x00001481       0x14 c:/program files (x86)/arm gnu toolchain arm-none-eabi/11.2 2022.02/bin/../lib/gcc/arm-none-eabi/11.2.1/thumb/v7e-m/nofp\libgcc.a(_arm_cmpsf2.o)
 .debug_abbrev  0x00001495       0x14 c:/program files (x86)/arm gnu toolchain arm-none-eabi/11.2 2022.02/bin/../lib/gcc/arm-none-eabi/11.2.1/thumb/v7e-m/nofp\libgcc.a(_arm_fixunssfsi.o)
 .debug_abbrev  0x000014a9      0x15e c:/program files (x86)/arm gnu toolchain arm-none-eabi/11.2 2022.02/bin/../lib/gcc/arm-none-eabi/11.2.1/thumb/v7e-m/nofp\libc_nano.a(lib_a-errno.o)
 .debug_abbrev  0x00001607      0x1d2 c:/program files (x86)/arm gnu toolchain arm-none-eabi/11.2 2022.02/bin/../lib/gcc/arm-none-eabi/11.2.1/thumb/v7e-m/nofp\libc_nano.a(lib_a-exit.o)
 .debug_abbrev  0x000017d9      0x15a c:/program files (x86)/arm gnu toolchain arm-none-eabi/11.2 2022.02/bin/../lib/gcc/arm-none-eabi/11.2.1/thumb/v7e-m/nofp\libc_nano.a(lib_a-impure.o)
 .debug_abbrev  0x00001933       0xc9 c:/program files (x86)/arm gnu toolchain arm-none-eabi/11.2 2022.02/bin/../lib/gcc/arm-none-eabi/11.2.1/thumb/v7e-m/nofp\libc_nano.a(lib_a-init.o)
 .debug_abbrev  0x000019fc      0x1cf c:/program files (x86)/arm gnu toolchain arm-none-eabi/11.2 2022.02/bin/../lib/gcc/arm-none-eabi/11.2.1/thumb/v7e-m/nofp\libc_nano.a(lib_a-malloc.o)
 .debug_abbrev  0x00001bcb       0x90 c:/program files (x86)/arm gnu toolchain arm-none-eabi/11.2 2022.02/bin/../lib/gcc/arm-none-eabi/11.2.1/thumb/v7e-m/nofp\libc_nano.a(lib_a-memcmp.o)
 .debug_abbrev  0x00001c5b       0x9e c:/program files (x86)/arm gnu toolchain arm-none-eabi/11.2 2022.02/bin/../lib/gcc/arm-none-eabi/11.2.1/thumb/v7e-m/nofp\libc_nano.a(lib_a-memset.o)
 .debug_abbrev  0x00001cf9      0x236 c:/program files (x86)/arm gnu toolchain arm-none-eabi/11.2 2022.02/bin/../lib/gcc/arm-none-eabi/11.2.1/thumb/v7e-m/nofp\libc_nano.a(lib_a-nano-freer.o)
 .debug_abbrev  0x00001f2f      0x24a c:/program files (x86)/arm gnu toolchain arm-none-eabi/11.2 2022.02/bin/../lib/gcc/arm-none-eabi/11.2.1/thumb/v7e-m/nofp\libc_nano.a(lib_a-nano-mallocr.o)
 .debug_abbrev  0x00002179      0x29f c:/program files (x86)/arm gnu toolchain arm-none-eabi/11.2 2022.02/bin/../lib/gcc/arm-none-eabi/11.2.1/thumb/v7e-m/nofp\libc_nano.a(lib_a-puts.o)
 .debug_abbrev  0x00002418      0x1da c:/program files (x86)/arm gnu toolchain arm-none-eabi/11.2 2022.02/bin/../lib/gcc/arm-none-eabi/11.2.1/thumb/v7e-m/nofp\libc_nano.a(lib_a-sbrkr.o)
 .debug_abbrev  0x000025f2      0x22e c:/program files (x86)/arm gnu toolchain arm-none-eabi/11.2 2022.02/bin/../lib/gcc/arm-none-eabi/11.2.1/thumb/v7e-m/nofp\libc_nano.a(lib_a-wbuf.o)
 .debug_abbrev  0x00002820      0x1d9 c:/program files (x86)/arm gnu toolchain arm-none-eabi/11.2 2022.02/bin/../lib/gcc/arm-none-eabi/11.2.1/thumb/v7e-m/nofp\libc_nano.a(lib_a-wsetup.o)
 .debug_abbrev  0x000029f9      0x2af c:/program files (x86)/arm gnu toolchain arm-none-eabi/11.2 2022.02/bin/../lib/gcc/arm-none-eabi/11.2.1/thumb/v7e-m/nofp\libc_nano.a(lib_a-fflush.o)
 .debug_abbrev  0x00002ca8      0x3cd c:/program files (x86)/arm gnu toolchain arm-none-eabi/11.2 2022.02/bin/../lib/gcc/arm-none-eabi/11.2.1/thumb/v7e-m/nofp\libc_nano.a(lib_a-findfp.o)
 .debug_abbrev  0x00003075      0x19f c:/program files (x86)/arm gnu toolchain arm-none-eabi/11.2 2022.02/bin/../lib/gcc/arm-none-eabi/11.2.1/thumb/v7e-m/nofp\libc_nano.a(lib_a-fwalk.o)